******************************************************************************
                  TI ARM Linker PC v5.2.4                      
******************************************************************************
>> Linked Mon Jun 13 16:07:01 2016

OUTPUT FILE NAME:   <FreqMeasure_MSP432.out>
ENTRY POINT SYMBOL: "_c_int00"  address: 00000999


MEMORY CONFIGURATION

         name            origin    length      used     unused   attr    fill
----------------------  --------  ---------  --------  --------  ----  --------
  MAIN                  00000000   00040000  00000b00  0003f500  R  X
  INFO                  00200000   00004000  00000000  00004000  R  X
  SRAM_CODE             01000000   00010000  00000000  00010000  RW X
  SRAM_DATA             20000000   00010000  00000238  0000fdc8  RW  


SEGMENT ALLOCATION MAP

run origin  load origin   length   init length attrs members
----------  ----------- ---------- ----------- ----- -------
00000000    00000000    00000b00   00000b00    r-x
  00000000    00000000    00000144   00000144    r-- .intvecs
  00000144    00000144    00000984   00000984    r-x .text
  00000ac8    00000ac8    00000038   00000038    r-- .cinit
20000000    20000000    00000038   00000000    rw-
  20000000    20000000    00000028   00000000    rw- .data
  20000028    20000028    00000010   00000000    rw- .bss
2000fe00    2000fe00    00000200   00000000    rw-
  2000fe00    2000fe00    00000200   00000000    rw- .stack


SECTION ALLOCATION MAP

 output                                  attributes/
section   page    origin      length       input sections
--------  ----  ----------  ----------   ----------------
.intvecs   0    00000000    00000144     
                  00000000    00000144     msp432_startup_ccs.obj (.intvecs)

.text      0    00000144    00000984     
                  00000144    00000330     ClockSystem.obj (.text)
                  00000474    0000016c     FreqMeasureTestMain.obj (.text)
                  000005e0    00000130     FreqMeasure.obj (.text)
                  00000710    0000009c     rtsv7M4_T_le_v4SPD16_eabi.lib : memcpy_t2.obj (.text)
                  000007ac    0000009a     msp432_startup_ccs.obj (.text)
                  00000846    0000007a     rtsv7M4_T_le_v4SPD16_eabi.lib : memset_t2.obj (.text)
                  000008c0    0000006c                                   : autoinit.obj (.text)
                  0000092c    0000006a                                   : copy_decompress_rle.obj (.text)
                  00000996    00000002     --HOLE-- [fill = 0]
                  00000998    00000050                                   : boot.obj (.text)
                  000009e8    0000004c                                   : cpy_tbl.obj (.text)
                  00000a34    00000044                                   : exit.obj (.text)
                  00000a78    00000018                                   : args_main.obj (.text)
                  00000a90    00000014                                   : _lock.obj (.text)
                  00000aa4    0000000e                                   : copy_decompress_none.obj (.text:decompress:none)
                  00000ab2    0000000c                                   : copy_zero_init.obj (.text:decompress:ZI)
                  00000abe    00000006                                   : copy_decompress_rle.obj (.text:decompress:rle24)
                  00000ac4    00000004                                   : pre_init.obj (.text)

.cinit     0    00000ac8    00000038     
                  00000ac8    00000012     (.cinit..data.load) [load image, compression = rle]
                  00000ada    00000002     --HOLE-- [fill = 0]
                  00000adc    0000000c     (__TI_handler_table)
                  00000ae8    00000008     (.cinit..bss.load) [load image, compression = zero_init]
                  00000af0    00000010     (__TI_cinit_table)

.data      0    20000000    00000028     UNINITIALIZED
                  20000000    00000014     ClockSystem.obj (.data)
                  20000014    00000008     rtsv7M4_T_le_v4SPD16_eabi.lib : _lock.obj (.data)
                  2000001c    00000008                                   : exit.obj (.data)
                  20000024    00000004                                   : stkdepth_vars.obj (.data)

.bss       0    20000028    00000010     UNINITIALIZED
                  20000028    00000004     (.common:Done)
                  2000002c    00000004     (.common:Freq)
                  20000030    00000004     (.common:Latest)
                  20000034    00000004     (.common:Time)

.TI.persistent 
*          0    20000000    00000000     UNINITIALIZED

.TI.noinit 
*          0    20000028    00000000     UNINITIALIZED

.stack     0    2000fe00    00000200     UNINITIALIZED
                  2000fe00    00000200     --HOLE--


LINKER GENERATED COPY TABLES

__TI_cinit_table @ 00000af0 records: 2, size/record: 8, table size: 16
	.data: load addr=00000ac8, load size=00000012 bytes, run addr=20000000, run size=00000028 bytes, compression=rle
	.bss: load addr=00000ae8, load size=00000008 bytes, run addr=20000028, run size=00000010 bytes, compression=zero_init


LINKER GENERATED HANDLER TABLE

__TI_handler_table @ 00000adc records: 3, size/record: 4, table size: 12
	index: 0, handler: __TI_decompress_rle24
	index: 1, handler: __TI_decompress_none
	index: 2, handler: __TI_zero_init


GLOBAL SYMBOLS: SORTED ALPHABETICALLY BY Name 

address   name                    
-------   ----                    
00000801  ADC14_IRQHandler        
00000809  AES256_IRQHandler       
00000a35  C$$EXIT                 
000007dd  COMP_E0_IRQHandler      
000007df  COMP_E1_IRQHandler      
20000004  CPMwait                 
000007d3  CS_IRQHandler           
00000145  Clock_Init              
0000027f  Clock_Init32kHz         
0000018f  Clock_Init48MHz         
00000371  Clock_InitLowPower      
20000010  Crystalstable           
0000080d  DMA_ERR_IRQHandler      
00000815  DMA_INT0_IRQHandler     
00000813  DMA_INT1_IRQHandler     
00000811  DMA_INT2_IRQHandler     
0000080f  DMA_INT3_IRQHandler     
000007cb  DebugMon_Handler        
00000823  DisableInterrupts       
20000028  Done                    
000007f1  EUSCIA0_IRQHandler      
000007f3  EUSCIA1_IRQHandler      
000007f5  EUSCIA2_IRQHandler      
000007f7  EUSCIA3_IRQHandler      
000007f9  EUSCIB0_IRQHandler      
000007fb  EUSCIB1_IRQHandler      
000007fd  EUSCIB2_IRQHandler      
000007ff  EUSCIB3_IRQHandler      
00000829  EnableInterrupts        
00000839  EndCritical             
000007db  FLCTL_IRQHandler        
000007d9  FPU_IRQHandler          
2000002c  Freq                    
0000068b  FreqMeasure_Get         
000005e1  FreqMeasure_Init        
2000000c  IFlags                  
20000030  Latest                  
000007d5  PCM_IRQHandler          
00000817  PORT1_IRQHandler        
00000819  PORT2_IRQHandler        
0000081b  PORT3_IRQHandler        
0000081d  PORT4_IRQHandler        
0000081f  PORT5_IRQHandler        
00000821  PORT6_IRQHandler        
000007d1  PSS_IRQHandler          
000007cd  PendSV_Handler          
20000008  Postwait                
20000000  Prewait                 
0000080b  RTC_C_IRQHandler        
UNDEFED   SHT$$INIT_ARRAY$$Base   
UNDEFED   SHT$$INIT_ARRAY$$Limit  
000007c9  SVC_Handler             
0000082f  StartCritical           
000007cf  SysTick_Handler         
00000803  T32_INT1_IRQHandler     
00000805  T32_INT2_IRQHandler     
00000807  T32_INTC_IRQHandler     
000007e1  TA0_0_IRQHandler        
000007e3  TA0_N_IRQHandler        
000006a5  TA1_0_IRQHandler        
000007e7  TA1_N_IRQHandler        
000007e9  TA2_0_IRQHandler        
000007eb  TA2_N_IRQHandler        
000007ed  TA3_0_IRQHandler        
000007ef  TA3_N_IRQHandler        
20000034  Time                    
4000480c  WDTCTL_SYM              
000007d7  WDT_A_IRQHandler        
00000841  WaitForInterrupt        
20010000  __STACK_END             
00000200  __STACK_SIZE            
00000af0  __TI_CINIT_Base         
00000b00  __TI_CINIT_Limit        
00000adc  __TI_Handler_Table_Base 
00000ae8  __TI_Handler_Table_Limit
000008c1  __TI_auto_init          
2000001c  __TI_cleanup_ptr        
00000aa5  __TI_decompress_none    
00000abf  __TI_decompress_rle24   
20000020  __TI_dtors_ptr          
00000000  __TI_static_base__      
00000ab3  __TI_zero_init          
00000847  __aeabi_memclr          
00000847  __aeabi_memclr4         
00000847  __aeabi_memclr8         
00000711  __aeabi_memcpy          
00000711  __aeabi_memcpy4         
00000711  __aeabi_memcpy8         
00000849  __aeabi_memset          
00000849  __aeabi_memset4         
00000849  __aeabi_memset8         
ffffffff  __binit__               
ffffffff  __c_args__              
2000fe00  __stack                 
00000a79  _args_main              
00000999  _c_int00                
20000014  _lock                   
00000a9f  _nop                    
00000a97  _register_lock          
00000a91  _register_unlock        
00000ac5  _system_pre_init        
20000018  _unlock                 
00000a39  abort                   
ffffffff  binit                   
00000475  boardinit               
000009e9  copy_in                 
00000a41  exit                    
00000000  interruptVectors        
00000553  main                    
20000024  main_func_sp            
00000711  memcpy                  
0000084f  memset                  
00000503  squarewave              


GLOBAL SYMBOLS: SORTED BY Symbol Address 

address   name                    
-------   ----                    
00000000  __TI_static_base__      
00000000  interruptVectors        
00000145  Clock_Init              
0000018f  Clock_Init48MHz         
00000200  __STACK_SIZE            
0000027f  Clock_Init32kHz         
00000371  Clock_InitLowPower      
00000475  boardinit               
00000503  squarewave              
00000553  main                    
000005e1  FreqMeasure_Init        
0000068b  FreqMeasure_Get         
000006a5  TA1_0_IRQHandler        
00000711  __aeabi_memcpy          
00000711  __aeabi_memcpy4         
00000711  __aeabi_memcpy8         
00000711  memcpy                  
000007c9  SVC_Handler             
000007cb  DebugMon_Handler        
000007cd  PendSV_Handler          
000007cf  SysTick_Handler         
000007d1  PSS_IRQHandler          
000007d3  CS_IRQHandler           
000007d5  PCM_IRQHandler          
000007d7  WDT_A_IRQHandler        
000007d9  FPU_IRQHandler          
000007db  FLCTL_IRQHandler        
000007dd  COMP_E0_IRQHandler      
000007df  COMP_E1_IRQHandler      
000007e1  TA0_0_IRQHandler        
000007e3  TA0_N_IRQHandler        
000007e7  TA1_N_IRQHandler        
000007e9  TA2_0_IRQHandler        
000007eb  TA2_N_IRQHandler        
000007ed  TA3_0_IRQHandler        
000007ef  TA3_N_IRQHandler        
000007f1  EUSCIA0_IRQHandler      
000007f3  EUSCIA1_IRQHandler      
000007f5  EUSCIA2_IRQHandler      
000007f7  EUSCIA3_IRQHandler      
000007f9  EUSCIB0_IRQHandler      
000007fb  EUSCIB1_IRQHandler      
000007fd  EUSCIB2_IRQHandler      
000007ff  EUSCIB3_IRQHandler      
00000801  ADC14_IRQHandler        
00000803  T32_INT1_IRQHandler     
00000805  T32_INT2_IRQHandler     
00000807  T32_INTC_IRQHandler     
00000809  AES256_IRQHandler       
0000080b  RTC_C_IRQHandler        
0000080d  DMA_ERR_IRQHandler      
0000080f  DMA_INT3_IRQHandler     
00000811  DMA_INT2_IRQHandler     
00000813  DMA_INT1_IRQHandler     
00000815  DMA_INT0_IRQHandler     
00000817  PORT1_IRQHandler        
00000819  PORT2_IRQHandler        
0000081b  PORT3_IRQHandler        
0000081d  PORT4_IRQHandler        
0000081f  PORT5_IRQHandler        
00000821  PORT6_IRQHandler        
00000823  DisableInterrupts       
00000829  EnableInterrupts        
0000082f  StartCritical           
00000839  EndCritical             
00000841  WaitForInterrupt        
00000847  __aeabi_memclr          
00000847  __aeabi_memclr4         
00000847  __aeabi_memclr8         
00000849  __aeabi_memset          
00000849  __aeabi_memset4         
00000849  __aeabi_memset8         
0000084f  memset                  
000008c1  __TI_auto_init          
00000999  _c_int00                
000009e9  copy_in                 
00000a35  C$$EXIT                 
00000a39  abort                   
00000a41  exit                    
00000a79  _args_main              
00000a91  _register_unlock        
00000a97  _register_lock          
00000a9f  _nop                    
00000aa5  __TI_decompress_none    
00000ab3  __TI_zero_init          
00000abf  __TI_decompress_rle24   
00000ac5  _system_pre_init        
00000adc  __TI_Handler_Table_Base 
00000ae8  __TI_Handler_Table_Limit
00000af0  __TI_CINIT_Base         
00000b00  __TI_CINIT_Limit        
20000000  Prewait                 
20000004  CPMwait                 
20000008  Postwait                
2000000c  IFlags                  
20000010  Crystalstable           
20000014  _lock                   
20000018  _unlock                 
2000001c  __TI_cleanup_ptr        
20000020  __TI_dtors_ptr          
20000024  main_func_sp            
20000028  Done                    
2000002c  Freq                    
20000030  Latest                  
20000034  Time                    
2000fe00  __stack                 
20010000  __STACK_END             
4000480c  WDTCTL_SYM              
ffffffff  __binit__               
ffffffff  __c_args__              
ffffffff  binit                   
UNDEFED   SHT$$INIT_ARRAY$$Base   
UNDEFED   SHT$$INIT_ARRAY$$Limit  

[113 symbols]
