******************************************************************************
                  TI ARM Linker PC v5.2.4                      
******************************************************************************
>> Linked Mon Jun 13 16:08:02 2016

OUTPUT FILE NAME:   <Nokia5110_MSP432.out>
ENTRY POINT SYMBOL: "_c_int00"  address: 00000ee1


MEMORY CONFIGURATION

         name            origin    length      used     unused   attr    fill
----------------------  --------  ---------  --------  --------  ----  --------
  MAIN                  00000000   00040000  00001620  0003e9e0  R  X
  INFO                  00200000   00004000  00000000  00004000  R  X
  SRAM_CODE             01000000   00010000  00000000  00010000  RW X
  SRAM_DATA             20000000   00010000  00000420  0000fbe0  RW  


SEGMENT ALLOCATION MAP

run origin  load origin   length   init length attrs members
----------  ----------- ---------- ----------- ----- -------
00000000    00000000    00001620   00001620    r-x
  00000000    00000000    00000144   00000144    r-- .intvecs
  00000144    00000144    00000ecc   00000ecc    r-x .text
  00001010    00001010    000005d8   000005d8    r-- .const
  000015e8    000015e8    00000038   00000038    r-- .cinit
20000000    20000000    00000220   00000000    rw-
  20000000    20000000    000001f8   00000000    rw- .bss
  200001f8    200001f8    00000028   00000000    rw- .data
2000fe00    2000fe00    00000200   00000000    rw-
  2000fe00    2000fe00    00000200   00000000    rw- .stack


SECTION ALLOCATION MAP

 output                                  attributes/
section   page    origin      length       input sections
--------  ----  ----------  ----------   ----------------
.intvecs   0    00000000    00000144     
                  00000000    00000144     msp432_startup_ccs.obj (.intvecs)

.text      0    00000144    00000ecc     
                  00000144    00000714     Nokia5110.obj (.text)
                  00000858    00000330     ClockSystem.obj (.text)
                  00000b88    000000d0     Nokia5110TestMain.obj (.text)
                  00000c58    0000009c     rtsv7M4_T_le_v4SPD16_eabi.lib : memcpy_t2.obj (.text)
                  00000cf4    0000009a     msp432_startup_ccs.obj (.text)
                  00000d8e    0000007a     rtsv7M4_T_le_v4SPD16_eabi.lib : memset_t2.obj (.text)
                  00000e08    0000006c                                   : autoinit.obj (.text)
                  00000e74    0000006a                                   : copy_decompress_rle.obj (.text)
                  00000ede    00000002     --HOLE-- [fill = 0]
                  00000ee0    00000050                                   : boot.obj (.text)
                  00000f30    0000004c                                   : cpy_tbl.obj (.text)
                  00000f7c    00000044                                   : exit.obj (.text)
                  00000fc0    00000018                                   : args_main.obj (.text)
                  00000fd8    00000014                                   : _lock.obj (.text)
                  00000fec    0000000e                                   : copy_decompress_none.obj (.text:decompress:none)
                  00000ffa    0000000c                                   : copy_zero_init.obj (.text:decompress:ZI)
                  00001006    00000006                                   : copy_decompress_rle.obj (.text:decompress:rle24)
                  0000100c    00000004                                   : pre_init.obj (.text)

.const     0    00001010    000005d8     
                  00001010    000001f8     Nokia5110TestMain.obj (.const:.string:Longhorn2)
                  00001208    000001f8     Nokia5110TestMain.obj (.const:.string:Longhorn)
                  00001400    000001e0     Nokia5110.obj (.const:ASCII)
                  000015e0    00000008     Nokia5110.obj (.const:.string)

.cinit     0    000015e8    00000038     
                  000015e8    00000012     (.cinit..data.load) [load image, compression = rle]
                  000015fa    00000002     --HOLE-- [fill = 0]
                  000015fc    0000000c     (__TI_handler_table)
                  00001608    00000008     (.cinit..bss.load) [load image, compression = zero_init]
                  00001610    00000010     (__TI_cinit_table)

.bss       0    20000000    000001f8     UNINITIALIZED
                  20000000    000001f8     Nokia5110.obj (.bss:Screen)

.data      0    200001f8    00000028     UNINITIALIZED
                  200001f8    00000014     ClockSystem.obj (.data)
                  2000020c    00000008     rtsv7M4_T_le_v4SPD16_eabi.lib : _lock.obj (.data)
                  20000214    00000008                                   : exit.obj (.data)
                  2000021c    00000004                                   : stkdepth_vars.obj (.data)

.TI.noinit 
*          0    20000000    00000000     UNINITIALIZED

.TI.persistent 
*          0    200001f8    00000000     UNINITIALIZED

.stack     0    2000fe00    00000200     UNINITIALIZED
                  2000fe00    00000200     --HOLE--


LINKER GENERATED COPY TABLES

__TI_cinit_table @ 00001610 records: 2, size/record: 8, table size: 16
	.data: load addr=000015e8, load size=00000012 bytes, run addr=200001f8, run size=00000028 bytes, compression=rle
	.bss: load addr=00001608, load size=00000008 bytes, run addr=20000000, run size=000001f8 bytes, compression=zero_init


LINKER GENERATED HANDLER TABLE

__TI_handler_table @ 000015fc records: 3, size/record: 4, table size: 12
	index: 0, handler: __TI_decompress_rle24
	index: 1, handler: __TI_decompress_none
	index: 2, handler: __TI_zero_init


GLOBAL SYMBOLS: SORTED ALPHABETICALLY BY Name 

address   name                    
-------   ----                    
00000d49  ADC14_IRQHandler        
00000d51  AES256_IRQHandler       
00000f7d  C$$EXIT                 
00000d25  COMP_E0_IRQHandler      
00000d27  COMP_E1_IRQHandler      
200001fc  CPMwait                 
00000d1b  CS_IRQHandler           
00000859  Clock_Init              
00000993  Clock_Init32kHz         
000008a3  Clock_Init48MHz         
00000a85  Clock_InitLowPower      
20000208  Crystalstable           
00000d55  DMA_ERR_IRQHandler      
00000d5d  DMA_INT0_IRQHandler     
00000d5b  DMA_INT1_IRQHandler     
00000d59  DMA_INT2_IRQHandler     
00000d57  DMA_INT3_IRQHandler     
00000d13  DebugMon_Handler        
00000b89  Delay                   
00000d6b  DisableInterrupts       
00000d39  EUSCIA0_IRQHandler      
00000d3b  EUSCIA1_IRQHandler      
00000d3d  EUSCIA2_IRQHandler      
00000d3f  EUSCIA3_IRQHandler      
00000d41  EUSCIB0_IRQHandler      
00000d43  EUSCIB1_IRQHandler      
00000d45  EUSCIB2_IRQHandler      
00000d47  EUSCIB3_IRQHandler      
00000d71  EnableInterrupts        
00000d81  EndCritical             
00000d23  FLCTL_IRQHandler        
00000d21  FPU_IRQHandler          
20000204  IFlags                  
00001208  Longhorn                
00001010  Longhorn2               
000015e0  Masks                   
00000519  Nokia5110_Clear         
00000779  Nokia5110_ClearBuffer   
000007ad  Nokia5110_ClrPxl        
000007a3  Nokia5110_DisplayBuffer 
0000054d  Nokia5110_DrawFullImage 
000001b7  Nokia5110_Init          
00000275  Nokia5110_OutChar       
000002b5  Nokia5110_OutString     
000002d9  Nokia5110_OutUDec       
00000595  Nokia5110_PrintBMP      
000004c5  Nokia5110_SetCursor     
000007d3  Nokia5110_SetPxl        
0000082d  Output_Clear            
00000845  Output_Color            
00000825  Output_Init             
00000835  Output_Off              
0000083d  Output_On               
00000d1d  PCM_IRQHandler          
00000d5f  PORT1_IRQHandler        
00000d61  PORT2_IRQHandler        
00000d63  PORT3_IRQHandler        
00000d65  PORT4_IRQHandler        
00000d67  PORT5_IRQHandler        
00000d69  PORT6_IRQHandler        
00000d19  PSS_IRQHandler          
00000d15  PendSV_Handler          
20000200  Postwait                
200001f8  Prewait                 
00000d53  RTC_C_IRQHandler        
UNDEFED   SHT$$INIT_ARRAY$$Base   
UNDEFED   SHT$$INIT_ARRAY$$Limit  
00000d11  SVC_Handler             
20000000  Screen                  
00000d77  StartCritical           
00000d17  SysTick_Handler         
00000d4b  T32_INT1_IRQHandler     
00000d4d  T32_INT2_IRQHandler     
00000d4f  T32_INTC_IRQHandler     
00000d29  TA0_0_IRQHandler        
00000d2b  TA0_N_IRQHandler        
00000d2d  TA1_0_IRQHandler        
00000d2f  TA1_N_IRQHandler        
00000d31  TA2_0_IRQHandler        
00000d33  TA2_N_IRQHandler        
00000d35  TA3_0_IRQHandler        
00000d37  TA3_N_IRQHandler        
4000480c  WDTCTL_SYM              
00000d1f  WDT_A_IRQHandler        
00000d89  WaitForInterrupt        
20010000  __STACK_END             
00000200  __STACK_SIZE            
00001610  __TI_CINIT_Base         
00001620  __TI_CINIT_Limit        
000015fc  __TI_Handler_Table_Base 
00001608  __TI_Handler_Table_Limit
00000e09  __TI_auto_init          
20000214  __TI_cleanup_ptr        
00000fed  __TI_decompress_none    
00001007  __TI_decompress_rle24   
20000218  __TI_dtors_ptr          
00000000  __TI_static_base__      
00000ffb  __TI_zero_init          
00000d8f  __aeabi_memclr          
00000d8f  __aeabi_memclr4         
00000d8f  __aeabi_memclr8         
00000c59  __aeabi_memcpy          
00000c59  __aeabi_memcpy4         
00000c59  __aeabi_memcpy8         
00000d91  __aeabi_memset          
00000d91  __aeabi_memset4         
00000d91  __aeabi_memset8         
ffffffff  __binit__               
ffffffff  __c_args__              
2000fe00  __stack                 
00000fc1  _args_main              
00000ee1  _c_int00                
2000020c  _lock                   
00000fe7  _nop                    
00000fdf  _register_lock          
00000fd9  _register_unlock        
0000100d  _system_pre_init        
20000210  _unlock                 
00000f81  abort                   
ffffffff  binit                   
00000f31  copy_in                 
00000f89  exit                    
00000817  ferror                  
0000080b  fgetc                   
000007f9  fputc                   
00000000  interruptVectors        
00000b97  main                    
2000021c  main_func_sp            
00000c59  memcpy                  
00000d97  memset                  


GLOBAL SYMBOLS: SORTED BY Symbol Address 

address   name                    
-------   ----                    
00000000  __TI_static_base__      
00000000  interruptVectors        
000001b7  Nokia5110_Init          
00000200  __STACK_SIZE            
00000275  Nokia5110_OutChar       
000002b5  Nokia5110_OutString     
000002d9  Nokia5110_OutUDec       
000004c5  Nokia5110_SetCursor     
00000519  Nokia5110_Clear         
0000054d  Nokia5110_DrawFullImage 
00000595  Nokia5110_PrintBMP      
00000779  Nokia5110_ClearBuffer   
000007a3  Nokia5110_DisplayBuffer 
000007ad  Nokia5110_ClrPxl        
000007d3  Nokia5110_SetPxl        
000007f9  fputc                   
0000080b  fgetc                   
00000817  ferror                  
00000825  Output_Init             
0000082d  Output_Clear            
00000835  Output_Off              
0000083d  Output_On               
00000845  Output_Color            
00000859  Clock_Init              
000008a3  Clock_Init48MHz         
00000993  Clock_Init32kHz         
00000a85  Clock_InitLowPower      
00000b89  Delay                   
00000b97  main                    
00000c59  __aeabi_memcpy          
00000c59  __aeabi_memcpy4         
00000c59  __aeabi_memcpy8         
00000c59  memcpy                  
00000d11  SVC_Handler             
00000d13  DebugMon_Handler        
00000d15  PendSV_Handler          
00000d17  SysTick_Handler         
00000d19  PSS_IRQHandler          
00000d1b  CS_IRQHandler           
00000d1d  PCM_IRQHandler          
00000d1f  WDT_A_IRQHandler        
00000d21  FPU_IRQHandler          
00000d23  FLCTL_IRQHandler        
00000d25  COMP_E0_IRQHandler      
00000d27  COMP_E1_IRQHandler      
00000d29  TA0_0_IRQHandler        
00000d2b  TA0_N_IRQHandler        
00000d2d  TA1_0_IRQHandler        
00000d2f  TA1_N_IRQHandler        
00000d31  TA2_0_IRQHandler        
00000d33  TA2_N_IRQHandler        
00000d35  TA3_0_IRQHandler        
00000d37  TA3_N_IRQHandler        
00000d39  EUSCIA0_IRQHandler      
00000d3b  EUSCIA1_IRQHandler      
00000d3d  EUSCIA2_IRQHandler      
00000d3f  EUSCIA3_IRQHandler      
00000d41  EUSCIB0_IRQHandler      
00000d43  EUSCIB1_IRQHandler      
00000d45  EUSCIB2_IRQHandler      
00000d47  EUSCIB3_IRQHandler      
00000d49  ADC14_IRQHandler        
00000d4b  T32_INT1_IRQHandler     
00000d4d  T32_INT2_IRQHandler     
00000d4f  T32_INTC_IRQHandler     
00000d51  AES256_IRQHandler       
00000d53  RTC_C_IRQHandler        
00000d55  DMA_ERR_IRQHandler      
00000d57  DMA_INT3_IRQHandler     
00000d59  DMA_INT2_IRQHandler     
00000d5b  DMA_INT1_IRQHandler     
00000d5d  DMA_INT0_IRQHandler     
00000d5f  PORT1_IRQHandler        
00000d61  PORT2_IRQHandler        
00000d63  PORT3_IRQHandler        
00000d65  PORT4_IRQHandler        
00000d67  PORT5_IRQHandler        
00000d69  PORT6_IRQHandler        
00000d6b  DisableInterrupts       
00000d71  EnableInterrupts        
00000d77  StartCritical           
00000d81  EndCritical             
00000d89  WaitForInterrupt        
00000d8f  __aeabi_memclr          
00000d8f  __aeabi_memclr4         
00000d8f  __aeabi_memclr8         
00000d91  __aeabi_memset          
00000d91  __aeabi_memset4         
00000d91  __aeabi_memset8         
00000d97  memset                  
00000e09  __TI_auto_init          
00000ee1  _c_int00                
00000f31  copy_in                 
00000f7d  C$$EXIT                 
00000f81  abort                   
00000f89  exit                    
00000fc1  _args_main              
00000fd9  _register_unlock        
00000fdf  _register_lock          
00000fe7  _nop                    
00000fed  __TI_decompress_none    
00000ffb  __TI_zero_init          
00001007  __TI_decompress_rle24   
0000100d  _system_pre_init        
00001010  Longhorn2               
00001208  Longhorn                
000015e0  Masks                   
000015fc  __TI_Handler_Table_Base 
00001608  __TI_Handler_Table_Limit
00001610  __TI_CINIT_Base         
00001620  __TI_CINIT_Limit        
20000000  Screen                  
200001f8  Prewait                 
200001fc  CPMwait                 
20000200  Postwait                
20000204  IFlags                  
20000208  Crystalstable           
2000020c  _lock                   
20000210  _unlock                 
20000214  __TI_cleanup_ptr        
20000218  __TI_dtors_ptr          
2000021c  main_func_sp            
2000fe00  __stack                 
20010000  __STACK_END             
4000480c  WDTCTL_SYM              
ffffffff  __binit__               
ffffffff  __c_args__              
ffffffff  binit                   
UNDEFED   SHT$$INIT_ARRAY$$Base   
UNDEFED   SHT$$INIT_ARRAY$$Limit  

[130 symbols]
