******************************************************************************
                  TI ARM Linker PC v5.2.4                      
******************************************************************************
>> Linked Mon Jun 13 16:09:02 2016

OUTPUT FILE NAME:   <Profile_MSP432.out>
ENTRY POINT SYMBOL: "_c_int00"  address: 00000939


MEMORY CONFIGURATION

         name            origin    length      used     unused   attr    fill
----------------------  --------  ---------  --------  --------  ----  --------
  MAIN                  00000000   00040000  00000aa0  0003f560  R  X
  INFO                  00200000   00004000  00000000  00004000  R  X
  SRAM_CODE             01000000   00010000  00000000  00010000  RW X
  SRAM_DATA             20000000   00010000  00000234  0000fdcc  RW  


SEGMENT ALLOCATION MAP

run origin  load origin   length   init length attrs members
----------  ----------- ---------- ----------- ----- -------
00000000    00000000    00000aa0   00000aa0    r-x
  00000000    00000000    00000144   00000144    r-- .intvecs
  00000144    00000144    00000924   00000924    r-x .text
  00000a68    00000a68    00000038   00000038    r-- .cinit
20000000    20000000    00000034   00000000    rw-
  20000000    20000000    00000028   00000000    rw- .data
  20000028    20000028    0000000c   00000000    rw- .bss
2000fe00    2000fe00    00000200   00000000    rw-
  2000fe00    2000fe00    00000200   00000000    rw- .stack


SECTION ALLOCATION MAP

 output                                  attributes/
section   page    origin      length       input sections
--------  ----  ----------  ----------   ----------------
.intvecs   0    00000000    00000144     
                  00000000    00000144     msp432_startup_ccs.obj (.intvecs)

.text      0    00000144    00000924     
                  00000144    00000330     ClockSystem.obj (.text)
                  00000474    00000118     Profile.obj (.text)
                  0000058c    000000c0     TimerA0.obj (.text)
                  0000064c    0000009c     rtsv7M4_T_le_v4SPD16_eabi.lib : memcpy_t2.obj (.text)
                  000006e8    0000009a     msp432_startup_ccs.obj (.text)
                  00000782    0000007a     rtsv7M4_T_le_v4SPD16_eabi.lib : memset_t2.obj (.text)
                  000007fc    0000006c                                   : autoinit.obj (.text)
                  00000868    0000006a                                   : copy_decompress_rle.obj (.text)
                  000008d2    00000002     --HOLE-- [fill = 0]
                  000008d4    00000064     SysTickInts.obj (.text)
                  00000938    00000050     rtsv7M4_T_le_v4SPD16_eabi.lib : boot.obj (.text)
                  00000988    0000004c                                   : cpy_tbl.obj (.text)
                  000009d4    00000044                                   : exit.obj (.text)
                  00000a18    00000018                                   : args_main.obj (.text)
                  00000a30    00000014                                   : _lock.obj (.text)
                  00000a44    0000000e                                   : copy_decompress_none.obj (.text:decompress:none)
                  00000a52    0000000c                                   : copy_zero_init.obj (.text:decompress:ZI)
                  00000a5e    00000006                                   : copy_decompress_rle.obj (.text:decompress:rle24)
                  00000a64    00000004                                   : pre_init.obj (.text)

.cinit     0    00000a68    00000038     
                  00000a68    00000012     (.cinit..data.load) [load image, compression = rle]
                  00000a7a    00000002     --HOLE-- [fill = 0]
                  00000a7c    0000000c     (__TI_handler_table)
                  00000a88    00000008     (.cinit..bss.load) [load image, compression = zero_init]
                  00000a90    00000010     (__TI_cinit_table)

.data      0    20000000    00000028     UNINITIALIZED
                  20000000    00000014     ClockSystem.obj (.data)
                  20000014    00000008     rtsv7M4_T_le_v4SPD16_eabi.lib : _lock.obj (.data)
                  2000001c    00000008                                   : exit.obj (.data)
                  20000024    00000004                                   : stkdepth_vars.obj (.data)

.bss       0    20000028    0000000c     UNINITIALIZED
                  20000028    00000004     (.common:Counts)
                  2000002c    00000004     (.common:PeriodicTask)
                  20000030    00000004     (.common:SysTickTask)

.TI.persistent 
*          0    20000000    00000000     UNINITIALIZED

.TI.noinit 
*          0    20000028    00000000     UNINITIALIZED

.stack     0    2000fe00    00000200     UNINITIALIZED
                  2000fe00    00000200     --HOLE--


LINKER GENERATED COPY TABLES

__TI_cinit_table @ 00000a90 records: 2, size/record: 8, table size: 16
	.data: load addr=00000a68, load size=00000012 bytes, run addr=20000000, run size=00000028 bytes, compression=rle
	.bss: load addr=00000a88, load size=00000008 bytes, run addr=20000028, run size=0000000c bytes, compression=zero_init


LINKER GENERATED HANDLER TABLE

__TI_handler_table @ 00000a7c records: 3, size/record: 4, table size: 12
	index: 0, handler: __TI_decompress_rle24
	index: 1, handler: __TI_decompress_none
	index: 2, handler: __TI_zero_init


GLOBAL SYMBOLS: SORTED ALPHABETICALLY BY Name 

address   name                    
-------   ----                    
0000073d  ADC14_IRQHandler        
00000745  AES256_IRQHandler       
000009d5  C$$EXIT                 
00000719  COMP_E0_IRQHandler      
0000071b  COMP_E1_IRQHandler      
20000004  CPMwait                 
0000070f  CS_IRQHandler           
00000145  Clock_Init              
0000027f  Clock_Init32kHz         
0000018f  Clock_Init48MHz         
00000371  Clock_InitLowPower      
20000028  Counts                  
20000010  Crystalstable           
00000749  DMA_ERR_IRQHandler      
00000751  DMA_INT0_IRQHandler     
0000074f  DMA_INT1_IRQHandler     
0000074d  DMA_INT2_IRQHandler     
0000074b  DMA_INT3_IRQHandler     
00000707  DebugMon_Handler        
0000075f  DisableInterrupts       
0000072d  EUSCIA0_IRQHandler      
0000072f  EUSCIA1_IRQHandler      
00000731  EUSCIA2_IRQHandler      
00000733  EUSCIA3_IRQHandler      
00000735  EUSCIB0_IRQHandler      
00000737  EUSCIB1_IRQHandler      
00000739  EUSCIB2_IRQHandler      
0000073b  EUSCIB3_IRQHandler      
00000765  EnableInterrupts        
00000775  EndCritical             
00000717  FLCTL_IRQHandler        
00000715  FPU_IRQHandler          
2000000c  IFlags                  
00000711  PCM_IRQHandler          
00000753  PORT1_IRQHandler        
00000755  PORT2_IRQHandler        
00000757  PORT3_IRQHandler        
00000759  PORT4_IRQHandler        
0000075b  PORT5_IRQHandler        
0000075d  PORT6_IRQHandler        
0000070d  PSS_IRQHandler          
00000709  PendSV_Handler          
2000002c  PeriodicTask            
20000008  Postwait                
20000000  Prewait                 
00000747  RTC_C_IRQHandler        
UNDEFED   SHT$$INIT_ARRAY$$Base   
UNDEFED   SHT$$INIT_ARRAY$$Limit  
00000705  SVC_Handler             
0000076b  StartCritical           
00000495  SysTickFunction         
20000030  SysTickTask             
00000919  SysTick_Handler         
000008d5  SysTick_Init            
0000073f  T32_INT1_IRQHandler     
00000741  T32_INT2_IRQHandler     
00000743  T32_INTC_IRQHandler     
00000607  TA0_0_IRQHandler        
0000071f  TA0_N_IRQHandler        
00000721  TA1_0_IRQHandler        
00000723  TA1_N_IRQHandler        
00000725  TA2_0_IRQHandler        
00000727  TA2_N_IRQHandler        
00000729  TA3_0_IRQHandler        
0000072b  TA3_N_IRQHandler        
00000475  TimerA0Function         
0000058d  TimerA0_Init            
4000480c  WDTCTL_SYM              
00000713  WDT_A_IRQHandler        
0000077d  WaitForInterrupt        
20010000  __STACK_END             
00000200  __STACK_SIZE            
00000a90  __TI_CINIT_Base         
00000aa0  __TI_CINIT_Limit        
00000a7c  __TI_Handler_Table_Base 
00000a88  __TI_Handler_Table_Limit
000007fd  __TI_auto_init          
2000001c  __TI_cleanup_ptr        
00000a45  __TI_decompress_none    
00000a5f  __TI_decompress_rle24   
20000020  __TI_dtors_ptr          
00000000  __TI_static_base__      
00000a53  __TI_zero_init          
00000783  __aeabi_memclr          
00000783  __aeabi_memclr4         
00000783  __aeabi_memclr8         
0000064d  __aeabi_memcpy          
0000064d  __aeabi_memcpy4         
0000064d  __aeabi_memcpy8         
00000785  __aeabi_memset          
00000785  __aeabi_memset4         
00000785  __aeabi_memset8         
ffffffff  __binit__               
ffffffff  __c_args__              
2000fe00  __stack                 
00000a19  _args_main              
00000939  _c_int00                
20000014  _lock                   
00000a3f  _nop                    
00000a37  _register_lock          
00000a31  _register_unlock        
00000a65  _system_pre_init        
20000018  _unlock                 
000009d9  abort                   
ffffffff  binit                   
00000989  copy_in                 
000009e1  exit                    
00000000  interruptVectors        
000004b5  main                    
20000024  main_func_sp            
0000064d  memcpy                  
0000078b  memset                  


GLOBAL SYMBOLS: SORTED BY Symbol Address 

address   name                    
-------   ----                    
00000000  __TI_static_base__      
00000000  interruptVectors        
00000145  Clock_Init              
0000018f  Clock_Init48MHz         
00000200  __STACK_SIZE            
0000027f  Clock_Init32kHz         
00000371  Clock_InitLowPower      
00000475  TimerA0Function         
00000495  SysTickFunction         
000004b5  main                    
0000058d  TimerA0_Init            
00000607  TA0_0_IRQHandler        
0000064d  __aeabi_memcpy          
0000064d  __aeabi_memcpy4         
0000064d  __aeabi_memcpy8         
0000064d  memcpy                  
00000705  SVC_Handler             
00000707  DebugMon_Handler        
00000709  PendSV_Handler          
0000070d  PSS_IRQHandler          
0000070f  CS_IRQHandler           
00000711  PCM_IRQHandler          
00000713  WDT_A_IRQHandler        
00000715  FPU_IRQHandler          
00000717  FLCTL_IRQHandler        
00000719  COMP_E0_IRQHandler      
0000071b  COMP_E1_IRQHandler      
0000071f  TA0_N_IRQHandler        
00000721  TA1_0_IRQHandler        
00000723  TA1_N_IRQHandler        
00000725  TA2_0_IRQHandler        
00000727  TA2_N_IRQHandler        
00000729  TA3_0_IRQHandler        
0000072b  TA3_N_IRQHandler        
0000072d  EUSCIA0_IRQHandler      
0000072f  EUSCIA1_IRQHandler      
00000731  EUSCIA2_IRQHandler      
00000733  EUSCIA3_IRQHandler      
00000735  EUSCIB0_IRQHandler      
00000737  EUSCIB1_IRQHandler      
00000739  EUSCIB2_IRQHandler      
0000073b  EUSCIB3_IRQHandler      
0000073d  ADC14_IRQHandler        
0000073f  T32_INT1_IRQHandler     
00000741  T32_INT2_IRQHandler     
00000743  T32_INTC_IRQHandler     
00000745  AES256_IRQHandler       
00000747  RTC_C_IRQHandler        
00000749  DMA_ERR_IRQHandler      
0000074b  DMA_INT3_IRQHandler     
0000074d  DMA_INT2_IRQHandler     
0000074f  DMA_INT1_IRQHandler     
00000751  DMA_INT0_IRQHandler     
00000753  PORT1_IRQHandler        
00000755  PORT2_IRQHandler        
00000757  PORT3_IRQHandler        
00000759  PORT4_IRQHandler        
0000075b  PORT5_IRQHandler        
0000075d  PORT6_IRQHandler        
0000075f  DisableInterrupts       
00000765  EnableInterrupts        
0000076b  StartCritical           
00000775  EndCritical             
0000077d  WaitForInterrupt        
00000783  __aeabi_memclr          
00000783  __aeabi_memclr4         
00000783  __aeabi_memclr8         
00000785  __aeabi_memset          
00000785  __aeabi_memset4         
00000785  __aeabi_memset8         
0000078b  memset                  
000007fd  __TI_auto_init          
000008d5  SysTick_Init            
00000919  SysTick_Handler         
00000939  _c_int00                
00000989  copy_in                 
000009d5  C$$EXIT                 
000009d9  abort                   
000009e1  exit                    
00000a19  _args_main              
00000a31  _register_unlock        
00000a37  _register_lock          
00000a3f  _nop                    
00000a45  __TI_decompress_none    
00000a53  __TI_zero_init          
00000a5f  __TI_decompress_rle24   
00000a65  _system_pre_init        
00000a7c  __TI_Handler_Table_Base 
00000a88  __TI_Handler_Table_Limit
00000a90  __TI_CINIT_Base         
00000aa0  __TI_CINIT_Limit        
20000000  Prewait                 
20000004  CPMwait                 
20000008  Postwait                
2000000c  IFlags                  
20000010  Crystalstable           
20000014  _lock                   
20000018  _unlock                 
2000001c  __TI_cleanup_ptr        
20000020  __TI_dtors_ptr          
20000024  main_func_sp            
20000028  Counts                  
2000002c  PeriodicTask            
20000030  SysTickTask             
2000fe00  __stack                 
20010000  __STACK_END             
4000480c  WDTCTL_SYM              
ffffffff  __binit__               
ffffffff  __c_args__              
ffffffff  binit                   
UNDEFED   SHT$$INIT_ARRAY$$Base   
UNDEFED   SHT$$INIT_ARRAY$$Limit  

[112 symbols]
