******************************************************************************
                  TI ARM Linker PC v5.2.4                      
******************************************************************************
>> Linked Mon Jun 13 16:08:40 2016

OUTPUT FILE NAME:   <PointerLineTracker_MSP432.out>
ENTRY POINT SYMBOL: "_c_int00"  address: 00000525


MEMORY CONFIGURATION

         name            origin    length      used     unused   attr    fill
----------------------  --------  ---------  --------  --------  ----  --------
  MAIN                  00000000   00040000  000006b0  0003f950  R  X
  INFO                  00200000   00004000  00000000  00004000  R  X
  SRAM_CODE             01000000   00010000  00000000  00010000  RW X
  SRAM_DATA             20000000   00010000  00000214  0000fdec  RW  


SEGMENT ALLOCATION MAP

run origin  load origin   length   init length attrs members
----------  ----------- ---------- ----------- ----- -------
00000000    00000000    000006b0   000006b0    r-x
  00000000    00000000    00000144   00000144    r-- .intvecs
  00000144    00000144    00000504   00000504    r-x .text
  00000648    00000648    00000048   00000048    r-- .const
  00000690    00000690    00000020   00000020    r-- .cinit
20000000    20000000    00000014   00000000    rw-
  20000000    20000000    00000014   00000000    rw- .data
2000fe00    2000fe00    00000200   00000000    rw-
  2000fe00    2000fe00    00000200   00000000    rw- .stack


SECTION ALLOCATION MAP

 output                                  attributes/
section   page    origin      length       input sections
--------  ----  ----------  ----------   ----------------
.intvecs   0    00000000    00000144     
                  00000000    00000144     msp432_startup_ccs.obj (.intvecs)

.text      0    00000144    00000504     
                  00000144    000000e0     PointerLineTracker.obj (.text)
                  00000224    0000009c     rtsv7M4_T_le_v4SPD16_eabi.lib : memcpy_t2.obj (.text)
                  000002c0    0000009a     msp432_startup_ccs.obj (.text)
                  0000035a    0000007a     rtsv7M4_T_le_v4SPD16_eabi.lib : memset_t2.obj (.text)
                  000003d4    00000078     SysTick.obj (.text)
                  0000044c    0000006c     rtsv7M4_T_le_v4SPD16_eabi.lib : autoinit.obj (.text)
                  000004b8    0000006a                                   : copy_decompress_rle.obj (.text)
                  00000522    00000002     --HOLE-- [fill = 0]
                  00000524    00000050                                   : boot.obj (.text)
                  00000574    0000004c                                   : cpy_tbl.obj (.text)
                  000005c0    00000044                                   : exit.obj (.text)
                  00000604    00000018                                   : args_main.obj (.text)
                  0000061c    00000014                                   : _lock.obj (.text)
                  00000630    0000000e                                   : copy_decompress_none.obj (.text:decompress:none)
                  0000063e    00000006                                   : copy_decompress_rle.obj (.text:decompress:rle24)
                  00000644    00000004                                   : pre_init.obj (.text)

.const     0    00000648    00000048     
                  00000648    00000048     PointerLineTracker.obj (.const:fsm)

.cinit     0    00000690    00000020     
                  00000690    0000000f     (.cinit..data.load) [load image, compression = rle]
                  0000069f    00000001     --HOLE-- [fill = 0]
                  000006a0    00000008     (__TI_handler_table)
                  000006a8    00000008     (__TI_cinit_table)

.data      0    20000000    00000014     UNINITIALIZED
                  20000000    00000008     rtsv7M4_T_le_v4SPD16_eabi.lib : _lock.obj (.data)
                  20000008    00000008                                   : exit.obj (.data)
                  20000010    00000004                                   : stkdepth_vars.obj (.data)

.TI.persistent 
*          0    20000000    00000000     UNINITIALIZED

.stack     0    2000fe00    00000200     UNINITIALIZED
                  2000fe00    00000200     --HOLE--


LINKER GENERATED COPY TABLES

__TI_cinit_table @ 000006a8 records: 1, size/record: 8, table size: 8
	.data: load addr=00000690, load size=0000000f bytes, run addr=20000000, run size=00000014 bytes, compression=rle


LINKER GENERATED HANDLER TABLE

__TI_handler_table @ 000006a0 records: 2, size/record: 4, table size: 8
	index: 0, handler: __TI_decompress_rle24
	index: 1, handler: __TI_decompress_none


GLOBAL SYMBOLS: SORTED ALPHABETICALLY BY Name 

address   name                    
-------   ----                    
00000315  ADC14_IRQHandler        
0000031d  AES256_IRQHandler       
000005c1  C$$EXIT                 
000002f1  COMP_E0_IRQHandler      
000002f3  COMP_E1_IRQHandler      
000002e7  CS_IRQHandler           
00000321  DMA_ERR_IRQHandler      
00000329  DMA_INT0_IRQHandler     
00000327  DMA_INT1_IRQHandler     
00000325  DMA_INT2_IRQHandler     
00000323  DMA_INT3_IRQHandler     
000002df  DebugMon_Handler        
00000337  DisableInterrupts       
00000305  EUSCIA0_IRQHandler      
00000307  EUSCIA1_IRQHandler      
00000309  EUSCIA2_IRQHandler      
0000030b  EUSCIA3_IRQHandler      
0000030d  EUSCIB0_IRQHandler      
0000030f  EUSCIB1_IRQHandler      
00000311  EUSCIB2_IRQHandler      
00000313  EUSCIB3_IRQHandler      
0000033d  EnableInterrupts        
0000034d  EndCritical             
000002ef  FLCTL_IRQHandler        
000002ed  FPU_IRQHandler          
000002e9  PCM_IRQHandler          
0000032b  PORT1_IRQHandler        
0000032d  PORT2_IRQHandler        
0000032f  PORT3_IRQHandler        
00000331  PORT4_IRQHandler        
00000333  PORT5_IRQHandler        
00000335  PORT6_IRQHandler        
000002e5  PSS_IRQHandler          
000002e1  PendSV_Handler          
0000031f  RTC_C_IRQHandler        
00000145  Robot_Init              
UNDEFED   SHT$$INIT_ARRAY$$Base   
UNDEFED   SHT$$INIT_ARRAY$$Limit  
000002dd  SVC_Handler             
00000343  StartCritical           
000002e3  SysTick_Handler         
000003d5  SysTick_Init            
000003f1  SysTick_Wait            
00000417  SysTick_Wait10ms        
00000317  T32_INT1_IRQHandler     
00000319  T32_INT2_IRQHandler     
0000031b  T32_INTC_IRQHandler     
000002f5  TA0_0_IRQHandler        
000002f7  TA0_N_IRQHandler        
000002f9  TA1_0_IRQHandler        
000002fb  TA1_N_IRQHandler        
000002fd  TA2_0_IRQHandler        
000002ff  TA2_N_IRQHandler        
00000301  TA3_0_IRQHandler        
00000303  TA3_N_IRQHandler        
4000480c  WDTCTL_SYM              
000002eb  WDT_A_IRQHandler        
00000355  WaitForInterrupt        
20010000  __STACK_END             
00000200  __STACK_SIZE            
000006a8  __TI_CINIT_Base         
000006b0  __TI_CINIT_Limit        
000006a0  __TI_Handler_Table_Base 
000006a8  __TI_Handler_Table_Limit
0000044d  __TI_auto_init          
20000008  __TI_cleanup_ptr        
00000631  __TI_decompress_none    
0000063f  __TI_decompress_rle24   
2000000c  __TI_dtors_ptr          
00000000  __TI_static_base__      
0000035b  __aeabi_memclr          
0000035b  __aeabi_memclr4         
0000035b  __aeabi_memclr8         
00000225  __aeabi_memcpy          
00000225  __aeabi_memcpy4         
00000225  __aeabi_memcpy8         
0000035d  __aeabi_memset          
0000035d  __aeabi_memset4         
0000035d  __aeabi_memset8         
ffffffff  __binit__               
ffffffff  __c_args__              
2000fe00  __stack                 
00000605  _args_main              
00000525  _c_int00                
20000000  _lock                   
0000062b  _nop                    
00000623  _register_lock          
0000061d  _register_unlock        
00000645  _system_pre_init        
20000004  _unlock                 
000005c5  abort                   
ffffffff  binit                   
00000575  copy_in                 
000005cd  exit                    
00000648  fsm                     
00000000  interruptVectors        
000001a7  main                    
20000010  main_func_sp            
00000225  memcpy                  
00000363  memset                  


GLOBAL SYMBOLS: SORTED BY Symbol Address 

address   name                    
-------   ----                    
00000000  __TI_static_base__      
00000000  interruptVectors        
00000145  Robot_Init              
000001a7  main                    
00000200  __STACK_SIZE            
00000225  __aeabi_memcpy          
00000225  __aeabi_memcpy4         
00000225  __aeabi_memcpy8         
00000225  memcpy                  
000002dd  SVC_Handler             
000002df  DebugMon_Handler        
000002e1  PendSV_Handler          
000002e3  SysTick_Handler         
000002e5  PSS_IRQHandler          
000002e7  CS_IRQHandler           
000002e9  PCM_IRQHandler          
000002eb  WDT_A_IRQHandler        
000002ed  FPU_IRQHandler          
000002ef  FLCTL_IRQHandler        
000002f1  COMP_E0_IRQHandler      
000002f3  COMP_E1_IRQHandler      
000002f5  TA0_0_IRQHandler        
000002f7  TA0_N_IRQHandler        
000002f9  TA1_0_IRQHandler        
000002fb  TA1_N_IRQHandler        
000002fd  TA2_0_IRQHandler        
000002ff  TA2_N_IRQHandler        
00000301  TA3_0_IRQHandler        
00000303  TA3_N_IRQHandler        
00000305  EUSCIA0_IRQHandler      
00000307  EUSCIA1_IRQHandler      
00000309  EUSCIA2_IRQHandler      
0000030b  EUSCIA3_IRQHandler      
0000030d  EUSCIB0_IRQHandler      
0000030f  EUSCIB1_IRQHandler      
00000311  EUSCIB2_IRQHandler      
00000313  EUSCIB3_IRQHandler      
00000315  ADC14_IRQHandler        
00000317  T32_INT1_IRQHandler     
00000319  T32_INT2_IRQHandler     
0000031b  T32_INTC_IRQHandler     
0000031d  AES256_IRQHandler       
0000031f  RTC_C_IRQHandler        
00000321  DMA_ERR_IRQHandler      
00000323  DMA_INT3_IRQHandler     
00000325  DMA_INT2_IRQHandler     
00000327  DMA_INT1_IRQHandler     
00000329  DMA_INT0_IRQHandler     
0000032b  PORT1_IRQHandler        
0000032d  PORT2_IRQHandler        
0000032f  PORT3_IRQHandler        
00000331  PORT4_IRQHandler        
00000333  PORT5_IRQHandler        
00000335  PORT6_IRQHandler        
00000337  DisableInterrupts       
0000033d  EnableInterrupts        
00000343  StartCritical           
0000034d  EndCritical             
00000355  WaitForInterrupt        
0000035b  __aeabi_memclr          
0000035b  __aeabi_memclr4         
0000035b  __aeabi_memclr8         
0000035d  __aeabi_memset          
0000035d  __aeabi_memset4         
0000035d  __aeabi_memset8         
00000363  memset                  
000003d5  SysTick_Init            
000003f1  SysTick_Wait            
00000417  SysTick_Wait10ms        
0000044d  __TI_auto_init          
00000525  _c_int00                
00000575  copy_in                 
000005c1  C$$EXIT                 
000005c5  abort                   
000005cd  exit                    
00000605  _args_main              
0000061d  _register_unlock        
00000623  _register_lock          
0000062b  _nop                    
00000631  __TI_decompress_none    
0000063f  __TI_decompress_rle24   
00000645  _system_pre_init        
00000648  fsm                     
000006a0  __TI_Handler_Table_Base 
000006a8  __TI_CINIT_Base         
000006a8  __TI_Handler_Table_Limit
000006b0  __TI_CINIT_Limit        
20000000  _lock                   
20000004  _unlock                 
20000008  __TI_cleanup_ptr        
2000000c  __TI_dtors_ptr          
20000010  main_func_sp            
2000fe00  __stack                 
20010000  __STACK_END             
4000480c  WDTCTL_SYM              
ffffffff  __binit__               
ffffffff  __c_args__              
ffffffff  binit                   
UNDEFED   SHT$$INIT_ARRAY$$Base   
UNDEFED   SHT$$INIT_ARRAY$$Limit  

[100 symbols]
