******************************************************************************
                  TI ARM Linker PC v5.2.4                      
******************************************************************************
>> Linked Mon Jun 13 16:09:25 2016

OUTPUT FILE NAME:   <Scanf_UART_MSP432.out>
ENTRY POINT SYMBOL: "_c_int00"  address: 00004819


MEMORY CONFIGURATION

         name            origin    length      used     unused   attr    fill
----------------------  --------  ---------  --------  --------  ----  --------
  MAIN                  00000000   00040000  00004f90  0003b070  R  X
  INFO                  00200000   00004000  00000000  00004000  R  X
  SRAM_CODE             01000000   00010000  00000000  00010000  RW X
  SRAM_DATA             20000000   00010000  00000b00  0000f500  RW  


SEGMENT ALLOCATION MAP

run origin  load origin   length   init length attrs members
----------  ----------- ---------- ----------- ----- -------
00000000    00000000    00004f90   00004f90    r-x
  00000000    00000000    00000144   00000144    r-- .intvecs
  00000144    00000144    00004b34   00004b34    r-x .text
  00004c78    00004c78    00000248   00000248    r-- .const
  00004ec0    00004ec0    000000d0   000000d0    r-- .cinit
20000000    20000000    00000900   00000000    rw-
  20000000    20000000    00000400   00000000    rw- .sysmem
  20000400    20000400    00000330   00000000    rw- .data
  20000730    20000730    000001d0   00000000    rw- .bss
2000fe00    2000fe00    00000200   00000000    rw-
  2000fe00    2000fe00    00000200   00000000    rw- .stack


SECTION ALLOCATION MAP

 output                                  attributes/
section   page    origin      length       input sections
--------  ----  ----------  ----------   ----------------
.intvecs   0    00000000    00000144     
                  00000000    00000144     msp432_startup_ccs.obj (.intvecs)

.text      0    00000144    00004b34     
                  00000144    000010ba     rtsv7M4_T_le_v4SPD16_eabi.lib : _printfi.obj (.text)
                  000011fe    00000002     --HOLE-- [fill = 0]
                  00001200    0000092a                                   : _scanfi.obj (.text)
                  00001b2a    00000002     --HOLE-- [fill = 0]
                  00001b2c    000003dc                                   : memory.obj (.text)
                  00001f08    0000030c                                   : lowlev.obj (.text)
                  00002214    000002d4                                   : trgdrv.obj (.text)
                  000024e8    0000023c                                   : strtod.obj (.text)
                  00002724    0000022c                                   : strtold.obj (.text)
                  00002950    00000224     UART.obj (.text)
                  00002b74    000001f4     rtsv7M4_T_le_v4SPD16_eabi.lib : ull_div_t2.obj (.text)
                  00002d68    000001e4                                   : strtoll.obj (.text)
                  00002f4c    000001d0                                   : fscanf.obj (.text)
                  0000311c    000001c4                                   : fopen.obj (.text)
                  000032e0    000001b6                                   : fd_add_t2.obj (.text)
                  00003496    00000002     --HOLE-- [fill = 0]
                  00003498    0000016c                                   : strtoull.obj (.text)
                  00003604    00000136                                   : fd_div_t2.obj (.text)
                  0000373a    00000002     --HOLE-- [fill = 0]
                  0000373c    00000134                                   : fputs.obj (.text)
                  00003870    00000134                                   : strtol.obj (.text)
                  000039a4    00000114                                   : strtoul.obj (.text)
                  00003ab8    00000110                                   : xdscale.obj (.text)
                  00003bc8    000000fc                                   : fd_mul_t2.obj (.text)
                  00003cc4    000000dc                                   : setvbuf.obj (.text)
                  00003da0    000000c8                                   : fflush.obj (.text)
                  00003e68    000000be                                   : xdnorm.obj (.text)
                  00003f26    00000002     --HOLE-- [fill = 0]
                  00003f28    000000b0     main.obj (.text)
                  00003fd8    000000ac     rtsv7M4_T_le_v4SPD16_eabi.lib : _io_perm.obj (.text)
                  00004084    0000009c                                   : memcpy_t2.obj (.text)
                  00004120    0000009a     msp432_startup_ccs.obj (.text)
                  000041ba    00000002     --HOLE-- [fill = 0]
                  000041bc    00000098     rtsv7M4_T_le_v4SPD16_eabi.lib : fclose.obj (.text)
                  00004254    00000098                                   : fputc.obj (.text)
                  000042ec    00000086                                   : fd_cmp_t2.obj (.text:__aeabi_cdcmple)
                  00004372    00000086                                   : fd_cmp_t2.obj (.text:__aeabi_cdrcmple)
                  000043f8    00000080                                   : ungetc.obj (.text)
                  00004478    0000007a                                   : memset_t2.obj (.text)
                  000044f2    00000002     --HOLE-- [fill = 0]
                  000044f4    00000070                                   : printf.obj (.text)
                  00004564    0000006c                                   : autoinit.obj (.text)
                  000045d0    0000006a                                   : copy_decompress_rle.obj (.text)
                  0000463a    00000002     --HOLE-- [fill = 0]
                  0000463c    00000068                                   : trgmsg.obj (.text)
                  000046a4    00000066                                   : xdunscal.obj (.text)
                  0000470a    00000002     --HOLE-- [fill = 0]
                  0000470c    00000064                                   : fseek.obj (.text)
                  00004770    00000056                                   : ltoa.obj (.text)
                  000047c6    00000052                                   : ldexp.obj (.text)
                  00004818    00000050                                   : boot.obj (.text)
                  00004868    0000004c                                   : atoi.obj (.text)
                  000048b4    0000004c                                   : cpy_tbl.obj (.text)
                  00004900    0000004a                                   : fd_tos_t2.obj (.text)
                  0000494a    00000048                                   : fd_toi_t2.obj (.text)
                  00004992    00000002     --HOLE-- [fill = 0]
                  00004994    00000044                                   : exit.obj (.text)
                  000049d8    00000040                                   : signal.obj (.text)
                  00004a18    00000034                                   : feraiseexcept.obj (.text)
                  00004a4c    00000030                                   : strncpy.obj (.text)
                  00004a7c    00000030                                   : xdclass.obj (.text)
                  00004aac    00000030                                   : xferaise.obj (.text)
                  00004adc    0000002e                                   : i_tofd_t2.obj (.text)
                  00004b0a    0000002e                                   : raise.obj (.text)
                  00004b38    0000002a                                   : frexp.obj (.text)
                  00004b62    00000020                                   : memchr.obj (.text)
                  00004b82    0000001c                                   : memccpy.obj (.text)
                  00004b9e    00000002     --HOLE-- [fill = 0]
                  00004ba0    00000018                                   : args_main.obj (.text)
                  00004bb8    00000018                                   : ll_mul_t2.obj (.text)
                  00004bd0    00000018                                   : strcmp.obj (.text)
                  00004be8    00000018                                   : strrchr.obj (.text)
                  00004c00    00000016                                   : strchr.obj (.text)
                  00004c16    00000002     --HOLE-- [fill = 0]
                  00004c18    00000014                                   : _lock.obj (.text)
                  00004c2c    00000014                                   : strcpy.obj (.text)
                  00004c40    00000014                                   : strlen.obj (.text)
                  00004c54    0000000e                                   : copy_decompress_none.obj (.text:decompress:none)
                  00004c62    0000000c                                   : copy_zero_init.obj (.text:decompress:ZI)
                  00004c6e    00000006                                   : copy_decompress_rle.obj (.text:decompress:rle24)
                  00004c74    00000004                                   : pre_init.obj (.text)

.const     0    00004c78    00000248     
                  00004c78    00000101     rtsv7M4_T_le_v4SPD16_eabi.lib : ctype.obj (.const:.string:_ctypes_)
                  00004d79    00000007     --HOLE-- [fill = 0]
                  00004d80    00000098                                   : strtod.obj (.const)
                  00004e18    00000098                                   : strtold.obj (.const)
                  00004eb0    00000010                                   : _scanfi.obj (.const)

.cinit     0    00004ec0    000000d0     
                  00004ec0    000000a6     (.cinit..data.load) [load image, compression = rle]
                  00004f66    00000002     --HOLE-- [fill = 0]
                  00004f68    0000000c     (__TI_handler_table)
                  00004f74    00000004     --HOLE-- [fill = 0]
                  00004f78    00000008     (.cinit..bss.load) [load image, compression = zero_init]
                  00004f80    00000010     (__TI_cinit_table)

.sysmem    0    20000000    00000400     UNINITIALIZED
                  20000000    00000008     rtsv7M4_T_le_v4SPD16_eabi.lib : memory.obj (.sysmem)
                  20000008    000003f8     --HOLE--

.data      0    20000400    00000330     UNINITIALIZED
                  20000400    000000f0     rtsv7M4_T_le_v4SPD16_eabi.lib : defs.obj (.data:_ftable)
                  200004f0    000000d0                                   : lowlev.obj (.data)
                  200005c0    000000b0                                   : signal.obj (.data:sigtable)
                  20000670    00000080                                   : xvalues.obj (.data)
                  200006f0    00000010                                   : defs.obj (.data)
                  20000700    0000000c                                   : memory.obj (.data)
                  2000070c    00000008                                   : _lock.obj (.data)
                  20000714    00000008                                   : exit.obj (.data)
                  2000071c    00000008                                   : feraiseexcept.obj (.data)
                  20000724    00000004                                   : errno.obj (.data)
                  20000728    00000004                                   : fopen.obj (.data)
                  2000072c    00000004                                   : stkdepth_vars.obj (.data)

.TI.persistent 
*          0    20000400    00000000     UNINITIALIZED

.bss       0    20000730    000001d0     UNINITIALIZED
                  20000730    00000120     rtsv7M4_T_le_v4SPD16_eabi.lib : trgmsg.obj (.bss:__CIOBUF_)
                  20000850    000000a0                                   : defs.obj (.bss:__TI_tmpnams)
                  200008f0    00000008     (.common:parmbuf)
                  200008f8    00000004     (.common:area)
                  200008fc    00000004     (.common:side)

.TI.noinit 
*          0    20000730    00000000     UNINITIALIZED

.stack     0    2000fe00    00000200     UNINITIALIZED
                  2000fe00    00000200     --HOLE--


LINKER GENERATED COPY TABLES

__TI_cinit_table @ 00004f80 records: 2, size/record: 8, table size: 16
	.data: load addr=00004ec0, load size=000000a6 bytes, run addr=20000400, run size=00000330 bytes, compression=rle
	.bss: load addr=00004f78, load size=00000008 bytes, run addr=20000730, run size=000001d0 bytes, compression=zero_init


LINKER GENERATED HANDLER TABLE

__TI_handler_table @ 00004f68 records: 3, size/record: 4, table size: 12
	index: 0, handler: __TI_decompress_rle24
	index: 1, handler: __TI_decompress_none
	index: 2, handler: __TI_zero_init


GLOBAL SYMBOLS: SORTED ALPHABETICALLY BY Name 

address   name                    
-------   ----                    
00004175  ADC14_IRQHandler        
0000417d  AES256_IRQHandler       
00004995  C$$EXIT                 
0000466b  C$$IO$$                 
00004151  COMP_E0_IRQHandler      
00004153  COMP_E1_IRQHandler      
00004147  CS_IRQHandler           
00004181  DMA_ERR_IRQHandler      
00004189  DMA_INT0_IRQHandler     
00004187  DMA_INT1_IRQHandler     
00004185  DMA_INT2_IRQHandler     
00004183  DMA_INT3_IRQHandler     
0000413f  DebugMon_Handler        
00004197  DisableInterrupts       
00004165  EUSCIA0_IRQHandler      
00004167  EUSCIA1_IRQHandler      
00004169  EUSCIA2_IRQHandler      
0000416b  EUSCIA3_IRQHandler      
0000416d  EUSCIB0_IRQHandler      
0000416f  EUSCIB1_IRQHandler      
00004171  EUSCIB2_IRQHandler      
00004173  EUSCIB3_IRQHandler      
0000419d  EnableInterrupts        
000041ad  EndCritical             
0000414f  FLCTL_IRQHandler        
0000414d  FPU_IRQHandler          
000024a1  HOSTclock               
00002469  HOSTclose               
0000242b  HOSTgetenv              
000023cf  HOSTlseek               
0000237d  HOSTopen                
00002331  HOSTread                
000022d3  HOSTrename              
00002299  HOSTtime                
00002261  HOSTunlink              
00002215  HOSTwrite               
000029d7  Output_Clear            
000029dd  Output_Color            
00002ac1  Output_Init             
000029d9  Output_Off              
000029db  Output_On               
00004149  PCM_IRQHandler          
0000418b  PORT1_IRQHandler        
0000418d  PORT2_IRQHandler        
0000418f  PORT3_IRQHandler        
00004191  PORT4_IRQHandler        
00004193  PORT5_IRQHandler        
00004195  PORT6_IRQHandler        
00004145  PSS_IRQHandler          
00004141  PendSV_Handler          
0000417f  RTC_C_IRQHandler        
UNDEFED   SHT$$INIT_ARRAY$$Base   
UNDEFED   SHT$$INIT_ARRAY$$Limit  
0000413d  SVC_Handler             
000041a3  StartCritical           
00004143  SysTick_Handler         
00004177  T32_INT1_IRQHandler     
00004179  T32_INT2_IRQHandler     
0000417b  T32_INTC_IRQHandler     
00004155  TA0_0_IRQHandler        
00004157  TA0_N_IRQHandler        
00004159  TA1_0_IRQHandler        
0000415b  TA1_N_IRQHandler        
0000415d  TA2_0_IRQHandler        
0000415f  TA2_N_IRQHandler        
00004161  TA3_0_IRQHandler        
00004163  TA3_N_IRQHandler        
00002997  UART_InChar             
00002951  UART_Init               
000029b1  UART_OutChar            
4000480c  WDTCTL_SYM              
0000414b  WDT_A_IRQHandler        
000041b5  WaitForInterrupt        
00004a7d  _Dclass                 
20000670  _Denorm                 
00003e69  _Dnorm                  
00003ab9  _Dscale                 
000046a5  _Dunscale               
20000680  _Eps                    
20000724  _Errno                  
2000071c  _Fenv                   
00004aad  _Feraise                
20000690  _Hugeval                
200006a0  _Inf                    
200006b0  _Nan                    
200006d0  _Rteps                  
200006c0  _Snan                   
20000720  _Tls_setup__Fenv        
200006e0  _Xbig                   
200006e8  _Zero                   
20000730  __CIOBUF_               
20010000  __STACK_END             
00000200  __STACK_SIZE            
00000400  __SYSMEM_SIZE           
00004f80  __TI_CINIT_Base         
00004f90  __TI_CINIT_Limit        
00004f68  __TI_Handler_Table_Base 
00004f74  __TI_Handler_Table_Limit
00004565  __TI_auto_init          
000031e5  __TI_cleanup            
20000714  __TI_cleanup_ptr        
000041bd  __TI_closefile          
00004c55  __TI_decompress_none    
00004c6f  __TI_decompress_rle24   
00003da1  __TI_doflush            
20000718  __TI_dtors_ptr          
200006f0  __TI_ft_end             
00000ef9  __TI_printfi            
0000403b  __TI_rd_ok              
0000466f  __TI_readmsg            
0000167d  __TI_scanfi             
00000000  __TI_static_base__      
20000850  __TI_tmpnams            
0000463d  __TI_writemsg           
00003fd9  __TI_wrt_ok             
00004c63  __TI_zero_init          
000042ed  __aeabi_cdcmpeq         
000042ed  __aeabi_cdcmple         
00004373  __aeabi_cdrcmple        
00004901  __aeabi_d2f             
0000494b  __aeabi_d2iz            
000032eb  __aeabi_dadd            
00003605  __aeabi_ddiv            
00003bc9  __aeabi_dmul            
000032e1  __aeabi_dsub            
00004add  __aeabi_i2d             
00004bb9  __aeabi_lmul            
00004479  __aeabi_memclr          
00004479  __aeabi_memclr4         
00004479  __aeabi_memclr8         
00004085  __aeabi_memcpy          
00004085  __aeabi_memcpy4         
00004085  __aeabi_memcpy8         
0000447b  __aeabi_memset          
0000447b  __aeabi_memset4         
0000447b  __aeabi_memset8         
200006fc  __aeabi_stderr          
200006f4  __aeabi_stdin           
200006f8  __aeabi_stdout          
00002b75  __aeabi_uldivmod        
ffffffff  __binit__               
ffffffff  __c_args__              
2000fe00  __stack                 
00004ba1  _args_main              
00004819  _c_int00                
00004c78  _ctypes_                
20000400  _ftable                 
2000070c  _lock                   
00004c27  _nop                    
00004c1f  _register_lock          
00004c19  _register_unlock        
20000000  _sys_memory             
00004c75  _system_pre_init        
20000710  _unlock                 
00004999  abort                   
00002169  add_device              
200008f8  area                    
00004869  atoi                    
ffffffff  binit                   
00001ed5  calloc                  
00002119  close                   
000048b5  copy_in                 
000049a1  exit                    
00004223  fclose                  
00004a19  feraiseexcept           
00002a01  ferror                  
00003ded  fflush                  
000029e7  fgetc                   
0000323b  fopen                   
00004255  fputc                   
0000373d  fputs                   
00001c23  free                    
00003211  freopen                 
00004b39  frexp                   
000030ad  fscanf                  
0000470d  fseek                   
00000000  interruptVectors        
000047c7  ldexp                   
000020f5  lseek                   
00004771  ltoa                    
00003f29  main                    
2000072c  main_func_sp            
00001bbb  malloc                  
00001df1  memalign                
00004b83  memccpy                 
00004b63  memchr                  
00004085  memcpy                  
00004481  memset                  
00001b2d  minit                   
00002047  open                    
000044fd  printf                  
00004255  putc                    
000042d9  putchar                 
00003849  puts                    
00004b0b  raise                   
00002023  read                    
00001ce5  realloc                 
00001f99  remove                  
00001ffb  remove_device           
00001fbd  rename                  
0000305f  scanf                   
00003cc5  setvbuf                 
200008fc  side                    
000049d9  signal                  
00004c01  strchr                  
00004bd1  strcmp                  
00004c2d  strcpy                  
00004c41  strlen                  
00004a4d  strncpy                 
00004be9  strrchr                 
000024e9  strtod                  
00003871  strtol                  
00002725  strtold                 
00002d69  strtoll                 
000039a5  strtoul                 
00003499  strtoull                
00002a1f  uart_close              
00002a97  uart_lseek              
00002a0f  uart_open               
00002a2b  uart_read               
00002ab3  uart_rename             
00002aa7  uart_unlink             
00002a55  uart_write              
000043f9  ungetc                  
00001f99  unlink                  
0000301f  vfscanf                 
00002fe1  vscanf                  
00001f09  write                   


GLOBAL SYMBOLS: SORTED BY Symbol Address 

address   name                    
-------   ----                    
00000000  __TI_static_base__      
00000000  interruptVectors        
00000200  __STACK_SIZE            
00000400  __SYSMEM_SIZE           
00000ef9  __TI_printfi            
0000167d  __TI_scanfi             
00001b2d  minit                   
00001bbb  malloc                  
00001c23  free                    
00001ce5  realloc                 
00001df1  memalign                
00001ed5  calloc                  
00001f09  write                   
00001f99  remove                  
00001f99  unlink                  
00001fbd  rename                  
00001ffb  remove_device           
00002023  read                    
00002047  open                    
000020f5  lseek                   
00002119  close                   
00002169  add_device              
00002215  HOSTwrite               
00002261  HOSTunlink              
00002299  HOSTtime                
000022d3  HOSTrename              
00002331  HOSTread                
0000237d  HOSTopen                
000023cf  HOSTlseek               
0000242b  HOSTgetenv              
00002469  HOSTclose               
000024a1  HOSTclock               
000024e9  strtod                  
00002725  strtold                 
00002951  UART_Init               
00002997  UART_InChar             
000029b1  UART_OutChar            
000029d7  Output_Clear            
000029d9  Output_Off              
000029db  Output_On               
000029dd  Output_Color            
000029e7  fgetc                   
00002a01  ferror                  
00002a0f  uart_open               
00002a1f  uart_close              
00002a2b  uart_read               
00002a55  uart_write              
00002a97  uart_lseek              
00002aa7  uart_unlink             
00002ab3  uart_rename             
00002ac1  Output_Init             
00002b75  __aeabi_uldivmod        
00002d69  strtoll                 
00002fe1  vscanf                  
0000301f  vfscanf                 
0000305f  scanf                   
000030ad  fscanf                  
000031e5  __TI_cleanup            
00003211  freopen                 
0000323b  fopen                   
000032e1  __aeabi_dsub            
000032eb  __aeabi_dadd            
00003499  strtoull                
00003605  __aeabi_ddiv            
0000373d  fputs                   
00003849  puts                    
00003871  strtol                  
000039a5  strtoul                 
00003ab9  _Dscale                 
00003bc9  __aeabi_dmul            
00003cc5  setvbuf                 
00003da1  __TI_doflush            
00003ded  fflush                  
00003e69  _Dnorm                  
00003f29  main                    
00003fd9  __TI_wrt_ok             
0000403b  __TI_rd_ok              
00004085  __aeabi_memcpy          
00004085  __aeabi_memcpy4         
00004085  __aeabi_memcpy8         
00004085  memcpy                  
0000413d  SVC_Handler             
0000413f  DebugMon_Handler        
00004141  PendSV_Handler          
00004143  SysTick_Handler         
00004145  PSS_IRQHandler          
00004147  CS_IRQHandler           
00004149  PCM_IRQHandler          
0000414b  WDT_A_IRQHandler        
0000414d  FPU_IRQHandler          
0000414f  FLCTL_IRQHandler        
00004151  COMP_E0_IRQHandler      
00004153  COMP_E1_IRQHandler      
00004155  TA0_0_IRQHandler        
00004157  TA0_N_IRQHandler        
00004159  TA1_0_IRQHandler        
0000415b  TA1_N_IRQHandler        
0000415d  TA2_0_IRQHandler        
0000415f  TA2_N_IRQHandler        
00004161  TA3_0_IRQHandler        
00004163  TA3_N_IRQHandler        
00004165  EUSCIA0_IRQHandler      
00004167  EUSCIA1_IRQHandler      
00004169  EUSCIA2_IRQHandler      
0000416b  EUSCIA3_IRQHandler      
0000416d  EUSCIB0_IRQHandler      
0000416f  EUSCIB1_IRQHandler      
00004171  EUSCIB2_IRQHandler      
00004173  EUSCIB3_IRQHandler      
00004175  ADC14_IRQHandler        
00004177  T32_INT1_IRQHandler     
00004179  T32_INT2_IRQHandler     
0000417b  T32_INTC_IRQHandler     
0000417d  AES256_IRQHandler       
0000417f  RTC_C_IRQHandler        
00004181  DMA_ERR_IRQHandler      
00004183  DMA_INT3_IRQHandler     
00004185  DMA_INT2_IRQHandler     
00004187  DMA_INT1_IRQHandler     
00004189  DMA_INT0_IRQHandler     
0000418b  PORT1_IRQHandler        
0000418d  PORT2_IRQHandler        
0000418f  PORT3_IRQHandler        
00004191  PORT4_IRQHandler        
00004193  PORT5_IRQHandler        
00004195  PORT6_IRQHandler        
00004197  DisableInterrupts       
0000419d  EnableInterrupts        
000041a3  StartCritical           
000041ad  EndCritical             
000041b5  WaitForInterrupt        
000041bd  __TI_closefile          
00004223  fclose                  
00004255  fputc                   
00004255  putc                    
000042d9  putchar                 
000042ed  __aeabi_cdcmpeq         
000042ed  __aeabi_cdcmple         
00004373  __aeabi_cdrcmple        
000043f9  ungetc                  
00004479  __aeabi_memclr          
00004479  __aeabi_memclr4         
00004479  __aeabi_memclr8         
0000447b  __aeabi_memset          
0000447b  __aeabi_memset4         
0000447b  __aeabi_memset8         
00004481  memset                  
000044fd  printf                  
00004565  __TI_auto_init          
0000463d  __TI_writemsg           
0000466b  C$$IO$$                 
0000466f  __TI_readmsg            
000046a5  _Dunscale               
0000470d  fseek                   
00004771  ltoa                    
000047c7  ldexp                   
00004819  _c_int00                
00004869  atoi                    
000048b5  copy_in                 
00004901  __aeabi_d2f             
0000494b  __aeabi_d2iz            
00004995  C$$EXIT                 
00004999  abort                   
000049a1  exit                    
000049d9  signal                  
00004a19  feraiseexcept           
00004a4d  strncpy                 
00004a7d  _Dclass                 
00004aad  _Feraise                
00004add  __aeabi_i2d             
00004b0b  raise                   
00004b39  frexp                   
00004b63  memchr                  
00004b83  memccpy                 
00004ba1  _args_main              
00004bb9  __aeabi_lmul            
00004bd1  strcmp                  
00004be9  strrchr                 
00004c01  strchr                  
00004c19  _register_unlock        
00004c1f  _register_lock          
00004c27  _nop                    
00004c2d  strcpy                  
00004c41  strlen                  
00004c55  __TI_decompress_none    
00004c63  __TI_zero_init          
00004c6f  __TI_decompress_rle24   
00004c75  _system_pre_init        
00004c78  _ctypes_                
00004f68  __TI_Handler_Table_Base 
00004f74  __TI_Handler_Table_Limit
00004f80  __TI_CINIT_Base         
00004f90  __TI_CINIT_Limit        
20000000  _sys_memory             
20000400  _ftable                 
20000670  _Denorm                 
20000680  _Eps                    
20000690  _Hugeval                
200006a0  _Inf                    
200006b0  _Nan                    
200006c0  _Snan                   
200006d0  _Rteps                  
200006e0  _Xbig                   
200006e8  _Zero                   
200006f0  __TI_ft_end             
200006f4  __aeabi_stdin           
200006f8  __aeabi_stdout          
200006fc  __aeabi_stderr          
2000070c  _lock                   
20000710  _unlock                 
20000714  __TI_cleanup_ptr        
20000718  __TI_dtors_ptr          
2000071c  _Fenv                   
20000720  _Tls_setup__Fenv        
20000724  _Errno                  
2000072c  main_func_sp            
20000730  __CIOBUF_               
20000850  __TI_tmpnams            
200008f8  area                    
200008fc  side                    
2000fe00  __stack                 
20010000  __STACK_END             
4000480c  WDTCTL_SYM              
ffffffff  __binit__               
ffffffff  __c_args__              
ffffffff  binit                   
UNDEFED   SHT$$INIT_ARRAY$$Base   
UNDEFED   SHT$$INIT_ARRAY$$Limit  

[228 symbols]
