******************************************************************************
                  TI ARM Linker PC v5.2.4                      
******************************************************************************
>> Linked Mon Jun 13 16:10:04 2016

OUTPUT FILE NAME:   <TwoButtonVector_MSP432.out>
ENTRY POINT SYMBOL: "_c_int00"  address: 0000050d


MEMORY CONFIGURATION

         name            origin    length      used     unused   attr    fill
----------------------  --------  ---------  --------  --------  ----  --------
  MAIN                  00000000   00040000  00000674  0003f98c  R  X
  INFO                  00200000   00004000  00000000  00004000  R  X
  SRAM_CODE             01000000   00010000  00000000  00010000  RW X
  SRAM_DATA             20000000   00010000  0000021c  0000fde4  RW  


SEGMENT ALLOCATION MAP

run origin  load origin   length   init length attrs members
----------  ----------- ---------- ----------- ----- -------
00000000    00000000    00000678   00000678    r-x
  00000000    00000000    00000144   00000144    r-- .intvecs
  00000144    00000144    000004f8   000004f8    r-x .text
  00000640    00000640    00000038   00000038    r-- .cinit
20000000    20000000    0000001c   00000000    rw-
  20000000    20000000    00000014   00000000    rw- .data
  20000014    20000014    00000008   00000000    rw- .bss
2000fe00    2000fe00    00000200   00000000    rw-
  2000fe00    2000fe00    00000200   00000000    rw- .stack


SECTION ALLOCATION MAP

 output                                  attributes/
section   page    origin      length       input sections
--------  ----  ----------  ----------   ----------------
.intvecs   0    00000000    00000144     
                  00000000    00000144     msp432_startup_ccs.obj (.intvecs)

.text      0    00000144    000004f8     
                  00000144    00000140     TwoButtonVector.obj (.text)
                  00000284    0000009c     rtsv7M4_T_le_v4SPD16_eabi.lib : memcpy_t2.obj (.text)
                  00000320    0000009a     msp432_startup_ccs.obj (.text)
                  000003ba    0000007a     rtsv7M4_T_le_v4SPD16_eabi.lib : memset_t2.obj (.text)
                  00000434    0000006c                                   : autoinit.obj (.text)
                  000004a0    0000006a                                   : copy_decompress_rle.obj (.text)
                  0000050a    00000002     --HOLE-- [fill = 0]
                  0000050c    00000050                                   : boot.obj (.text)
                  0000055c    0000004c                                   : cpy_tbl.obj (.text)
                  000005a8    00000044                                   : exit.obj (.text)
                  000005ec    00000018                                   : args_main.obj (.text)
                  00000604    00000014                                   : _lock.obj (.text)
                  00000618    0000000e                                   : copy_decompress_none.obj (.text:decompress:none)
                  00000626    0000000c                                   : copy_zero_init.obj (.text:decompress:ZI)
                  00000632    00000006                                   : copy_decompress_rle.obj (.text:decompress:rle24)
                  00000638    00000004                                   : pre_init.obj (.text)

.cinit     0    00000640    00000038     
                  00000640    0000000f     (.cinit..data.load) [load image, compression = rle]
                  0000064f    00000001     --HOLE-- [fill = 0]
                  00000650    0000000c     (__TI_handler_table)
                  0000065c    00000004     --HOLE-- [fill = 0]
                  00000660    00000008     (.cinit..bss.load) [load image, compression = zero_init]
                  00000668    00000010     (__TI_cinit_table)

.data      0    20000000    00000014     UNINITIALIZED
                  20000000    00000008     rtsv7M4_T_le_v4SPD16_eabi.lib : _lock.obj (.data)
                  20000008    00000008                                   : exit.obj (.data)
                  20000010    00000004                                   : stkdepth_vars.obj (.data)

.bss       0    20000014    00000008     UNINITIALIZED
                  20000014    00000004     (.common:SW1)
                  20000018    00000004     (.common:SW2)

.TI.persistent 
*          0    20000000    00000000     UNINITIALIZED

.TI.noinit 
*          0    20000014    00000000     UNINITIALIZED

.stack     0    2000fe00    00000200     UNINITIALIZED
                  2000fe00    00000200     --HOLE--


LINKER GENERATED COPY TABLES

__TI_cinit_table @ 00000668 records: 2, size/record: 8, table size: 16
	.data: load addr=00000640, load size=0000000f bytes, run addr=20000000, run size=00000014 bytes, compression=rle
	.bss: load addr=00000660, load size=00000008 bytes, run addr=20000014, run size=00000008 bytes, compression=zero_init


LINKER GENERATED HANDLER TABLE

__TI_handler_table @ 00000650 records: 3, size/record: 4, table size: 12
	index: 0, handler: __TI_decompress_rle24
	index: 1, handler: __TI_decompress_none
	index: 2, handler: __TI_zero_init


GLOBAL SYMBOLS: SORTED ALPHABETICALLY BY Name 

address   name                    
-------   ----                    
00000375  ADC14_IRQHandler        
0000037d  AES256_IRQHandler       
000005a9  C$$EXIT                 
00000351  COMP_E0_IRQHandler      
00000353  COMP_E1_IRQHandler      
00000347  CS_IRQHandler           
00000381  DMA_ERR_IRQHandler      
00000389  DMA_INT0_IRQHandler     
00000387  DMA_INT1_IRQHandler     
00000385  DMA_INT2_IRQHandler     
00000383  DMA_INT3_IRQHandler     
0000033f  DebugMon_Handler        
00000397  DisableInterrupts       
00000365  EUSCIA0_IRQHandler      
00000367  EUSCIA1_IRQHandler      
00000369  EUSCIA2_IRQHandler      
0000036b  EUSCIA3_IRQHandler      
0000036d  EUSCIB0_IRQHandler      
0000036f  EUSCIB1_IRQHandler      
00000371  EUSCIB2_IRQHandler      
00000373  EUSCIB3_IRQHandler      
0000039d  EnableInterrupts        
000003ad  EndCritical             
0000034f  FLCTL_IRQHandler        
0000034d  FPU_IRQHandler          
00000349  PCM_IRQHandler          
0000038b  PORT1_IRQHandler        
0000038d  PORT2_IRQHandler        
0000038f  PORT3_IRQHandler        
00000391  PORT4_IRQHandler        
00000203  PORT5_IRQHandler        
00000217  PORT6_IRQHandler        
00000345  PSS_IRQHandler          
00000341  PendSV_Handler          
0000037f  RTC_C_IRQHandler        
UNDEFED   SHT$$INIT_ARRAY$$Base   
UNDEFED   SHT$$INIT_ARRAY$$Limit  
0000033d  SVC_Handler             
20000014  SW1                     
20000018  SW2                     
000003a3  StartCritical           
00000343  SysTick_Handler         
00000377  T32_INT1_IRQHandler     
00000379  T32_INT2_IRQHandler     
0000037b  T32_INTC_IRQHandler     
00000355  TA0_0_IRQHandler        
00000357  TA0_N_IRQHandler        
00000359  TA1_0_IRQHandler        
0000035b  TA1_N_IRQHandler        
0000035d  TA2_0_IRQHandler        
0000035f  TA2_N_IRQHandler        
00000361  TA3_0_IRQHandler        
00000363  TA3_N_IRQHandler        
00000145  VectorButtons_Init      
4000480c  WDTCTL_SYM              
0000034b  WDT_A_IRQHandler        
000003b5  WaitForInterrupt        
20010000  __STACK_END             
00000200  __STACK_SIZE            
00000668  __TI_CINIT_Base         
00000678  __TI_CINIT_Limit        
00000650  __TI_Handler_Table_Base 
0000065c  __TI_Handler_Table_Limit
00000435  __TI_auto_init          
20000008  __TI_cleanup_ptr        
00000619  __TI_decompress_none    
00000633  __TI_decompress_rle24   
2000000c  __TI_dtors_ptr          
00000000  __TI_static_base__      
00000627  __TI_zero_init          
000003bb  __aeabi_memclr          
000003bb  __aeabi_memclr4         
000003bb  __aeabi_memclr8         
00000285  __aeabi_memcpy          
00000285  __aeabi_memcpy4         
00000285  __aeabi_memcpy8         
000003bd  __aeabi_memset          
000003bd  __aeabi_memset4         
000003bd  __aeabi_memset8         
ffffffff  __binit__               
ffffffff  __c_args__              
2000fe00  __stack                 
000005ed  _args_main              
0000050d  _c_int00                
20000000  _lock                   
00000613  _nop                    
0000060b  _register_lock          
00000605  _register_unlock        
00000639  _system_pre_init        
20000004  _unlock                 
000005ad  abort                   
ffffffff  binit                   
0000055d  copy_in                 
000005b5  exit                    
00000000  interruptVectors        
0000022b  main                    
20000010  main_func_sp            
00000285  memcpy                  
000003c3  memset                  


GLOBAL SYMBOLS: SORTED BY Symbol Address 

address   name                    
-------   ----                    
00000000  __TI_static_base__      
00000000  interruptVectors        
00000145  VectorButtons_Init      
00000200  __STACK_SIZE            
00000203  PORT5_IRQHandler        
00000217  PORT6_IRQHandler        
0000022b  main                    
00000285  __aeabi_memcpy          
00000285  __aeabi_memcpy4         
00000285  __aeabi_memcpy8         
00000285  memcpy                  
0000033d  SVC_Handler             
0000033f  DebugMon_Handler        
00000341  PendSV_Handler          
00000343  SysTick_Handler         
00000345  PSS_IRQHandler          
00000347  CS_IRQHandler           
00000349  PCM_IRQHandler          
0000034b  WDT_A_IRQHandler        
0000034d  FPU_IRQHandler          
0000034f  FLCTL_IRQHandler        
00000351  COMP_E0_IRQHandler      
00000353  COMP_E1_IRQHandler      
00000355  TA0_0_IRQHandler        
00000357  TA0_N_IRQHandler        
00000359  TA1_0_IRQHandler        
0000035b  TA1_N_IRQHandler        
0000035d  TA2_0_IRQHandler        
0000035f  TA2_N_IRQHandler        
00000361  TA3_0_IRQHandler        
00000363  TA3_N_IRQHandler        
00000365  EUSCIA0_IRQHandler      
00000367  EUSCIA1_IRQHandler      
00000369  EUSCIA2_IRQHandler      
0000036b  EUSCIA3_IRQHandler      
0000036d  EUSCIB0_IRQHandler      
0000036f  EUSCIB1_IRQHandler      
00000371  EUSCIB2_IRQHandler      
00000373  EUSCIB3_IRQHandler      
00000375  ADC14_IRQHandler        
00000377  T32_INT1_IRQHandler     
00000379  T32_INT2_IRQHandler     
0000037b  T32_INTC_IRQHandler     
0000037d  AES256_IRQHandler       
0000037f  RTC_C_IRQHandler        
00000381  DMA_ERR_IRQHandler      
00000383  DMA_INT3_IRQHandler     
00000385  DMA_INT2_IRQHandler     
00000387  DMA_INT1_IRQHandler     
00000389  DMA_INT0_IRQHandler     
0000038b  PORT1_IRQHandler        
0000038d  PORT2_IRQHandler        
0000038f  PORT3_IRQHandler        
00000391  PORT4_IRQHandler        
00000397  DisableInterrupts       
0000039d  EnableInterrupts        
000003a3  StartCritical           
000003ad  EndCritical             
000003b5  WaitForInterrupt        
000003bb  __aeabi_memclr          
000003bb  __aeabi_memclr4         
000003bb  __aeabi_memclr8         
000003bd  __aeabi_memset          
000003bd  __aeabi_memset4         
000003bd  __aeabi_memset8         
000003c3  memset                  
00000435  __TI_auto_init          
0000050d  _c_int00                
0000055d  copy_in                 
000005a9  C$$EXIT                 
000005ad  abort                   
000005b5  exit                    
000005ed  _args_main              
00000605  _register_unlock        
0000060b  _register_lock          
00000613  _nop                    
00000619  __TI_decompress_none    
00000627  __TI_zero_init          
00000633  __TI_decompress_rle24   
00000639  _system_pre_init        
00000650  __TI_Handler_Table_Base 
0000065c  __TI_Handler_Table_Limit
00000668  __TI_CINIT_Base         
00000678  __TI_CINIT_Limit        
20000000  _lock                   
20000004  _unlock                 
20000008  __TI_cleanup_ptr        
2000000c  __TI_dtors_ptr          
20000010  main_func_sp            
20000014  SW1                     
20000018  SW2                     
2000fe00  __stack                 
20010000  __STACK_END             
4000480c  WDTCTL_SYM              
ffffffff  __binit__               
ffffffff  __c_args__              
ffffffff  binit                   
UNDEFED   SHT$$INIT_ARRAY$$Base   
UNDEFED   SHT$$INIT_ARRAY$$Limit  

[99 symbols]
