******************************************************************************
                  TI ARM Linker PC v5.2.4                      
******************************************************************************
>> Linked Mon Jun 13 16:09:08 2016

OUTPUT FILE NAME:   <RTOS_MSP432.out>
ENTRY POINT SYMBOL: "_c_int00"  address: 000009ed


MEMORY CONFIGURATION

         name            origin    length      used     unused   attr    fill
----------------------  --------  ---------  --------  --------  ----  --------
  MAIN                  00000000   00040000  00000ba4  0003f45c  R  X
  INFO                  00200000   00004000  00000000  00004000  R  X
  SRAM_CODE             01000000   00010000  00000000  00010000  RW X
  SRAM_DATA             20000000   00010000  00000700  0000f900  RW  


SEGMENT ALLOCATION MAP

run origin  load origin   length   init length attrs members
----------  ----------- ---------- ----------- ----- -------
00000000    00000000    00000ba8   00000ba8    r-x
  00000000    00000000    00000144   00000144    r-- .intvecs
  00000144    00000144    00000a28   00000a28    r-x .text
  00000b70    00000b70    00000038   00000038    r-- .cinit
20000000    20000000    00000500   00000000    rw-
  20000000    20000000    000004d8   00000000    rw- .bss
  200004d8    200004d8    00000028   00000000    rw- .data
2000fe00    2000fe00    00000200   00000000    rw-
  2000fe00    2000fe00    00000200   00000000    rw- .stack


SECTION ALLOCATION MAP

 output                                  attributes/
section   page    origin      length       input sections
--------  ----  ----------  ----------   ----------------
.intvecs   0    00000000    00000144     
                  00000000    00000144     msp432_startup_ccs.obj (.intvecs)

.text      0    00000144    00000a28     
                  00000144    00000330     ClockSystem.obj (.text)
                  00000474    00000218     os.obj (.text)
                  0000068c    000000d8     user.obj (.text)
                  00000764    0000009c     rtsv7M4_T_le_v4SPD16_eabi.lib : memcpy_t2.obj (.text)
                  00000800    0000009a     msp432_startup_ccs.obj (.text)
                  0000089a    0000007a     rtsv7M4_T_le_v4SPD16_eabi.lib : memset_t2.obj (.text)
                  00000914    0000006c                                   : autoinit.obj (.text)
                  00000980    0000006a                                   : copy_decompress_rle.obj (.text)
                  000009ea    00000002     --HOLE-- [fill = 0]
                  000009ec    00000050                                   : boot.obj (.text)
                  00000a3c    0000004e     OSasm.obj (.text)
                  00000a8a    00000002     --HOLE-- [fill = 0]
                  00000a8c    0000004c     rtsv7M4_T_le_v4SPD16_eabi.lib : cpy_tbl.obj (.text)
                  00000ad8    00000044                                   : exit.obj (.text)
                  00000b1c    00000018                                   : args_main.obj (.text)
                  00000b34    00000014                                   : _lock.obj (.text)
                  00000b48    0000000e                                   : copy_decompress_none.obj (.text:decompress:none)
                  00000b56    0000000c                                   : copy_zero_init.obj (.text:decompress:ZI)
                  00000b62    00000006                                   : copy_decompress_rle.obj (.text:decompress:rle24)
                  00000b68    00000004                                   : pre_init.obj (.text)

.cinit     0    00000b70    00000038     
                  00000b70    00000012     (.cinit..data.load) [load image, compression = rle]
                  00000b82    00000002     --HOLE-- [fill = 0]
                  00000b84    0000000c     (__TI_handler_table)
                  00000b90    00000008     (.cinit..bss.load) [load image, compression = zero_init]
                  00000b98    00000010     (__TI_cinit_table)

.bss       0    20000000    000004d8     UNINITIALIZED
                  20000000    000004b0     os.obj (.bss:Stacks)
                  200004b0    00000018     (.common:tcbs)
                  200004c8    00000004     (.common:Count1)
                  200004cc    00000004     (.common:Count2)
                  200004d0    00000004     (.common:Count3)
                  200004d4    00000004     (.common:RunPt)

.data      0    200004d8    00000028     UNINITIALIZED
                  200004d8    00000014     ClockSystem.obj (.data)
                  200004ec    00000008     rtsv7M4_T_le_v4SPD16_eabi.lib : _lock.obj (.data)
                  200004f4    00000008                                   : exit.obj (.data)
                  200004fc    00000004                                   : stkdepth_vars.obj (.data)

.TI.noinit 
*          0    20000000    00000000     UNINITIALIZED

.TI.persistent 
*          0    200004d8    00000000     UNINITIALIZED

.stack     0    2000fe00    00000200     UNINITIALIZED
                  2000fe00    00000200     --HOLE--


LINKER GENERATED COPY TABLES

__TI_cinit_table @ 00000b98 records: 2, size/record: 8, table size: 16
	.data: load addr=00000b70, load size=00000012 bytes, run addr=200004d8, run size=00000028 bytes, compression=rle
	.bss: load addr=00000b90, load size=00000008 bytes, run addr=20000000, run size=000004d8 bytes, compression=zero_init


LINKER GENERATED HANDLER TABLE

__TI_handler_table @ 00000b84 records: 3, size/record: 4, table size: 12
	index: 0, handler: __TI_decompress_rle24
	index: 1, handler: __TI_decompress_none
	index: 2, handler: __TI_zero_init


GLOBAL SYMBOLS: SORTED ALPHABETICALLY BY Name 

address   name                    
-------   ----                    
00000855  ADC14_IRQHandler        
0000085d  AES256_IRQHandler       
00000ad9  C$$EXIT                 
00000831  COMP_E0_IRQHandler      
00000833  COMP_E1_IRQHandler      
200004dc  CPMwait                 
00000827  CS_IRQHandler           
00000145  Clock_Init              
0000027f  Clock_Init32kHz         
0000018f  Clock_Init48MHz         
00000371  Clock_InitLowPower      
200004c8  Count1                  
200004cc  Count2                  
200004d0  Count3                  
200004e8  Crystalstable           
00000861  DMA_ERR_IRQHandler      
00000869  DMA_INT0_IRQHandler     
00000867  DMA_INT1_IRQHandler     
00000865  DMA_INT2_IRQHandler     
00000863  DMA_INT3_IRQHandler     
0000081f  DebugMon_Handler        
00000877  DisableInterrupts       
00000845  EUSCIA0_IRQHandler      
00000847  EUSCIA1_IRQHandler      
00000849  EUSCIA2_IRQHandler      
0000084b  EUSCIA3_IRQHandler      
0000084d  EUSCIB0_IRQHandler      
0000084f  EUSCIB1_IRQHandler      
00000851  EUSCIB2_IRQHandler      
00000853  EUSCIB3_IRQHandler      
0000087d  EnableInterrupts        
0000088d  EndCritical             
0000082f  FLCTL_IRQHandler        
0000082d  FPU_IRQHandler          
200004e4  IFlags                  
000005a5  OS_AddThreads           
00000a3d  OS_DisableInterrupts    
00000a41  OS_EnableInterrupts     
00000475  OS_Init                 
000005ff  OS_Launch               
00000829  PCM_IRQHandler          
0000086b  PORT1_IRQHandler        
0000086d  PORT2_IRQHandler        
0000086f  PORT3_IRQHandler        
00000871  PORT4_IRQHandler        
00000873  PORT5_IRQHandler        
00000875  PORT6_IRQHandler        
00000825  PSS_IRQHandler          
00000821  PendSV_Handler          
200004e0  Postwait                
200004d8  Prewait                 
0000085f  RTC_C_IRQHandler        
200004d4  RunPt                   
UNDEFED   SHT$$INIT_ARRAY$$Base   
UNDEFED   SHT$$INIT_ARRAY$$Limit  
0000081d  SVC_Handler             
0000049d  SetInitialStack         
20000000  Stacks                  
00000883  StartCritical           
00000a69  StartOS                 
00000a49  SysTick_Handler         
00000857  T32_INT1_IRQHandler     
00000859  T32_INT2_IRQHandler     
0000085b  T32_INTC_IRQHandler     
00000835  TA0_0_IRQHandler        
00000837  TA0_N_IRQHandler        
00000839  TA1_0_IRQHandler        
0000083b  TA1_N_IRQHandler        
0000083d  TA2_0_IRQHandler        
0000083f  TA2_N_IRQHandler        
00000841  TA3_0_IRQHandler        
00000843  TA3_N_IRQHandler        
0000068d  Task1                   
000006a7  Task2                   
000006c1  Task3                   
4000480c  WDTCTL_SYM              
0000082b  WDT_A_IRQHandler        
00000895  WaitForInterrupt        
20010000  __STACK_END             
00000200  __STACK_SIZE            
00000b98  __TI_CINIT_Base         
00000ba8  __TI_CINIT_Limit        
00000b84  __TI_Handler_Table_Base 
00000b90  __TI_Handler_Table_Limit
00000915  __TI_auto_init          
200004f4  __TI_cleanup_ptr        
00000b49  __TI_decompress_none    
00000b63  __TI_decompress_rle24   
200004f8  __TI_dtors_ptr          
00000000  __TI_static_base__      
00000b57  __TI_zero_init          
0000089b  __aeabi_memclr          
0000089b  __aeabi_memclr4         
0000089b  __aeabi_memclr8         
00000765  __aeabi_memcpy          
00000765  __aeabi_memcpy4         
00000765  __aeabi_memcpy8         
0000089d  __aeabi_memset          
0000089d  __aeabi_memset4         
0000089d  __aeabi_memset8         
ffffffff  __binit__               
ffffffff  __c_args__              
2000fe00  __stack                 
00000b1d  _args_main              
000009ed  _c_int00                
200004ec  _lock                   
00000b43  _nop                    
00000b3b  _register_lock          
00000b35  _register_unlock        
00000b69  _system_pre_init        
200004f0  _unlock                 
00000add  abort                   
ffffffff  binit                   
00000a8d  copy_in                 
00000ae5  exit                    
00000000  interruptVectors        
000006db  main                    
200004fc  main_func_sp            
00000765  memcpy                  
000008a3  memset                  
200004b0  tcbs                    


GLOBAL SYMBOLS: SORTED BY Symbol Address 

address   name                    
-------   ----                    
00000000  __TI_static_base__      
00000000  interruptVectors        
00000145  Clock_Init              
0000018f  Clock_Init48MHz         
00000200  __STACK_SIZE            
0000027f  Clock_Init32kHz         
00000371  Clock_InitLowPower      
00000475  OS_Init                 
0000049d  SetInitialStack         
000005a5  OS_AddThreads           
000005ff  OS_Launch               
0000068d  Task1                   
000006a7  Task2                   
000006c1  Task3                   
000006db  main                    
00000765  __aeabi_memcpy          
00000765  __aeabi_memcpy4         
00000765  __aeabi_memcpy8         
00000765  memcpy                  
0000081d  SVC_Handler             
0000081f  DebugMon_Handler        
00000821  PendSV_Handler          
00000825  PSS_IRQHandler          
00000827  CS_IRQHandler           
00000829  PCM_IRQHandler          
0000082b  WDT_A_IRQHandler        
0000082d  FPU_IRQHandler          
0000082f  FLCTL_IRQHandler        
00000831  COMP_E0_IRQHandler      
00000833  COMP_E1_IRQHandler      
00000835  TA0_0_IRQHandler        
00000837  TA0_N_IRQHandler        
00000839  TA1_0_IRQHandler        
0000083b  TA1_N_IRQHandler        
0000083d  TA2_0_IRQHandler        
0000083f  TA2_N_IRQHandler        
00000841  TA3_0_IRQHandler        
00000843  TA3_N_IRQHandler        
00000845  EUSCIA0_IRQHandler      
00000847  EUSCIA1_IRQHandler      
00000849  EUSCIA2_IRQHandler      
0000084b  EUSCIA3_IRQHandler      
0000084d  EUSCIB0_IRQHandler      
0000084f  EUSCIB1_IRQHandler      
00000851  EUSCIB2_IRQHandler      
00000853  EUSCIB3_IRQHandler      
00000855  ADC14_IRQHandler        
00000857  T32_INT1_IRQHandler     
00000859  T32_INT2_IRQHandler     
0000085b  T32_INTC_IRQHandler     
0000085d  AES256_IRQHandler       
0000085f  RTC_C_IRQHandler        
00000861  DMA_ERR_IRQHandler      
00000863  DMA_INT3_IRQHandler     
00000865  DMA_INT2_IRQHandler     
00000867  DMA_INT1_IRQHandler     
00000869  DMA_INT0_IRQHandler     
0000086b  PORT1_IRQHandler        
0000086d  PORT2_IRQHandler        
0000086f  PORT3_IRQHandler        
00000871  PORT4_IRQHandler        
00000873  PORT5_IRQHandler        
00000875  PORT6_IRQHandler        
00000877  DisableInterrupts       
0000087d  EnableInterrupts        
00000883  StartCritical           
0000088d  EndCritical             
00000895  WaitForInterrupt        
0000089b  __aeabi_memclr          
0000089b  __aeabi_memclr4         
0000089b  __aeabi_memclr8         
0000089d  __aeabi_memset          
0000089d  __aeabi_memset4         
0000089d  __aeabi_memset8         
000008a3  memset                  
00000915  __TI_auto_init          
000009ed  _c_int00                
00000a3d  OS_DisableInterrupts    
00000a41  OS_EnableInterrupts     
00000a49  SysTick_Handler         
00000a69  StartOS                 
00000a8d  copy_in                 
00000ad9  C$$EXIT                 
00000add  abort                   
00000ae5  exit                    
00000b1d  _args_main              
00000b35  _register_unlock        
00000b3b  _register_lock          
00000b43  _nop                    
00000b49  __TI_decompress_none    
00000b57  __TI_zero_init          
00000b63  __TI_decompress_rle24   
00000b69  _system_pre_init        
00000b84  __TI_Handler_Table_Base 
00000b90  __TI_Handler_Table_Limit
00000b98  __TI_CINIT_Base         
00000ba8  __TI_CINIT_Limit        
20000000  Stacks                  
200004b0  tcbs                    
200004c8  Count1                  
200004cc  Count2                  
200004d0  Count3                  
200004d4  RunPt                   
200004d8  Prewait                 
200004dc  CPMwait                 
200004e0  Postwait                
200004e4  IFlags                  
200004e8  Crystalstable           
200004ec  _lock                   
200004f0  _unlock                 
200004f4  __TI_cleanup_ptr        
200004f8  __TI_dtors_ptr          
200004fc  main_func_sp            
2000fe00  __stack                 
20010000  __STACK_END             
4000480c  WDTCTL_SYM              
ffffffff  __binit__               
ffffffff  __c_args__              
ffffffff  binit                   
UNDEFED   SHT$$INIT_ARRAY$$Base   
UNDEFED   SHT$$INIT_ARRAY$$Limit  

[121 symbols]
