******************************************************************************
                  TI ARM Linker PC v5.2.4                      
******************************************************************************
>> Linked Mon Jun 13 16:06:51 2016

OUTPUT FILE NAME:   <ESP8266_MSP432.out>
ENTRY POINT SYMBOL: "_c_int00"  address: 00004381


MEMORY CONFIGURATION

         name            origin    length      used     unused   attr    fill
----------------------  --------  ---------  --------  --------  ----  --------
  MAIN                  00000000   00040000  00004a47  0003b5b9  R  X
  INFO                  00200000   00004000  00000000  00004000  R  X
  SRAM_CODE             01000000   00010000  00000000  00010000  RW X
  SRAM_DATA             20000000   00010000  000017e4  0000e81c  RW  


SEGMENT ALLOCATION MAP

run origin  load origin   length   init length attrs members
----------  ----------- ---------- ----------- ----- -------
00000000    00000000    00004a48   00004a48    r-x
  00000000    00000000    00000144   00000144    r-- .intvecs
  00000144    00000144    00004654   00004654    r-x .text
  00004798    00004798    0000014f   0000014f    r-- .const
  000048e8    000048e8    00000160   00000160    r-- .cinit
20000000    20000000    000015e4   00000000    rw-
  20000000    20000000    00000de8   00000000    rw- .bss
  20000de8    20000de8    00000400   00000000    rw- .sysmem
  200011e8    200011e8    000003fc   00000000    rw- .data
2000fe00    2000fe00    00000200   00000000    rw-
  2000fe00    2000fe00    00000200   00000000    rw- .stack


SECTION ALLOCATION MAP

 output                                  attributes/
section   page    origin      length       input sections
--------  ----  ----------  ----------   ----------------
.intvecs   0    00000000    00000144     
                  00000000    00000144     msp432_startup_ccs.obj (.intvecs)

.text      0    00000144    00004654     
                  00000144    000010ba     rtsv7M4_T_le_v4SPD16_eabi.lib : _printfi.obj (.text)
                  000011fe    00000002     --HOLE-- [fill = 0]
                  00001200    00000c84     esp8266.obj (.text)
                  00001e84    000003dc     rtsv7M4_T_le_v4SPD16_eabi.lib : memory.obj (.text)
                  00002260    00000330     ClockSystem.obj (.text)
                  00002590    0000030c     rtsv7M4_T_le_v4SPD16_eabi.lib : lowlev.obj (.text)
                  0000289c    000002d4                                   : trgdrv.obj (.text)
                  00002b70    00000210     UART.obj (.text)
                  00002d80    000001f4     rtsv7M4_T_le_v4SPD16_eabi.lib : ull_div_t2.obj (.text)
                  00002f74    000001c4                                   : fopen.obj (.text)
                  00003138    000001b6                                   : fd_add_t2.obj (.text)
                  000032ee    00000136                                   : fd_div_t2.obj (.text)
                  00003424    00000134                                   : fputs.obj (.text)
                  00003558    00000110                                   : xdscale.obj (.text)
                  00003668    00000108     LED.obj (.text)
                  00003770    000000fc     rtsv7M4_T_le_v4SPD16_eabi.lib : fd_mul_t2.obj (.text)
                  0000386c    000000dc                                   : setvbuf.obj (.text)
                  00003948    000000c8                                   : fflush.obj (.text)
                  00003a10    000000be                                   : xdnorm.obj (.text)
                  00003ace    000000ac                                   : _io_perm.obj (.text)
                  00003b7a    0000009c                                   : memcpy_t2.obj (.text)
                  00003c16    00000002     --HOLE-- [fill = 0]
                  00003c18    0000009a     msp432_startup_ccs.obj (.text)
                  00003cb2    00000002     --HOLE-- [fill = 0]
                  00003cb4    00000098     rtsv7M4_T_le_v4SPD16_eabi.lib : fclose.obj (.text)
                  00003d4c    00000098                                   : fputc.obj (.text)
                  00003de4    00000090     main.obj (.text)
                  00003e74    00000086     rtsv7M4_T_le_v4SPD16_eabi.lib : fd_cmp_t2.obj (.text:__aeabi_cdcmple)
                  00003efa    00000086                                   : fd_cmp_t2.obj (.text:__aeabi_cdrcmple)
                  00003f80    0000007a                                   : memset_t2.obj (.text)
                  00003ffa    00000002     --HOLE-- [fill = 0]
                  00003ffc    00000070                                   : printf.obj (.text)
                  0000406c    0000006c                                   : autoinit.obj (.text)
                  000040d8    0000006a                                   : copy_decompress_rle.obj (.text)
                  00004142    00000002     --HOLE-- [fill = 0]
                  00004144    00000068                                   : trgmsg.obj (.text)
                  000041ac    00000066                                   : xdunscal.obj (.text)
                  00004212    00000002     --HOLE-- [fill = 0]
                  00004214    00000064                                   : fseek.obj (.text)
                  00004278    00000060                                   : sprintf.obj (.text)
                  000042d8    00000056                                   : ltoa.obj (.text)
                  0000432e    00000052                                   : ldexp.obj (.text)
                  00004380    00000050                                   : boot.obj (.text)
                  000043d0    0000004c                                   : atoi.obj (.text)
                  0000441c    0000004c                                   : cpy_tbl.obj (.text)
                  00004468    00000048                                   : fd_toi_t2.obj (.text)
                  000044b0    00000044                                   : exit.obj (.text)
                  000044f4    00000040                                   : signal.obj (.text)
                  00004534    00000034                                   : feraiseexcept.obj (.text)
                  00004568    00000034                                   : strstr.obj (.text)
                  0000459c    00000030                                   : strncpy.obj (.text)
                  000045cc    00000030                                   : xdclass.obj (.text)
                  000045fc    00000030                                   : xferaise.obj (.text)
                  0000462c    0000002e                                   : i_tofd_t2.obj (.text)
                  0000465a    0000002e                                   : raise.obj (.text)
                  00004688    0000002a                                   : frexp.obj (.text)
                  000046b2    00000020                                   : memchr.obj (.text)
                  000046d2    0000001c                                   : memccpy.obj (.text)
                  000046ee    00000002     --HOLE-- [fill = 0]
                  000046f0    00000018                                   : args_main.obj (.text)
                  00004708    00000018                                   : strcmp.obj (.text)
                  00004720    00000016                                   : strchr.obj (.text)
                  00004736    00000002     --HOLE-- [fill = 0]
                  00004738    00000014                                   : _lock.obj (.text)
                  0000474c    00000014                                   : strcpy.obj (.text)
                  00004760    00000014                                   : strlen.obj (.text)
                  00004774    0000000e                                   : copy_decompress_none.obj (.text:decompress:none)
                  00004782    0000000c                                   : copy_zero_init.obj (.text:decompress:ZI)
                  0000478e    00000006                                   : copy_decompress_rle.obj (.text:decompress:rle24)
                  00004794    00000004                                   : pre_init.obj (.text)

.const     0    00004798    0000014f     
                  00004798    00000101     rtsv7M4_T_le_v4SPD16_eabi.lib : ctype.obj (.const:.string:_ctypes_)
                  00004899    0000004e     esp8266.obj (.const:.string:$P$T0$1)

.cinit     0    000048e8    00000160     
                  000048e8    0000013b     (.cinit..data.load) [load image, compression = rle]
                  00004a23    00000001     --HOLE-- [fill = 0]
                  00004a24    0000000c     (__TI_handler_table)
                  00004a30    00000008     (.cinit..bss.load) [load image, compression = zero_init]
                  00004a38    00000010     (__TI_cinit_table)

.bss       0    20000000    00000de8     UNINITIALIZED
                  20000000    00000400     esp8266.obj (.bss:RXBuffer)
                  20000400    00000400     esp8266.obj (.bss:ServerResponseBuffer)
                  20000800    00000400     esp8266.obj (.bss:TXBuffer)
                  20000c00    00000120     rtsv7M4_T_le_v4SPD16_eabi.lib : trgmsg.obj (.bss:__CIOBUF_)
                  20000d20    000000a0                                   : defs.obj (.bss:__TI_tmpnams)
                  20000dc0    00000020     (.common:SearchString)
                  20000de0    00000008     (.common:parmbuf)

.TI.noinit 
*          0    20000000    00000000     UNINITIALIZED

.sysmem    0    20000de8    00000400     UNINITIALIZED
                  20000de8    00000008     rtsv7M4_T_le_v4SPD16_eabi.lib : memory.obj (.sysmem)
                  20000df0    000003f8     --HOLE--

.data      0    200011e8    000003fc     UNINITIALIZED
                  200011e8    000000f0     rtsv7M4_T_le_v4SPD16_eabi.lib : defs.obj (.data:_ftable)
                  200012d8    000000d0                                   : lowlev.obj (.data)
                  200013a8    000000b0                                   : signal.obj (.data:sigtable)
                  20001458    00000080                                   : xvalues.obj (.data)
                  200014d8    00000078     main.obj (.data:Fetch)
                  20001550    00000040     esp8266.obj (.data)
                  20001590    00000014     ClockSystem.obj (.data)
                  200015a4    00000010     rtsv7M4_T_le_v4SPD16_eabi.lib : defs.obj (.data)
                  200015b4    0000000c                                   : memory.obj (.data)
                  200015c0    00000008                                   : _lock.obj (.data)
                  200015c8    00000008                                   : exit.obj (.data)
                  200015d0    00000008                                   : feraiseexcept.obj (.data)
                  200015d8    00000004                                   : errno.obj (.data)
                  200015dc    00000004                                   : fopen.obj (.data)
                  200015e0    00000004                                   : stkdepth_vars.obj (.data)

.TI.persistent 
*          0    200011e8    00000000     UNINITIALIZED

.stack     0    2000fe00    00000200     UNINITIALIZED
                  2000fe00    00000200     --HOLE--


LINKER GENERATED COPY TABLES

__TI_cinit_table @ 00004a38 records: 2, size/record: 8, table size: 16
	.data: load addr=000048e8, load size=0000013b bytes, run addr=200011e8, run size=000003fc bytes, compression=rle
	.bss: load addr=00004a30, load size=00000008 bytes, run addr=20000000, run size=00000de8 bytes, compression=zero_init


LINKER GENERATED HANDLER TABLE

__TI_handler_table @ 00004a24 records: 3, size/record: 4, table size: 12
	index: 0, handler: __TI_decompress_rle24
	index: 1, handler: __TI_decompress_none
	index: 2, handler: __TI_zero_init


GLOBAL SYMBOLS: SORTED ALPHABETICALLY BY Name 

address   name                           
-------   ----                           
00003c6d  ADC14_IRQHandler               
00003c75  AES256_IRQHandler              
000036cf  Board_Input                    
000044b1  C$$EXIT                        
00004173  C$$IO$$                        
00003c49  COMP_E0_IRQHandler             
00003c4b  COMP_E1_IRQHandler             
20001594  CPMwait                        
00003c3f  CS_IRQHandler                  
00002261  Clock_Init                     
0000239b  Clock_Init32kHz                
000022ab  Clock_Init48MHz                
0000248d  Clock_InitLowPower             
200015a0  Crystalstable                  
20001558  CurrentReturnIndex             
00003c79  DMA_ERR_IRQHandler             
00003c81  DMA_INT0_IRQHandler            
00003c7f  DMA_INT1_IRQHandler            
00003c7d  DMA_INT2_IRQHandler            
00003c7b  DMA_INT3_IRQHandler            
00003c37  DebugMon_Handler               
0000148b  DelayMs                        
000014cd  DelayMsSearching               
00003c8f  DisableInterrupts              
000013cf  ESP8266DisableRXInterrupt      
000013bf  ESP8266EnableRXInterrupt       
000013fb  ESP8266FIFOtoBuffer            
00001339  ESP8266InitUART                
000013df  ESP8266PrintChar               
00001cc1  ESP8266ProcessInput            
00001467  ESP8266SendCommand             
20001563  ESP8266_APEnabled              
20001564  ESP8266_ClientEnabled          
00001ae1  ESP8266_CloseTCPConnection     
0000194d  ESP8266_ConfigureAccessPoint   
00001c4d  ESP8266_DisableServer          
20001561  ESP8266_EchoResponse           
00001c1d  ESP8266_EnableServer           
000019cd  ESP8266_GetIPAddress           
00001b61  ESP8266_GetStatus              
00001b9d  ESP8266_GetVersionNumber       
00001581  ESP8266_Init                   
20001566  ESP8266_InputProcessingEnabled 
00001711  ESP8266_JoinAccessPoint        
0000175d  ESP8266_ListAccessPoints       
00001a1b  ESP8266_MakeTCPConnection      
20001567  ESP8266_PageRequested          
20001560  ESP8266_ProcessBuffer          
00001799  ESP8266_QuitAccessPoint        
00001619  ESP8266_Reset                  
20001562  ESP8266_ResponseComplete       
00001a79  ESP8266_SendTCP                
20001565  ESP8266_ServerEnabled          
2000158c  ESP8266_ServerPort             
2000158e  ESP8266_ServerTimeout          
000016bd  ESP8266_SetConnectionMux       
00001b19  ESP8266_SetDataTransmissionMode
00001bd9  ESP8266_SetServerTimeout       
00001663  ESP8266_SetWifiMode            
00003c5d  EUSCIA0_IRQHandler             
00003c5f  EUSCIA1_IRQHandler             
000013b7  EUSCIA2_IRQHandler             
00003c63  EUSCIA3_IRQHandler             
00003c65  EUSCIB0_IRQHandler             
00003c67  EUSCIB1_IRQHandler             
00003c69  EUSCIB2_IRQHandler             
00003c6b  EUSCIB3_IRQHandler             
00003c95  EnableInterrupts               
00003ca5  EndCritical                    
00003c47  FLCTL_IRQHandler               
00003c45  FPU_IRQHandler                 
200014d8  Fetch                          
00002b29  HOSTclock                      
00002af1  HOSTclose                      
00002ab3  HOSTgetenv                     
00002a57  HOSTlseek                      
00002a05  HOSTopen                       
000029b9  HOSTread                       
0000295b  HOSTrename                     
00002921  HOSTtime                       
000028e9  HOSTunlink                     
0000289d  HOSTwrite                      
00001d57  HTTP_ServePage                 
2000159c  IFlags                         
00003721  LED_BlueOff                    
00003719  LED_BlueOn                     
00003729  LED_BlueToggle                 
00003705  LED_GreenOff                   
000036fd  LED_GreenOn                    
0000370d  LED_GreenToggle                
00003669  LED_Init                       
000036e9  LED_RedOff                     
000036e1  LED_RedOn                      
000036f1  LED_RedToggle                  
20001554  LastReturnIndex                
00002c0b  Output_Clear                   
00002c11  Output_Color                   
00002ccd  Output_Init                    
00002c0d  Output_Off                     
00002c0f  Output_On                      
00003c41  PCM_IRQHandler                 
00003c83  PORT1_IRQHandler               
00003c85  PORT2_IRQHandler               
00003c87  PORT3_IRQHandler               
00003c89  PORT4_IRQHandler               
00003c8b  PORT5_IRQHandler               
00003c8d  PORT6_IRQHandler               
00003c3d  PSS_IRQHandler                 
00003c39  PendSV_Handler                 
20001598  Postwait                       
20001590  Prewait                        
00003c77  RTC_C_IRQHandler               
20000000  RXBuffer                       
20001550  RXBufferIndex                  
UNDEFED   SHT$$INIT_ARRAY$$Base          
UNDEFED   SHT$$INIT_ARRAY$$Limit         
00003c35  SVC_Handler                    
00001221  SearchCheck                    
20001569  SearchFound                    
2000156c  SearchIndex                    
20001568  SearchLooking                  
00001201  SearchStart                    
20000dc0  SearchString                   
20000400  ServerResponseBuffer           
2000155c  ServerResponseIndex            
0000128d  ServerResponseSearchCheck      
20001580  ServerResponseSearchFinished   
20001584  ServerResponseSearchIndex      
20001588  ServerResponseSearchLooking    
00001269  ServerResponseSearchStart      
20001570  ServerResponseSearchString     
00003c9b  StartCritical                  
00003c3b  SysTick_Handler                
00003c6f  T32_INT1_IRQHandler            
00003c71  T32_INT2_IRQHandler            
00003c73  T32_INTC_IRQHandler            
00003c4d  TA0_0_IRQHandler               
00003c4f  TA0_N_IRQHandler               
00003c51  TA1_0_IRQHandler               
00003c53  TA1_N_IRQHandler               
00003c55  TA2_0_IRQHandler               
00003c57  TA2_N_IRQHandler               
00003c59  TA3_0_IRQHandler               
00003c5b  TA3_N_IRQHandler               
20000800  TXBuffer                       
00002bb7  UART_InChar                    
00002b71  UART_Init                      
00002bc7  UART_OutChar                   
4000480c  WDTCTL_SYM                     
00003c43  WDT_A_IRQHandler               
00003cad  WaitForInterrupt               
000045cd  _Dclass                        
20001458  _Denorm                        
00003a11  _Dnorm                         
00003559  _Dscale                        
000041ad  _Dunscale                      
20001468  _Eps                           
200015d8  _Errno                         
200015d0  _Fenv                          
000045fd  _Feraise                       
20001478  _Hugeval                       
20001488  _Inf                           
20001498  _Nan                           
200014b8  _Rteps                         
200014a8  _Snan                          
200015d4  _Tls_setup__Fenv               
200014c8  _Xbig                          
200014d0  _Zero                          
20000c00  __CIOBUF_                      
20010000  __STACK_END                    
00000200  __STACK_SIZE                   
00000400  __SYSMEM_SIZE                  
00004a38  __TI_CINIT_Base                
00004a48  __TI_CINIT_Limit               
00004a24  __TI_Handler_Table_Base        
00004a30  __TI_Handler_Table_Limit       
0000406d  __TI_auto_init                 
0000303d  __TI_cleanup                   
200015c8  __TI_cleanup_ptr               
00003cb5  __TI_closefile                 
00004775  __TI_decompress_none           
0000478f  __TI_decompress_rle24          
00003949  __TI_doflush                   
200015cc  __TI_dtors_ptr                 
200015a4  __TI_ft_end                    
00000ef9  __TI_printfi                   
00003b31  __TI_rd_ok                     
00004177  __TI_readmsg                   
00000000  __TI_static_base__             
20000d20  __TI_tmpnams                   
00004145  __TI_writemsg                  
00003acf  __TI_wrt_ok                    
00004783  __TI_zero_init                 
00003e75  __aeabi_cdcmpeq                
00003e75  __aeabi_cdcmple                
00003efb  __aeabi_cdrcmple               
00004469  __aeabi_d2iz                   
00003143  __aeabi_dadd                   
000032ef  __aeabi_ddiv                   
00003771  __aeabi_dmul                   
00003139  __aeabi_dsub                   
0000462d  __aeabi_i2d                    
00003f81  __aeabi_memclr                 
00003f81  __aeabi_memclr4                
00003f81  __aeabi_memclr8                
00003b7b  __aeabi_memcpy                 
00003b7b  __aeabi_memcpy4                
00003b7b  __aeabi_memcpy8                
00003f83  __aeabi_memset                 
00003f83  __aeabi_memset4                
00003f83  __aeabi_memset8                
200015b0  __aeabi_stderr                 
200015a8  __aeabi_stdin                  
200015ac  __aeabi_stdout                 
00002d81  __aeabi_uldivmod               
ffffffff  __binit__                      
ffffffff  __c_args__                     
2000fe00  __stack                        
000046f1  _args_main                     
00004381  _c_int00                       
00004798  _ctypes_                       
200011e8  _ftable                        
200015c0  _lock                          
00004747  _nop                           
0000473f  _register_lock                 
00004739  _register_unlock               
20000de8  _sys_memory                    
00004795  _system_pre_init               
200015c4  _unlock                        
000044b5  abort                          
000027f1  add_device                     
000043d1  atoi                           
ffffffff  binit                          
0000222d  calloc                         
000027a1  close                          
0000441d  copy_in                        
000044bd  exit                           
00003d1b  fclose                         
00004535  feraiseexcept                  
00002bfd  ferror                         
00003995  fflush                         
00002be3  fgetc                          
00003093  fopen                          
00003d4d  fputc                          
00003425  fputs                          
00001f7b  free                           
00003069  freopen                        
00004689  frexp                          
00004215  fseek                          
00000000  interruptVectors               
0000432f  ldexp                          
0000277d  lseek                          
000042d9  ltoa                           
00003de5  main                           
200015e0  main_func_sp                   
00001f13  malloc                         
00002149  memalign                       
000046d3  memccpy                        
000046b3  memchr                         
00003b7b  memcpy                         
00003f89  memset                         
00001e85  minit                          
000026cf  open                           
00004005  printf                         
00003d4d  putc                           
00003dd1  putchar                        
00003531  puts                           
0000465b  raise                          
000026ab  read                           
0000203d  realloc                        
00002621  remove                         
00002683  remove_device                  
00002645  rename                         
0000386d  setvbuf                        
000044f5  signal                         
00004279  sprintf                        
00004721  strchr                         
00004709  strcmp                         
0000474d  strcpy                         
00004761  strlen                         
0000459d  strncpy                        
00004569  strstr                         
00002c2b  uart_close                     
00002ca3  uart_lseek                     
00002c1b  uart_open                      
00002c37  uart_read                      
00002cbf  uart_rename                    
00002cb3  uart_unlink                    
00002c61  uart_write                     
00002621  unlink                         
00002591  write                          


GLOBAL SYMBOLS: SORTED BY Symbol Address 

address   name                           
-------   ----                           
00000000  __TI_static_base__             
00000000  interruptVectors               
00000200  __STACK_SIZE                   
00000400  __SYSMEM_SIZE                  
00000ef9  __TI_printfi                   
00001201  SearchStart                    
00001221  SearchCheck                    
00001269  ServerResponseSearchStart      
0000128d  ServerResponseSearchCheck      
00001339  ESP8266InitUART                
000013b7  EUSCIA2_IRQHandler             
000013bf  ESP8266EnableRXInterrupt       
000013cf  ESP8266DisableRXInterrupt      
000013df  ESP8266PrintChar               
000013fb  ESP8266FIFOtoBuffer            
00001467  ESP8266SendCommand             
0000148b  DelayMs                        
000014cd  DelayMsSearching               
00001581  ESP8266_Init                   
00001619  ESP8266_Reset                  
00001663  ESP8266_SetWifiMode            
000016bd  ESP8266_SetConnectionMux       
00001711  ESP8266_JoinAccessPoint        
0000175d  ESP8266_ListAccessPoints       
00001799  ESP8266_QuitAccessPoint        
0000194d  ESP8266_ConfigureAccessPoint   
000019cd  ESP8266_GetIPAddress           
00001a1b  ESP8266_MakeTCPConnection      
00001a79  ESP8266_SendTCP                
00001ae1  ESP8266_CloseTCPConnection     
00001b19  ESP8266_SetDataTransmissionMode
00001b61  ESP8266_GetStatus              
00001b9d  ESP8266_GetVersionNumber       
00001bd9  ESP8266_SetServerTimeout       
00001c1d  ESP8266_EnableServer           
00001c4d  ESP8266_DisableServer          
00001cc1  ESP8266ProcessInput            
00001d57  HTTP_ServePage                 
00001e85  minit                          
00001f13  malloc                         
00001f7b  free                           
0000203d  realloc                        
00002149  memalign                       
0000222d  calloc                         
00002261  Clock_Init                     
000022ab  Clock_Init48MHz                
0000239b  Clock_Init32kHz                
0000248d  Clock_InitLowPower             
00002591  write                          
00002621  remove                         
00002621  unlink                         
00002645  rename                         
00002683  remove_device                  
000026ab  read                           
000026cf  open                           
0000277d  lseek                          
000027a1  close                          
000027f1  add_device                     
0000289d  HOSTwrite                      
000028e9  HOSTunlink                     
00002921  HOSTtime                       
0000295b  HOSTrename                     
000029b9  HOSTread                       
00002a05  HOSTopen                       
00002a57  HOSTlseek                      
00002ab3  HOSTgetenv                     
00002af1  HOSTclose                      
00002b29  HOSTclock                      
00002b71  UART_Init                      
00002bb7  UART_InChar                    
00002bc7  UART_OutChar                   
00002be3  fgetc                          
00002bfd  ferror                         
00002c0b  Output_Clear                   
00002c0d  Output_Off                     
00002c0f  Output_On                      
00002c11  Output_Color                   
00002c1b  uart_open                      
00002c2b  uart_close                     
00002c37  uart_read                      
00002c61  uart_write                     
00002ca3  uart_lseek                     
00002cb3  uart_unlink                    
00002cbf  uart_rename                    
00002ccd  Output_Init                    
00002d81  __aeabi_uldivmod               
0000303d  __TI_cleanup                   
00003069  freopen                        
00003093  fopen                          
00003139  __aeabi_dsub                   
00003143  __aeabi_dadd                   
000032ef  __aeabi_ddiv                   
00003425  fputs                          
00003531  puts                           
00003559  _Dscale                        
00003669  LED_Init                       
000036cf  Board_Input                    
000036e1  LED_RedOn                      
000036e9  LED_RedOff                     
000036f1  LED_RedToggle                  
000036fd  LED_GreenOn                    
00003705  LED_GreenOff                   
0000370d  LED_GreenToggle                
00003719  LED_BlueOn                     
00003721  LED_BlueOff                    
00003729  LED_BlueToggle                 
00003771  __aeabi_dmul                   
0000386d  setvbuf                        
00003949  __TI_doflush                   
00003995  fflush                         
00003a11  _Dnorm                         
00003acf  __TI_wrt_ok                    
00003b31  __TI_rd_ok                     
00003b7b  __aeabi_memcpy                 
00003b7b  __aeabi_memcpy4                
00003b7b  __aeabi_memcpy8                
00003b7b  memcpy                         
00003c35  SVC_Handler                    
00003c37  DebugMon_Handler               
00003c39  PendSV_Handler                 
00003c3b  SysTick_Handler                
00003c3d  PSS_IRQHandler                 
00003c3f  CS_IRQHandler                  
00003c41  PCM_IRQHandler                 
00003c43  WDT_A_IRQHandler               
00003c45  FPU_IRQHandler                 
00003c47  FLCTL_IRQHandler               
00003c49  COMP_E0_IRQHandler             
00003c4b  COMP_E1_IRQHandler             
00003c4d  TA0_0_IRQHandler               
00003c4f  TA0_N_IRQHandler               
00003c51  TA1_0_IRQHandler               
00003c53  TA1_N_IRQHandler               
00003c55  TA2_0_IRQHandler               
00003c57  TA2_N_IRQHandler               
00003c59  TA3_0_IRQHandler               
00003c5b  TA3_N_IRQHandler               
00003c5d  EUSCIA0_IRQHandler             
00003c5f  EUSCIA1_IRQHandler             
00003c63  EUSCIA3_IRQHandler             
00003c65  EUSCIB0_IRQHandler             
00003c67  EUSCIB1_IRQHandler             
00003c69  EUSCIB2_IRQHandler             
00003c6b  EUSCIB3_IRQHandler             
00003c6d  ADC14_IRQHandler               
00003c6f  T32_INT1_IRQHandler            
00003c71  T32_INT2_IRQHandler            
00003c73  T32_INTC_IRQHandler            
00003c75  AES256_IRQHandler              
00003c77  RTC_C_IRQHandler               
00003c79  DMA_ERR_IRQHandler             
00003c7b  DMA_INT3_IRQHandler            
00003c7d  DMA_INT2_IRQHandler            
00003c7f  DMA_INT1_IRQHandler            
00003c81  DMA_INT0_IRQHandler            
00003c83  PORT1_IRQHandler               
00003c85  PORT2_IRQHandler               
00003c87  PORT3_IRQHandler               
00003c89  PORT4_IRQHandler               
00003c8b  PORT5_IRQHandler               
00003c8d  PORT6_IRQHandler               
00003c8f  DisableInterrupts              
00003c95  EnableInterrupts               
00003c9b  StartCritical                  
00003ca5  EndCritical                    
00003cad  WaitForInterrupt               
00003cb5  __TI_closefile                 
00003d1b  fclose                         
00003d4d  fputc                          
00003d4d  putc                           
00003dd1  putchar                        
00003de5  main                           
00003e75  __aeabi_cdcmpeq                
00003e75  __aeabi_cdcmple                
00003efb  __aeabi_cdrcmple               
00003f81  __aeabi_memclr                 
00003f81  __aeabi_memclr4                
00003f81  __aeabi_memclr8                
00003f83  __aeabi_memset                 
00003f83  __aeabi_memset4                
00003f83  __aeabi_memset8                
00003f89  memset                         
00004005  printf                         
0000406d  __TI_auto_init                 
00004145  __TI_writemsg                  
00004173  C$$IO$$                        
00004177  __TI_readmsg                   
000041ad  _Dunscale                      
00004215  fseek                          
00004279  sprintf                        
000042d9  ltoa                           
0000432f  ldexp                          
00004381  _c_int00                       
000043d1  atoi                           
0000441d  copy_in                        
00004469  __aeabi_d2iz                   
000044b1  C$$EXIT                        
000044b5  abort                          
000044bd  exit                           
000044f5  signal                         
00004535  feraiseexcept                  
00004569  strstr                         
0000459d  strncpy                        
000045cd  _Dclass                        
000045fd  _Feraise                       
0000462d  __aeabi_i2d                    
0000465b  raise                          
00004689  frexp                          
000046b3  memchr                         
000046d3  memccpy                        
000046f1  _args_main                     
00004709  strcmp                         
00004721  strchr                         
00004739  _register_unlock               
0000473f  _register_lock                 
00004747  _nop                           
0000474d  strcpy                         
00004761  strlen                         
00004775  __TI_decompress_none           
00004783  __TI_zero_init                 
0000478f  __TI_decompress_rle24          
00004795  _system_pre_init               
00004798  _ctypes_                       
00004a24  __TI_Handler_Table_Base        
00004a30  __TI_Handler_Table_Limit       
00004a38  __TI_CINIT_Base                
00004a48  __TI_CINIT_Limit               
20000000  RXBuffer                       
20000400  ServerResponseBuffer           
20000800  TXBuffer                       
20000c00  __CIOBUF_                      
20000d20  __TI_tmpnams                   
20000dc0  SearchString                   
20000de8  _sys_memory                    
200011e8  _ftable                        
20001458  _Denorm                        
20001468  _Eps                           
20001478  _Hugeval                       
20001488  _Inf                           
20001498  _Nan                           
200014a8  _Snan                          
200014b8  _Rteps                         
200014c8  _Xbig                          
200014d0  _Zero                          
200014d8  Fetch                          
20001550  RXBufferIndex                  
20001554  LastReturnIndex                
20001558  CurrentReturnIndex             
2000155c  ServerResponseIndex            
20001560  ESP8266_ProcessBuffer          
20001561  ESP8266_EchoResponse           
20001562  ESP8266_ResponseComplete       
20001563  ESP8266_APEnabled              
20001564  ESP8266_ClientEnabled          
20001565  ESP8266_ServerEnabled          
20001566  ESP8266_InputProcessingEnabled 
20001567  ESP8266_PageRequested          
20001568  SearchLooking                  
20001569  SearchFound                    
2000156c  SearchIndex                    
20001570  ServerResponseSearchString     
20001580  ServerResponseSearchFinished   
20001584  ServerResponseSearchIndex      
20001588  ServerResponseSearchLooking    
2000158c  ESP8266_ServerPort             
2000158e  ESP8266_ServerTimeout          
20001590  Prewait                        
20001594  CPMwait                        
20001598  Postwait                       
2000159c  IFlags                         
200015a0  Crystalstable                  
200015a4  __TI_ft_end                    
200015a8  __aeabi_stdin                  
200015ac  __aeabi_stdout                 
200015b0  __aeabi_stderr                 
200015c0  _lock                          
200015c4  _unlock                        
200015c8  __TI_cleanup_ptr               
200015cc  __TI_dtors_ptr                 
200015d0  _Fenv                          
200015d4  _Tls_setup__Fenv               
200015d8  _Errno                         
200015e0  main_func_sp                   
2000fe00  __stack                        
20010000  __STACK_END                    
4000480c  WDTCTL_SYM                     
ffffffff  __binit__                      
ffffffff  __c_args__                     
ffffffff  binit                          
UNDEFED   SHT$$INIT_ARRAY$$Base          
UNDEFED   SHT$$INIT_ARRAY$$Limit         

[291 symbols]
