******************************************************************************
                  TI ARM Linker PC v5.2.2                      
******************************************************************************
>> Linked Mon Jun 13 16:07:34 2016

OUTPUT FILE NAME:   <LinearInterpolation_MSP432.out>
ENTRY POINT SYMBOL: "_c_int00"  address: 000005b9


MEMORY CONFIGURATION

         name            origin    length      used     unused   attr    fill
----------------------  --------  ---------  --------  --------  ----  --------
  MAIN                  00000000   00040000  000009d0  0003f630  R  X
  INFO                  00200000   00004000  00000000  00004000  R  X
  SRAM_CODE             01000000   00010000  00000000  00010000  RW X
  SRAM_DATA             20000000   00010000  00000228  0000fdd8  RW  


SEGMENT ALLOCATION MAP

run origin  load origin   length   init length attrs members
----------  ----------- ---------- ----------- ----- -------
00000000    00000000    000009d0   000009d0    r-x
  00000000    00000000    00000144   00000144    r-- .intvecs
  00000144    00000144    000005a4   000005a4    r-x .text
  000006e8    000006e8    000002b0   000002b0    r-- .const
  00000998    00000998    00000038   00000038    r-- .cinit
20000000    20000000    00000028   00000000    rw-
  20000000    20000000    00000020   00000000    rw- .data
  20000020    20000020    00000008   00000000    rw- .bss
2000fe00    2000fe00    00000200   00000000    rw-
  2000fe00    2000fe00    00000200   00000000    rw- .stack


SECTION ALLOCATION MAP

 output                                  attributes/
section   page    origin      length       input sections
--------  ----  ----------  ----------   ----------------
.intvecs   0    00000000    00000144     
                  00000000    00000144     msp432_startup_ccs.obj (.intvecs)

.text      0    00000144    000005a4     
                  00000144    00000168     LinearInterpolation.obj (.text)
                  000002ac    0000009c     rtsv7M4_T_le_v4SPD16_eabi.lib : memcpy_t2.obj (.text)
                  00000348    0000009a     msp432_startup_ccs.obj (.text)
                  000003e2    00000002     --HOLE-- [fill = 0]
                  000003e4    00000080     Sine.obj (.text)
                  00000464    0000007a     rtsv7M4_T_le_v4SPD16_eabi.lib : memset_t2.obj (.text)
                  000004de    00000002     --HOLE-- [fill = 0]
                  000004e0    0000006c                                   : autoinit.obj (.text)
                  0000054c    0000006a                                   : copy_decompress_rle.obj (.text)
                  000005b6    00000002     --HOLE-- [fill = 0]
                  000005b8    00000050                                   : boot.obj (.text)
                  00000608    0000004c                                   : cpy_tbl.obj (.text)
                  00000654    00000044                                   : exit.obj (.text)
                  00000698    00000018                                   : args_main.obj (.text)
                  000006b0    00000014                                   : _lock.obj (.text)
                  000006c4    0000000e                                   : copy_decompress_none.obj (.text:decompress:none)
                  000006d2    0000000c                                   : copy_zero_init.obj (.text:decompress:ZI)
                  000006de    00000006                                   : copy_decompress_rle.obj (.text:decompress:rle24)
                  000006e4    00000004                                   : pre_init.obj (.text)

.const     0    000006e8    000002b0     
                  000006e8    00000200     LinearInterpolation.obj (.const:Expected)
                  000008e8    00000058     Sine.obj (.const:IxTab)
                  00000940    00000058     Sine.obj (.const:IyTab)

.cinit     0    00000998    00000038     
                  00000998    00000012     (.cinit..data.load) [load image, compression = rle]
                  000009aa    00000002     --HOLE-- [fill = 0]
                  000009ac    0000000c     (__TI_handler_table)
                  000009b8    00000008     (.cinit..bss.load) [load image, compression = zero_init]
                  000009c0    00000010     (__TI_cinit_table)

.data      0    20000000    00000020     UNINITIALIZED
                  20000000    0000000c     LinearInterpolation.obj (.data)
                  2000000c    00000008     rtsv7M4_T_le_v4SPD16_eabi.lib : _lock.obj (.data)
                  20000014    00000008                                   : exit.obj (.data)
                  2000001c    00000004                                   : stkdepth_vars.obj (.data)

.bss       0    20000020    00000008     UNINITIALIZED
                  20000020    00000004     (.common:i)
                  20000024    00000004     (.common:result)

.TI.persistent 
*          0    20000000    00000000     UNINITIALIZED

.TI.noinit 
*          0    20000020    00000000     UNINITIALIZED

.stack     0    2000fe00    00000200     UNINITIALIZED
                  2000fe00    00000200     --HOLE--


LINKER GENERATED COPY TABLES

__TI_cinit_table @ 000009c0 records: 2, size/record: 8, table size: 16
	.data: load addr=00000998, load size=00000012 bytes, run addr=20000000, run size=00000020 bytes, compression=rle
	.bss: load addr=000009b8, load size=00000008 bytes, run addr=20000020, run size=00000008 bytes, compression=zero_init


LINKER GENERATED HANDLER TABLE

__TI_handler_table @ 000009ac records: 3, size/record: 4, table size: 12
	index: 0, handler: __TI_decompress_rle24
	index: 1, handler: __TI_decompress_none
	index: 2, handler: __TI_zero_init


GLOBAL SYMBOLS: SORTED ALPHABETICALLY BY Name 

address   name                    
-------   ----                    
0000039d  ADC14_IRQHandler        
000003a5  AES256_IRQHandler       
00000655  C$$EXIT                 
00000379  COMP_E0_IRQHandler      
0000037b  COMP_E1_IRQHandler      
0000036f  CS_IRQHandler           
20000000  Correct                 
000003a9  DMA_ERR_IRQHandler      
000003b1  DMA_INT0_IRQHandler     
000003af  DMA_INT1_IRQHandler     
000003ad  DMA_INT2_IRQHandler     
000003ab  DMA_INT3_IRQHandler     
00000367  DebugMon_Handler        
000003bf  DisableInterrupts       
0000038d  EUSCIA0_IRQHandler      
0000038f  EUSCIA1_IRQHandler      
00000391  EUSCIA2_IRQHandler      
00000393  EUSCIA3_IRQHandler      
00000395  EUSCIB0_IRQHandler      
00000397  EUSCIB1_IRQHandler      
00000399  EUSCIB2_IRQHandler      
0000039b  EUSCIB3_IRQHandler      
000003c5  EnableInterrupts        
000003d5  EndCritical             
000006e8  Expected                
00000377  FLCTL_IRQHandler        
00000375  FPU_IRQHandler          
000008e8  IxTab                   
00000940  IyTab                   
2000000a  OffByFiveOrMore         
20000008  OffByFour               
20000002  OffByOne                
20000006  OffByThree              
20000004  OffByTwo                
00000371  PCM_IRQHandler          
000003b3  PORT1_IRQHandler        
000003b5  PORT2_IRQHandler        
000003b7  PORT3_IRQHandler        
000003b9  PORT4_IRQHandler        
000003bb  PORT5_IRQHandler        
000003bd  PORT6_IRQHandler        
0000036d  PSS_IRQHandler          
00000369  PendSV_Handler          
000003a7  RTC_C_IRQHandler        
UNDEFED   SHT$$INIT_ARRAY$$Base   
UNDEFED   SHT$$INIT_ARRAY$$Limit  
00000365  SVC_Handler             
000003e5  Sin                     
000003cb  StartCritical           
0000036b  SysTick_Handler         
0000039f  T32_INT1_IRQHandler     
000003a1  T32_INT2_IRQHandler     
000003a3  T32_INTC_IRQHandler     
0000037d  TA0_0_IRQHandler        
0000037f  TA0_N_IRQHandler        
00000381  TA1_0_IRQHandler        
00000383  TA1_N_IRQHandler        
00000385  TA2_0_IRQHandler        
00000387  TA2_N_IRQHandler        
00000389  TA3_0_IRQHandler        
0000038b  TA3_N_IRQHandler        
4000480c  WDTCTL_SYM              
00000373  WDT_A_IRQHandler        
000003dd  WaitForInterrupt        
20010000  __STACK_END             
00000200  __STACK_SIZE            
000009c0  __TI_CINIT_Base         
000009d0  __TI_CINIT_Limit        
000009ac  __TI_Handler_Table_Base 
000009b8  __TI_Handler_Table_Limit
000004e1  __TI_auto_init          
20000014  __TI_cleanup_ptr        
000006c5  __TI_decompress_none    
000006df  __TI_decompress_rle24   
20000018  __TI_dtors_ptr          
00000000  __TI_static_base__      
000006d3  __TI_zero_init          
00000465  __aeabi_memclr          
00000465  __aeabi_memclr4         
00000465  __aeabi_memclr8         
000002ad  __aeabi_memcpy          
000002ad  __aeabi_memcpy4         
000002ad  __aeabi_memcpy8         
00000467  __aeabi_memset          
00000467  __aeabi_memset4         
00000467  __aeabi_memset8         
ffffffff  __binit__               
ffffffff  __c_args__              
2000fe00  __stack                 
00000699  _args_main              
000005b9  _c_int00                
2000000c  _lock                   
000006bf  _nop                    
000006b7  _register_lock          
000006b1  _register_unlock        
000006e5  _system_pre_init        
20000010  _unlock                 
00000659  abort                   
ffffffff  binit                   
00000609  copy_in                 
00000661  exit                    
20000020  i                       
00000000  interruptVectors        
00000145  main                    
2000001c  main_func_sp            
000002ad  memcpy                  
0000046d  memset                  
20000024  result                  


GLOBAL SYMBOLS: SORTED BY Symbol Address 

address   name                    
-------   ----                    
00000000  __TI_static_base__      
00000000  interruptVectors        
00000145  main                    
00000200  __STACK_SIZE            
000002ad  __aeabi_memcpy          
000002ad  __aeabi_memcpy4         
000002ad  __aeabi_memcpy8         
000002ad  memcpy                  
00000365  SVC_Handler             
00000367  DebugMon_Handler        
00000369  PendSV_Handler          
0000036b  SysTick_Handler         
0000036d  PSS_IRQHandler          
0000036f  CS_IRQHandler           
00000371  PCM_IRQHandler          
00000373  WDT_A_IRQHandler        
00000375  FPU_IRQHandler          
00000377  FLCTL_IRQHandler        
00000379  COMP_E0_IRQHandler      
0000037b  COMP_E1_IRQHandler      
0000037d  TA0_0_IRQHandler        
0000037f  TA0_N_IRQHandler        
00000381  TA1_0_IRQHandler        
00000383  TA1_N_IRQHandler        
00000385  TA2_0_IRQHandler        
00000387  TA2_N_IRQHandler        
00000389  TA3_0_IRQHandler        
0000038b  TA3_N_IRQHandler        
0000038d  EUSCIA0_IRQHandler      
0000038f  EUSCIA1_IRQHandler      
00000391  EUSCIA2_IRQHandler      
00000393  EUSCIA3_IRQHandler      
00000395  EUSCIB0_IRQHandler      
00000397  EUSCIB1_IRQHandler      
00000399  EUSCIB2_IRQHandler      
0000039b  EUSCIB3_IRQHandler      
0000039d  ADC14_IRQHandler        
0000039f  T32_INT1_IRQHandler     
000003a1  T32_INT2_IRQHandler     
000003a3  T32_INTC_IRQHandler     
000003a5  AES256_IRQHandler       
000003a7  RTC_C_IRQHandler        
000003a9  DMA_ERR_IRQHandler      
000003ab  DMA_INT3_IRQHandler     
000003ad  DMA_INT2_IRQHandler     
000003af  DMA_INT1_IRQHandler     
000003b1  DMA_INT0_IRQHandler     
000003b3  PORT1_IRQHandler        
000003b5  PORT2_IRQHandler        
000003b7  PORT3_IRQHandler        
000003b9  PORT4_IRQHandler        
000003bb  PORT5_IRQHandler        
000003bd  PORT6_IRQHandler        
000003bf  DisableInterrupts       
000003c5  EnableInterrupts        
000003cb  StartCritical           
000003d5  EndCritical             
000003dd  WaitForInterrupt        
000003e5  Sin                     
00000465  __aeabi_memclr          
00000465  __aeabi_memclr4         
00000465  __aeabi_memclr8         
00000467  __aeabi_memset          
00000467  __aeabi_memset4         
00000467  __aeabi_memset8         
0000046d  memset                  
000004e1  __TI_auto_init          
000005b9  _c_int00                
00000609  copy_in                 
00000655  C$$EXIT                 
00000659  abort                   
00000661  exit                    
00000699  _args_main              
000006b1  _register_unlock        
000006b7  _register_lock          
000006bf  _nop                    
000006c5  __TI_decompress_none    
000006d3  __TI_zero_init          
000006df  __TI_decompress_rle24   
000006e5  _system_pre_init        
000006e8  Expected                
000008e8  IxTab                   
00000940  IyTab                   
000009ac  __TI_Handler_Table_Base 
000009b8  __TI_Handler_Table_Limit
000009c0  __TI_CINIT_Base         
000009d0  __TI_CINIT_Limit        
20000000  Correct                 
20000002  OffByOne                
20000004  OffByTwo                
20000006  OffByThree              
20000008  OffByFour               
2000000a  OffByFiveOrMore         
2000000c  _lock                   
20000010  _unlock                 
20000014  __TI_cleanup_ptr        
20000018  __TI_dtors_ptr          
2000001c  main_func_sp            
20000020  i                       
20000024  result                  
2000fe00  __stack                 
20010000  __STACK_END             
4000480c  WDTCTL_SYM              
ffffffff  __binit__               
ffffffff  __c_args__              
ffffffff  binit                   
UNDEFED   SHT$$INIT_ARRAY$$Base   
UNDEFED   SHT$$INIT_ARRAY$$Limit  

[108 symbols]
