******************************************************************************
                  TI ARM Linker PC v5.2.4                      
******************************************************************************
>> Linked Mon Jun 13 16:06:23 2016

OUTPUT FILE NAME:   <ADCSWTriggerTwoChan_MSP432.out>
ENTRY POINT SYMBOL: "_c_int00"  address: 000005c5


MEMORY CONFIGURATION

         name            origin    length      used     unused   attr    fill
----------------------  --------  ---------  --------  --------  ----  --------
  MAIN                  00000000   00040000  0000074c  0003f8b4  R  X
  INFO                  00200000   00004000  00000000  00004000  R  X
  SRAM_CODE             01000000   00010000  00000000  00010000  RW X
  SRAM_DATA             20000000   00010000  0000021c  0000fde4  RW  


SEGMENT ALLOCATION MAP

run origin  load origin   length   init length attrs members
----------  ----------- ---------- ----------- ----- -------
00000000    00000000    00000750   00000750    r-x
  00000000    00000000    00000144   00000144    r-- .intvecs
  00000144    00000144    000005b0   000005b0    r-x .text
  000006f4    000006f4    00000020   00000020    r-- .const
  00000718    00000718    00000038   00000038    r-- .cinit
20000000    20000000    0000001c   00000000    rw-
  20000000    20000000    00000014   00000000    rw- .data
  20000014    20000014    00000008   00000000    rw- .bss
2000fe00    2000fe00    00000200   00000000    rw-
  2000fe00    2000fe00    00000200   00000000    rw- .stack


SECTION ALLOCATION MAP

 output                                  attributes/
section   page    origin      length       input sections
--------  ----  ----------  ----------   ----------------
.intvecs   0    00000000    00000144     
                  00000000    00000144     msp432_startup_ccs.obj (.intvecs)

.text      0    00000144    000005b0     
                  00000144    0000011c     ADCTestMain.obj (.text)
                  00000260    000000dc     ADC14.obj (.text)
                  0000033c    0000009c     rtsv7M4_T_le_v4SPD16_eabi.lib : memcpy_t2.obj (.text)
                  000003d8    0000009a     msp432_startup_ccs.obj (.text)
                  00000472    0000007a     rtsv7M4_T_le_v4SPD16_eabi.lib : memset_t2.obj (.text)
                  000004ec    0000006c                                   : autoinit.obj (.text)
                  00000558    0000006a                                   : copy_decompress_rle.obj (.text)
                  000005c2    00000002     --HOLE-- [fill = 0]
                  000005c4    00000050                                   : boot.obj (.text)
                  00000614    0000004c                                   : cpy_tbl.obj (.text)
                  00000660    00000044                                   : exit.obj (.text)
                  000006a4    00000018                                   : args_main.obj (.text)
                  000006bc    00000014                                   : _lock.obj (.text)
                  000006d0    0000000e                                   : copy_decompress_none.obj (.text:decompress:none)
                  000006de    0000000c                                   : copy_zero_init.obj (.text:decompress:ZI)
                  000006ea    00000006                                   : copy_decompress_rle.obj (.text:decompress:rle24)
                  000006f0    00000004                                   : pre_init.obj (.text)

.const     0    000006f4    00000020     
                  000006f4    00000020     ADCTestMain.obj (.const)

.cinit     0    00000718    00000038     
                  00000718    0000000f     (.cinit..data.load) [load image, compression = rle]
                  00000727    00000001     --HOLE-- [fill = 0]
                  00000728    0000000c     (__TI_handler_table)
                  00000734    00000004     --HOLE-- [fill = 0]
                  00000738    00000008     (.cinit..bss.load) [load image, compression = zero_init]
                  00000740    00000010     (__TI_cinit_table)

.data      0    20000000    00000014     UNINITIALIZED
                  20000000    00000008     rtsv7M4_T_le_v4SPD16_eabi.lib : _lock.obj (.data)
                  20000008    00000008                                   : exit.obj (.data)
                  20000010    00000004                                   : stkdepth_vars.obj (.data)

.bss       0    20000014    00000008     UNINITIALIZED
                  20000014    00000004     (.common:Ch6)
                  20000018    00000004     (.common:Ch7)

.TI.persistent 
*          0    20000000    00000000     UNINITIALIZED

.TI.noinit 
*          0    20000014    00000000     UNINITIALIZED

.stack     0    2000fe00    00000200     UNINITIALIZED
                  2000fe00    00000200     --HOLE--


LINKER GENERATED COPY TABLES

__TI_cinit_table @ 00000740 records: 2, size/record: 8, table size: 16
	.data: load addr=00000718, load size=0000000f bytes, run addr=20000000, run size=00000014 bytes, compression=rle
	.bss: load addr=00000738, load size=00000008 bytes, run addr=20000014, run size=00000008 bytes, compression=zero_init


LINKER GENERATED HANDLER TABLE

__TI_handler_table @ 00000728 records: 3, size/record: 4, table size: 12
	index: 0, handler: __TI_decompress_rle24
	index: 1, handler: __TI_decompress_none
	index: 2, handler: __TI_zero_init


GLOBAL SYMBOLS: SORTED ALPHABETICALLY BY Name 

address   name                    
-------   ----                    
00000261  ADC0_InitSWTriggerCh67  
0000042d  ADC14_IRQHandler        
000002d1  ADC_In67                
00000435  AES256_IRQHandler       
00000661  C$$EXIT                 
000006f4  COLORWHEEL              
00000409  COMP_E0_IRQHandler      
0000040b  COMP_E1_IRQHandler      
000003ff  CS_IRQHandler           
20000014  Ch6                     
20000018  Ch7                     
00000439  DMA_ERR_IRQHandler      
00000441  DMA_INT0_IRQHandler     
0000043f  DMA_INT1_IRQHandler     
0000043d  DMA_INT2_IRQHandler     
0000043b  DMA_INT3_IRQHandler     
000003f7  DebugMon_Handler        
0000044f  DisableInterrupts       
0000041d  EUSCIA0_IRQHandler      
0000041f  EUSCIA1_IRQHandler      
00000421  EUSCIA2_IRQHandler      
00000423  EUSCIA3_IRQHandler      
00000425  EUSCIB0_IRQHandler      
00000427  EUSCIB1_IRQHandler      
00000429  EUSCIB2_IRQHandler      
0000042b  EUSCIB3_IRQHandler      
00000455  EnableInterrupts        
00000465  EndCritical             
00000407  FLCTL_IRQHandler        
00000405  FPU_IRQHandler          
00000401  PCM_IRQHandler          
00000443  PORT1_IRQHandler        
00000445  PORT2_IRQHandler        
00000447  PORT3_IRQHandler        
00000449  PORT4_IRQHandler        
0000044b  PORT5_IRQHandler        
0000044d  PORT6_IRQHandler        
000003fd  PSS_IRQHandler          
000003f9  PendSV_Handler          
00000437  RTC_C_IRQHandler        
UNDEFED   SHT$$INIT_ARRAY$$Base   
UNDEFED   SHT$$INIT_ARRAY$$Limit  
000003f5  SVC_Handler             
0000045b  StartCritical           
00000175  SysTick_Handler         
00000145  SysTick_Init10HzInt     
0000042f  T32_INT1_IRQHandler     
00000431  T32_INT2_IRQHandler     
00000433  T32_INTC_IRQHandler     
0000040d  TA0_0_IRQHandler        
0000040f  TA0_N_IRQHandler        
00000411  TA1_0_IRQHandler        
00000413  TA1_N_IRQHandler        
00000415  TA2_0_IRQHandler        
00000417  TA2_N_IRQHandler        
00000419  TA3_0_IRQHandler        
0000041b  TA3_N_IRQHandler        
4000480c  WDTCTL_SYM              
00000403  WDT_A_IRQHandler        
0000046d  WaitForInterrupt        
20010000  __STACK_END             
00000200  __STACK_SIZE            
00000740  __TI_CINIT_Base         
00000750  __TI_CINIT_Limit        
00000728  __TI_Handler_Table_Base 
00000734  __TI_Handler_Table_Limit
000004ed  __TI_auto_init          
20000008  __TI_cleanup_ptr        
000006d1  __TI_decompress_none    
000006eb  __TI_decompress_rle24   
2000000c  __TI_dtors_ptr          
00000000  __TI_static_base__      
000006df  __TI_zero_init          
00000473  __aeabi_memclr          
00000473  __aeabi_memclr4         
00000473  __aeabi_memclr8         
0000033d  __aeabi_memcpy          
0000033d  __aeabi_memcpy4         
0000033d  __aeabi_memcpy8         
00000475  __aeabi_memset          
00000475  __aeabi_memset4         
00000475  __aeabi_memset8         
ffffffff  __binit__               
ffffffff  __c_args__              
2000fe00  __stack                 
000006a5  _args_main              
000005c5  _c_int00                
20000000  _lock                   
000006cb  _nop                    
000006c3  _register_lock          
000006bd  _register_unlock        
000006f1  _system_pre_init        
20000004  _unlock                 
00000665  abort                   
ffffffff  binit                   
00000615  copy_in                 
0000066d  exit                    
00000000  interruptVectors        
00000181  main                    
20000010  main_func_sp            
0000033d  memcpy                  
0000047b  memset                  


GLOBAL SYMBOLS: SORTED BY Symbol Address 

address   name                    
-------   ----                    
00000000  __TI_static_base__      
00000000  interruptVectors        
00000145  SysTick_Init10HzInt     
00000175  SysTick_Handler         
00000181  main                    
00000200  __STACK_SIZE            
00000261  ADC0_InitSWTriggerCh67  
000002d1  ADC_In67                
0000033d  __aeabi_memcpy          
0000033d  __aeabi_memcpy4         
0000033d  __aeabi_memcpy8         
0000033d  memcpy                  
000003f5  SVC_Handler             
000003f7  DebugMon_Handler        
000003f9  PendSV_Handler          
000003fd  PSS_IRQHandler          
000003ff  CS_IRQHandler           
00000401  PCM_IRQHandler          
00000403  WDT_A_IRQHandler        
00000405  FPU_IRQHandler          
00000407  FLCTL_IRQHandler        
00000409  COMP_E0_IRQHandler      
0000040b  COMP_E1_IRQHandler      
0000040d  TA0_0_IRQHandler        
0000040f  TA0_N_IRQHandler        
00000411  TA1_0_IRQHandler        
00000413  TA1_N_IRQHandler        
00000415  TA2_0_IRQHandler        
00000417  TA2_N_IRQHandler        
00000419  TA3_0_IRQHandler        
0000041b  TA3_N_IRQHandler        
0000041d  EUSCIA0_IRQHandler      
0000041f  EUSCIA1_IRQHandler      
00000421  EUSCIA2_IRQHandler      
00000423  EUSCIA3_IRQHandler      
00000425  EUSCIB0_IRQHandler      
00000427  EUSCIB1_IRQHandler      
00000429  EUSCIB2_IRQHandler      
0000042b  EUSCIB3_IRQHandler      
0000042d  ADC14_IRQHandler        
0000042f  T32_INT1_IRQHandler     
00000431  T32_INT2_IRQHandler     
00000433  T32_INTC_IRQHandler     
00000435  AES256_IRQHandler       
00000437  RTC_C_IRQHandler        
00000439  DMA_ERR_IRQHandler      
0000043b  DMA_INT3_IRQHandler     
0000043d  DMA_INT2_IRQHandler     
0000043f  DMA_INT1_IRQHandler     
00000441  DMA_INT0_IRQHandler     
00000443  PORT1_IRQHandler        
00000445  PORT2_IRQHandler        
00000447  PORT3_IRQHandler        
00000449  PORT4_IRQHandler        
0000044b  PORT5_IRQHandler        
0000044d  PORT6_IRQHandler        
0000044f  DisableInterrupts       
00000455  EnableInterrupts        
0000045b  StartCritical           
00000465  EndCritical             
0000046d  WaitForInterrupt        
00000473  __aeabi_memclr          
00000473  __aeabi_memclr4         
00000473  __aeabi_memclr8         
00000475  __aeabi_memset          
00000475  __aeabi_memset4         
00000475  __aeabi_memset8         
0000047b  memset                  
000004ed  __TI_auto_init          
000005c5  _c_int00                
00000615  copy_in                 
00000661  C$$EXIT                 
00000665  abort                   
0000066d  exit                    
000006a5  _args_main              
000006bd  _register_unlock        
000006c3  _register_lock          
000006cb  _nop                    
000006d1  __TI_decompress_none    
000006df  __TI_zero_init          
000006eb  __TI_decompress_rle24   
000006f1  _system_pre_init        
000006f4  COLORWHEEL              
00000728  __TI_Handler_Table_Base 
00000734  __TI_Handler_Table_Limit
00000740  __TI_CINIT_Base         
00000750  __TI_CINIT_Limit        
20000000  _lock                   
20000004  _unlock                 
20000008  __TI_cleanup_ptr        
2000000c  __TI_dtors_ptr          
20000010  main_func_sp            
20000014  Ch6                     
20000018  Ch7                     
2000fe00  __stack                 
20010000  __STACK_END             
4000480c  WDTCTL_SYM              
ffffffff  __binit__               
ffffffff  __c_args__              
ffffffff  binit                   
UNDEFED   SHT$$INIT_ARRAY$$Base   
UNDEFED   SHT$$INIT_ARRAY$$Limit  

[102 symbols]
