******************************************************************************
                  TI ARM Linker PC v5.2.4                      
******************************************************************************
>> Linked Mon Jun 13 16:07:31 2016

OUTPUT FILE NAME:   <LLFifo_MSP432.out>
ENTRY POINT SYMBOL: "_c_int00"  address: 00000699


MEMORY CONFIGURATION

         name            origin    length      used     unused   attr    fill
----------------------  --------  ---------  --------  --------  ----  --------
  MAIN                  00000000   00040000  00000800  0003f800  R  X
  INFO                  00200000   00004000  00000000  00004000  R  X
  SRAM_CODE             01000000   00010000  00000000  00010000  RW X
  SRAM_DATA             20000000   00010000  00000288  0000fd78  RW  


SEGMENT ALLOCATION MAP

run origin  load origin   length   init length attrs members
----------  ----------- ---------- ----------- ----- -------
00000000    00000000    00000800   00000800    r-x
  00000000    00000000    00000144   00000144    r-- .intvecs
  00000144    00000144    00000684   00000684    r-x .text
  000007c8    000007c8    00000038   00000038    r-- .cinit
20000000    20000000    00000088   00000000    rw-
  20000000    20000000    00000074   00000000    rw- .bss
  20000074    20000074    00000014   00000000    rw- .data
2000fe00    2000fe00    00000200   00000000    rw-
  2000fe00    2000fe00    00000200   00000000    rw- .stack


SECTION ALLOCATION MAP

 output                                  attributes/
section   page    origin      length       input sections
--------  ----  ----------  ----------   ----------------
.intvecs   0    00000000    00000144     
                  00000000    00000144     msp432_startup_ccs.obj (.intvecs)

.text      0    00000144    00000684     
                  00000144    000001b4     LLFifoTestMain.obj (.text)
                  000002f8    0000009c     rtsv7M4_T_le_v4SPD16_eabi.lib : memcpy_t2.obj (.text)
                  00000394    0000009a     msp432_startup_ccs.obj (.text)
                  0000042e    00000002     --HOLE-- [fill = 0]
                  00000430    00000098     LLFifo.obj (.text)
                  000004c8    0000007c     Heap.obj (.text)
                  00000544    0000007a     rtsv7M4_T_le_v4SPD16_eabi.lib : memset_t2.obj (.text)
                  000005be    00000002     --HOLE-- [fill = 0]
                  000005c0    0000006c                                   : autoinit.obj (.text)
                  0000062c    0000006a                                   : copy_decompress_rle.obj (.text)
                  00000696    00000002     --HOLE-- [fill = 0]
                  00000698    00000050                                   : boot.obj (.text)
                  000006e8    0000004c                                   : cpy_tbl.obj (.text)
                  00000734    00000044                                   : exit.obj (.text)
                  00000778    00000018                                   : args_main.obj (.text)
                  00000790    00000014                                   : _lock.obj (.text)
                  000007a4    0000000e                                   : copy_decompress_none.obj (.text:decompress:none)
                  000007b2    0000000c                                   : copy_zero_init.obj (.text:decompress:ZI)
                  000007be    00000006                                   : copy_decompress_rle.obj (.text:decompress:rle24)
                  000007c4    00000004                                   : pre_init.obj (.text)

.cinit     0    000007c8    00000038     
                  000007c8    0000000f     (.cinit..data.load) [load image, compression = rle]
                  000007d7    00000001     --HOLE-- [fill = 0]
                  000007d8    0000000c     (__TI_handler_table)
                  000007e4    00000004     --HOLE-- [fill = 0]
                  000007e8    00000008     (.cinit..bss.load) [load image, compression = zero_init]
                  000007f0    00000010     (__TI_cinit_table)

.bss       0    20000000    00000074     UNINITIALIZED
                  20000000    00000050     Heap.obj (.bss:Heap)
                  20000050    00000004     (.common:FreePt)
                  20000054    00000004     (.common:GetPt)
                  20000058    00000004     (.common:PutPt)
                  2000005c    00000004     (.common:RunNumber)
                  20000060    00000004     (.common:d1)
                  20000064    00000004     (.common:d2)
                  20000068    00000004     (.common:d3)
                  2000006c    00000004     (.common:d4)
                  20000070    00000004     (.common:d5)

.data      0    20000074    00000014     UNINITIALIZED
                  20000074    00000008     rtsv7M4_T_le_v4SPD16_eabi.lib : _lock.obj (.data)
                  2000007c    00000008                                   : exit.obj (.data)
                  20000084    00000004                                   : stkdepth_vars.obj (.data)

.TI.noinit 
*          0    20000000    00000000     UNINITIALIZED

.TI.persistent 
*          0    20000074    00000000     UNINITIALIZED

.stack     0    2000fe00    00000200     UNINITIALIZED
                  2000fe00    00000200     --HOLE--


LINKER GENERATED COPY TABLES

__TI_cinit_table @ 000007f0 records: 2, size/record: 8, table size: 16
	.data: load addr=000007c8, load size=0000000f bytes, run addr=20000074, run size=00000014 bytes, compression=rle
	.bss: load addr=000007e8, load size=00000008 bytes, run addr=20000000, run size=00000074 bytes, compression=zero_init


LINKER GENERATED HANDLER TABLE

__TI_handler_table @ 000007d8 records: 3, size/record: 4, table size: 12
	index: 0, handler: __TI_decompress_rle24
	index: 1, handler: __TI_decompress_none
	index: 2, handler: __TI_zero_init


GLOBAL SYMBOLS: SORTED ALPHABETICALLY BY Name 

address   name                    
-------   ----                    
000003e9  ADC14_IRQHandler        
000003f1  AES256_IRQHandler       
00000735  C$$EXIT                 
000003c5  COMP_E0_IRQHandler      
000003c7  COMP_E1_IRQHandler      
000003bb  CS_IRQHandler           
000003f5  DMA_ERR_IRQHandler      
000003fd  DMA_INT0_IRQHandler     
000003fb  DMA_INT1_IRQHandler     
000003f9  DMA_INT2_IRQHandler     
000003f7  DMA_INT3_IRQHandler     
000003b3  DebugMon_Handler        
0000040b  DisableInterrupts       
000003d9  EUSCIA0_IRQHandler      
000003db  EUSCIA1_IRQHandler      
000003dd  EUSCIA2_IRQHandler      
000003df  EUSCIA3_IRQHandler      
000003e1  EUSCIB0_IRQHandler      
000003e3  EUSCIB1_IRQHandler      
000003e5  EUSCIB2_IRQHandler      
000003e7  EUSCIB3_IRQHandler      
00000411  EnableInterrupts        
00000421  EndCritical             
000003c3  FLCTL_IRQHandler        
000003c1  FPU_IRQHandler          
00000483  Fifo_Get                
00000431  Fifo_Init               
00000445  Fifo_Put                
20000050  FreePt                  
20000054  GetPt                   
20000000  Heap                    
00000503  Heap_Allocate           
000004c9  Heap_Init               
0000051f  Heap_Release            
000003bd  PCM_IRQHandler          
000003ff  PORT1_IRQHandler        
00000401  PORT2_IRQHandler        
00000403  PORT3_IRQHandler        
00000405  PORT4_IRQHandler        
00000407  PORT5_IRQHandler        
00000409  PORT6_IRQHandler        
000003b9  PSS_IRQHandler          
000003b5  PendSV_Handler          
20000058  PutPt                   
000003f3  RTC_C_IRQHandler        
2000005c  RunNumber               
UNDEFED   SHT$$INIT_ARRAY$$Base   
UNDEFED   SHT$$INIT_ARRAY$$Limit  
000003b1  SVC_Handler             
00000417  StartCritical           
000003b7  SysTick_Handler         
000003eb  T32_INT1_IRQHandler     
000003ed  T32_INT2_IRQHandler     
000003ef  T32_INTC_IRQHandler     
000003c9  TA0_0_IRQHandler        
000003cb  TA0_N_IRQHandler        
000003cd  TA1_0_IRQHandler        
000003cf  TA1_N_IRQHandler        
000003d1  TA2_0_IRQHandler        
000003d3  TA2_N_IRQHandler        
000003d5  TA3_0_IRQHandler        
000003d7  TA3_N_IRQHandler        
4000480c  WDTCTL_SYM              
000003bf  WDT_A_IRQHandler        
00000429  WaitForInterrupt        
20010000  __STACK_END             
00000200  __STACK_SIZE            
000007f0  __TI_CINIT_Base         
00000800  __TI_CINIT_Limit        
000007d8  __TI_Handler_Table_Base 
000007e4  __TI_Handler_Table_Limit
000005c1  __TI_auto_init          
2000007c  __TI_cleanup_ptr        
000007a5  __TI_decompress_none    
000007bf  __TI_decompress_rle24   
20000080  __TI_dtors_ptr          
00000000  __TI_static_base__      
000007b3  __TI_zero_init          
00000545  __aeabi_memclr          
00000545  __aeabi_memclr4         
00000545  __aeabi_memclr8         
000002f9  __aeabi_memcpy          
000002f9  __aeabi_memcpy4         
000002f9  __aeabi_memcpy8         
00000547  __aeabi_memset          
00000547  __aeabi_memset4         
00000547  __aeabi_memset8         
ffffffff  __binit__               
ffffffff  __c_args__              
2000fe00  __stack                 
00000779  _args_main              
00000699  _c_int00                
20000074  _lock                   
0000079f  _nop                    
00000797  _register_lock          
00000791  _register_unlock        
000007c5  _system_pre_init        
20000078  _unlock                 
00000739  abort                   
ffffffff  binit                   
000006e9  copy_in                 
00000145  crash                   
20000060  d1                      
20000064  d2                      
20000068  d3                      
2000006c  d4                      
20000070  d5                      
00000741  exit                    
00000000  interruptVectors        
00000147  main                    
20000084  main_func_sp            
000002f9  memcpy                  
0000054d  memset                  


GLOBAL SYMBOLS: SORTED BY Symbol Address 

address   name                    
-------   ----                    
00000000  __TI_static_base__      
00000000  interruptVectors        
00000145  crash                   
00000147  main                    
00000200  __STACK_SIZE            
000002f9  __aeabi_memcpy          
000002f9  __aeabi_memcpy4         
000002f9  __aeabi_memcpy8         
000002f9  memcpy                  
000003b1  SVC_Handler             
000003b3  DebugMon_Handler        
000003b5  PendSV_Handler          
000003b7  SysTick_Handler         
000003b9  PSS_IRQHandler          
000003bb  CS_IRQHandler           
000003bd  PCM_IRQHandler          
000003bf  WDT_A_IRQHandler        
000003c1  FPU_IRQHandler          
000003c3  FLCTL_IRQHandler        
000003c5  COMP_E0_IRQHandler      
000003c7  COMP_E1_IRQHandler      
000003c9  TA0_0_IRQHandler        
000003cb  TA0_N_IRQHandler        
000003cd  TA1_0_IRQHandler        
000003cf  TA1_N_IRQHandler        
000003d1  TA2_0_IRQHandler        
000003d3  TA2_N_IRQHandler        
000003d5  TA3_0_IRQHandler        
000003d7  TA3_N_IRQHandler        
000003d9  EUSCIA0_IRQHandler      
000003db  EUSCIA1_IRQHandler      
000003dd  EUSCIA2_IRQHandler      
000003df  EUSCIA3_IRQHandler      
000003e1  EUSCIB0_IRQHandler      
000003e3  EUSCIB1_IRQHandler      
000003e5  EUSCIB2_IRQHandler      
000003e7  EUSCIB3_IRQHandler      
000003e9  ADC14_IRQHandler        
000003eb  T32_INT1_IRQHandler     
000003ed  T32_INT2_IRQHandler     
000003ef  T32_INTC_IRQHandler     
000003f1  AES256_IRQHandler       
000003f3  RTC_C_IRQHandler        
000003f5  DMA_ERR_IRQHandler      
000003f7  DMA_INT3_IRQHandler     
000003f9  DMA_INT2_IRQHandler     
000003fb  DMA_INT1_IRQHandler     
000003fd  DMA_INT0_IRQHandler     
000003ff  PORT1_IRQHandler        
00000401  PORT2_IRQHandler        
00000403  PORT3_IRQHandler        
00000405  PORT4_IRQHandler        
00000407  PORT5_IRQHandler        
00000409  PORT6_IRQHandler        
0000040b  DisableInterrupts       
00000411  EnableInterrupts        
00000417  StartCritical           
00000421  EndCritical             
00000429  WaitForInterrupt        
00000431  Fifo_Init               
00000445  Fifo_Put                
00000483  Fifo_Get                
000004c9  Heap_Init               
00000503  Heap_Allocate           
0000051f  Heap_Release            
00000545  __aeabi_memclr          
00000545  __aeabi_memclr4         
00000545  __aeabi_memclr8         
00000547  __aeabi_memset          
00000547  __aeabi_memset4         
00000547  __aeabi_memset8         
0000054d  memset                  
000005c1  __TI_auto_init          
00000699  _c_int00                
000006e9  copy_in                 
00000735  C$$EXIT                 
00000739  abort                   
00000741  exit                    
00000779  _args_main              
00000791  _register_unlock        
00000797  _register_lock          
0000079f  _nop                    
000007a5  __TI_decompress_none    
000007b3  __TI_zero_init          
000007bf  __TI_decompress_rle24   
000007c5  _system_pre_init        
000007d8  __TI_Handler_Table_Base 
000007e4  __TI_Handler_Table_Limit
000007f0  __TI_CINIT_Base         
00000800  __TI_CINIT_Limit        
20000000  Heap                    
20000050  FreePt                  
20000054  GetPt                   
20000058  PutPt                   
2000005c  RunNumber               
20000060  d1                      
20000064  d2                      
20000068  d3                      
2000006c  d4                      
20000070  d5                      
20000074  _lock                   
20000078  _unlock                 
2000007c  __TI_cleanup_ptr        
20000080  __TI_dtors_ptr          
20000084  main_func_sp            
2000fe00  __stack                 
20010000  __STACK_END             
4000480c  WDTCTL_SYM              
ffffffff  __binit__               
ffffffff  __c_args__              
ffffffff  binit                   
UNDEFED   SHT$$INIT_ARRAY$$Base   
UNDEFED   SHT$$INIT_ARRAY$$Limit  

[113 symbols]
