******************************************************************************
                  TI ARM Linker PC v5.2.4                      
******************************************************************************
>> Linked Mon Jun 13 16:07:05 2016

OUTPUT FILE NAME:   <GPIO_MSP432.out>
ENTRY POINT SYMBOL: "_c_int00"  address: 00000501


MEMORY CONFIGURATION

         name            origin    length      used     unused   attr    fill
----------------------  --------  ---------  --------  --------  ----  --------
  MAIN                  00000000   00040000  00000644  0003f9bc  R  X
  INFO                  00200000   00004000  00000000  00004000  R  X
  SRAM_CODE             01000000   00010000  00000000  00010000  RW X
  SRAM_DATA             20000000   00010000  00000214  0000fdec  RW  


SEGMENT ALLOCATION MAP

run origin  load origin   length   init length attrs members
----------  ----------- ---------- ----------- ----- -------
00000000    00000000    00000648   00000648    r-x
  00000000    00000000    00000144   00000144    r-- .intvecs
  00000144    00000144    000004e0   000004e0    r-x .text
  00000628    00000628    00000020   00000020    r-- .cinit
20000000    20000000    00000014   00000000    rw-
  20000000    20000000    00000014   00000000    rw- .data
2000fe00    2000fe00    00000200   00000000    rw-
  2000fe00    2000fe00    00000200   00000000    rw- .stack


SECTION ALLOCATION MAP

 output                                  attributes/
section   page    origin      length       input sections
--------  ----  ----------  ----------   ----------------
.intvecs   0    00000000    00000144     
                  00000000    00000144     msp432_startup_ccs.obj (.intvecs)

.text      0    00000144    000004e0     
                  00000144    000000bc     GPIO.obj (.text)
                  00000200    0000009c     rtsv7M4_T_le_v4SPD16_eabi.lib : memcpy_t2.obj (.text)
                  0000029c    0000009a     msp432_startup_ccs.obj (.text)
                  00000336    0000007a     rtsv7M4_T_le_v4SPD16_eabi.lib : memset_t2.obj (.text)
                  000003b0    00000078     SysTick.obj (.text)
                  00000428    0000006c     rtsv7M4_T_le_v4SPD16_eabi.lib : autoinit.obj (.text)
                  00000494    0000006a                                   : copy_decompress_rle.obj (.text)
                  000004fe    00000002     --HOLE-- [fill = 0]
                  00000500    00000050                                   : boot.obj (.text)
                  00000550    0000004c                                   : cpy_tbl.obj (.text)
                  0000059c    00000044                                   : exit.obj (.text)
                  000005e0    00000018                                   : args_main.obj (.text)
                  000005f8    00000014                                   : _lock.obj (.text)
                  0000060c    0000000e                                   : copy_decompress_none.obj (.text:decompress:none)
                  0000061a    00000006                                   : copy_decompress_rle.obj (.text:decompress:rle24)
                  00000620    00000004                                   : pre_init.obj (.text)

.cinit     0    00000628    00000020     
                  00000628    0000000f     (.cinit..data.load) [load image, compression = rle]
                  00000637    00000001     --HOLE-- [fill = 0]
                  00000638    00000008     (__TI_handler_table)
                  00000640    00000008     (__TI_cinit_table)

.data      0    20000000    00000014     UNINITIALIZED
                  20000000    00000008     rtsv7M4_T_le_v4SPD16_eabi.lib : _lock.obj (.data)
                  20000008    00000008                                   : exit.obj (.data)
                  20000010    00000004                                   : stkdepth_vars.obj (.data)

.TI.persistent 
*          0    20000000    00000000     UNINITIALIZED

.stack     0    2000fe00    00000200     UNINITIALIZED
                  2000fe00    00000200     --HOLE--


LINKER GENERATED COPY TABLES

__TI_cinit_table @ 00000640 records: 1, size/record: 8, table size: 8
	.data: load addr=00000628, load size=0000000f bytes, run addr=20000000, run size=00000014 bytes, compression=rle


LINKER GENERATED HANDLER TABLE

__TI_handler_table @ 00000638 records: 2, size/record: 4, table size: 8
	index: 0, handler: __TI_decompress_rle24
	index: 1, handler: __TI_decompress_none


GLOBAL SYMBOLS: SORTED ALPHABETICALLY BY Name 

address   name                    
-------   ----                    
000002f1  ADC14_IRQHandler        
000002f9  AES256_IRQHandler       
0000059d  C$$EXIT                 
000002cd  COMP_E0_IRQHandler      
000002cf  COMP_E1_IRQHandler      
000002c3  CS_IRQHandler           
000002fd  DMA_ERR_IRQHandler      
00000305  DMA_INT0_IRQHandler     
00000303  DMA_INT1_IRQHandler     
00000301  DMA_INT2_IRQHandler     
000002ff  DMA_INT3_IRQHandler     
000002bb  DebugMon_Handler        
00000313  DisableInterrupts       
000002e1  EUSCIA0_IRQHandler      
000002e3  EUSCIA1_IRQHandler      
000002e5  EUSCIA2_IRQHandler      
000002e7  EUSCIA3_IRQHandler      
000002e9  EUSCIB0_IRQHandler      
000002eb  EUSCIB1_IRQHandler      
000002ed  EUSCIB2_IRQHandler      
000002ef  EUSCIB3_IRQHandler      
00000319  EnableInterrupts        
00000329  EndCritical             
000002cb  FLCTL_IRQHandler        
000002c9  FPU_IRQHandler          
00000145  GPIO_Init               
000002c5  PCM_IRQHandler          
00000307  PORT1_IRQHandler        
00000309  PORT2_IRQHandler        
0000030b  PORT3_IRQHandler        
0000030d  PORT4_IRQHandler        
0000030f  PORT5_IRQHandler        
00000311  PORT6_IRQHandler        
000002c1  PSS_IRQHandler          
000002bd  PendSV_Handler          
000002fb  RTC_C_IRQHandler        
UNDEFED   SHT$$INIT_ARRAY$$Base   
UNDEFED   SHT$$INIT_ARRAY$$Limit  
000002b9  SVC_Handler             
0000031f  StartCritical           
000002bf  SysTick_Handler         
000003b1  SysTick_Init            
000003cd  SysTick_Wait            
000003f3  SysTick_Wait10ms        
000002f3  T32_INT1_IRQHandler     
000002f5  T32_INT2_IRQHandler     
000002f7  T32_INTC_IRQHandler     
000002d1  TA0_0_IRQHandler        
000002d3  TA0_N_IRQHandler        
000002d5  TA1_0_IRQHandler        
000002d7  TA1_N_IRQHandler        
000002d9  TA2_0_IRQHandler        
000002db  TA2_N_IRQHandler        
000002dd  TA3_0_IRQHandler        
000002df  TA3_N_IRQHandler        
4000480c  WDTCTL_SYM              
000002c7  WDT_A_IRQHandler        
00000331  WaitForInterrupt        
20010000  __STACK_END             
00000200  __STACK_SIZE            
00000640  __TI_CINIT_Base         
00000648  __TI_CINIT_Limit        
00000638  __TI_Handler_Table_Base 
00000640  __TI_Handler_Table_Limit
00000429  __TI_auto_init          
20000008  __TI_cleanup_ptr        
0000060d  __TI_decompress_none    
0000061b  __TI_decompress_rle24   
2000000c  __TI_dtors_ptr          
00000000  __TI_static_base__      
00000337  __aeabi_memclr          
00000337  __aeabi_memclr4         
00000337  __aeabi_memclr8         
00000201  __aeabi_memcpy          
00000201  __aeabi_memcpy4         
00000201  __aeabi_memcpy8         
00000339  __aeabi_memset          
00000339  __aeabi_memset4         
00000339  __aeabi_memset8         
ffffffff  __binit__               
ffffffff  __c_args__              
2000fe00  __stack                 
000005e1  _args_main              
00000501  _c_int00                
20000000  _lock                   
00000607  _nop                    
000005ff  _register_lock          
000005f9  _register_unlock        
00000621  _system_pre_init        
20000004  _unlock                 
000005a1  abort                   
ffffffff  binit                   
00000551  copy_in                 
000005a9  exit                    
00000000  interruptVectors        
000001cd  main                    
00000165  main1                   
20000010  main_func_sp            
00000201  memcpy                  
0000033f  memset                  


GLOBAL SYMBOLS: SORTED BY Symbol Address 

address   name                    
-------   ----                    
00000000  __TI_static_base__      
00000000  interruptVectors        
00000145  GPIO_Init               
00000165  main1                   
000001cd  main                    
00000200  __STACK_SIZE            
00000201  __aeabi_memcpy          
00000201  __aeabi_memcpy4         
00000201  __aeabi_memcpy8         
00000201  memcpy                  
000002b9  SVC_Handler             
000002bb  DebugMon_Handler        
000002bd  PendSV_Handler          
000002bf  SysTick_Handler         
000002c1  PSS_IRQHandler          
000002c3  CS_IRQHandler           
000002c5  PCM_IRQHandler          
000002c7  WDT_A_IRQHandler        
000002c9  FPU_IRQHandler          
000002cb  FLCTL_IRQHandler        
000002cd  COMP_E0_IRQHandler      
000002cf  COMP_E1_IRQHandler      
000002d1  TA0_0_IRQHandler        
000002d3  TA0_N_IRQHandler        
000002d5  TA1_0_IRQHandler        
000002d7  TA1_N_IRQHandler        
000002d9  TA2_0_IRQHandler        
000002db  TA2_N_IRQHandler        
000002dd  TA3_0_IRQHandler        
000002df  TA3_N_IRQHandler        
000002e1  EUSCIA0_IRQHandler      
000002e3  EUSCIA1_IRQHandler      
000002e5  EUSCIA2_IRQHandler      
000002e7  EUSCIA3_IRQHandler      
000002e9  EUSCIB0_IRQHandler      
000002eb  EUSCIB1_IRQHandler      
000002ed  EUSCIB2_IRQHandler      
000002ef  EUSCIB3_IRQHandler      
000002f1  ADC14_IRQHandler        
000002f3  T32_INT1_IRQHandler     
000002f5  T32_INT2_IRQHandler     
000002f7  T32_INTC_IRQHandler     
000002f9  AES256_IRQHandler       
000002fb  RTC_C_IRQHandler        
000002fd  DMA_ERR_IRQHandler      
000002ff  DMA_INT3_IRQHandler     
00000301  DMA_INT2_IRQHandler     
00000303  DMA_INT1_IRQHandler     
00000305  DMA_INT0_IRQHandler     
00000307  PORT1_IRQHandler        
00000309  PORT2_IRQHandler        
0000030b  PORT3_IRQHandler        
0000030d  PORT4_IRQHandler        
0000030f  PORT5_IRQHandler        
00000311  PORT6_IRQHandler        
00000313  DisableInterrupts       
00000319  EnableInterrupts        
0000031f  StartCritical           
00000329  EndCritical             
00000331  WaitForInterrupt        
00000337  __aeabi_memclr          
00000337  __aeabi_memclr4         
00000337  __aeabi_memclr8         
00000339  __aeabi_memset          
00000339  __aeabi_memset4         
00000339  __aeabi_memset8         
0000033f  memset                  
000003b1  SysTick_Init            
000003cd  SysTick_Wait            
000003f3  SysTick_Wait10ms        
00000429  __TI_auto_init          
00000501  _c_int00                
00000551  copy_in                 
0000059d  C$$EXIT                 
000005a1  abort                   
000005a9  exit                    
000005e1  _args_main              
000005f9  _register_unlock        
000005ff  _register_lock          
00000607  _nop                    
0000060d  __TI_decompress_none    
0000061b  __TI_decompress_rle24   
00000621  _system_pre_init        
00000638  __TI_Handler_Table_Base 
00000640  __TI_CINIT_Base         
00000640  __TI_Handler_Table_Limit
00000648  __TI_CINIT_Limit        
20000000  _lock                   
20000004  _unlock                 
20000008  __TI_cleanup_ptr        
2000000c  __TI_dtors_ptr          
20000010  main_func_sp            
2000fe00  __stack                 
20010000  __STACK_END             
4000480c  WDTCTL_SYM              
ffffffff  __binit__               
ffffffff  __c_args__              
ffffffff  binit                   
UNDEFED   SHT$$INIT_ARRAY$$Base   
UNDEFED   SHT$$INIT_ARRAY$$Limit  

[100 symbols]
