******************************************************************************
                  TI ARM Linker PC v5.2.4                      
******************************************************************************
>> Linked Mon Jun 13 16:06:32 2016

OUTPUT FILE NAME:   <ADCTA0Trigger_MSP432.out>
ENTRY POINT SYMBOL: "_c_int00"  address: 0000094d


MEMORY CONFIGURATION

         name            origin    length      used     unused   attr    fill
----------------------  --------  ---------  --------  --------  ----  --------
  MAIN                  00000000   00040000  00000ad4  0003f52c  R  X
  INFO                  00200000   00004000  00000000  00004000  R  X
  SRAM_CODE             01000000   00010000  00000000  00010000  RW X
  SRAM_DATA             20000000   00010000  00000264  0000fd9c  RW  


SEGMENT ALLOCATION MAP

run origin  load origin   length   init length attrs members
----------  ----------- ---------- ----------- ----- -------
00000000    00000000    00000ad8   00000ad8    r-x
  00000000    00000000    00000144   00000144    r-- .intvecs
  00000144    00000144    00000938   00000938    r-x .text
  00000a7c    00000a7c    00000020   00000020    r-- .const
  00000aa0    00000aa0    00000038   00000038    r-- .cinit
20000000    20000000    00000064   00000000    rw-
  20000000    20000000    00000038   00000000    rw- .bss
  20000038    20000038    0000002c   00000000    rw- .data
2000fe00    2000fe00    00000200   00000000    rw-
  2000fe00    2000fe00    00000200   00000000    rw- .stack


SECTION ALLOCATION MAP

 output                                  attributes/
section   page    origin      length       input sections
--------  ----  ----------  ----------   ----------------
.intvecs   0    00000000    00000144     
                  00000000    00000144     msp432_startup_ccs.obj (.intvecs)

.text      0    00000144    00000938     
                  00000144    00000330     ClockSystem.obj (.text)
                  00000474    00000154     ADCTA0Trigger.obj (.text)
                  000005c8    000000fc     ADCTestMain.obj (.text)
                  000006c4    0000009c     rtsv7M4_T_le_v4SPD16_eabi.lib : memcpy_t2.obj (.text)
                  00000760    0000009a     msp432_startup_ccs.obj (.text)
                  000007fa    0000007a     rtsv7M4_T_le_v4SPD16_eabi.lib : memset_t2.obj (.text)
                  00000874    0000006c                                   : autoinit.obj (.text)
                  000008e0    0000006a                                   : copy_decompress_rle.obj (.text)
                  0000094a    00000002     --HOLE-- [fill = 0]
                  0000094c    00000050                                   : boot.obj (.text)
                  0000099c    0000004c                                   : cpy_tbl.obj (.text)
                  000009e8    00000044                                   : exit.obj (.text)
                  00000a2c    00000018                                   : args_main.obj (.text)
                  00000a44    00000014                                   : _lock.obj (.text)
                  00000a58    0000000e                                   : copy_decompress_none.obj (.text:decompress:none)
                  00000a66    0000000c                                   : copy_zero_init.obj (.text:decompress:ZI)
                  00000a72    00000006                                   : copy_decompress_rle.obj (.text:decompress:rle24)
                  00000a78    00000004                                   : pre_init.obj (.text)

.const     0    00000a7c    00000020     
                  00000a7c    00000020     ADCTestMain.obj (.const)

.cinit     0    00000aa0    00000038     
                  00000aa0    00000012     (.cinit..data.load) [load image, compression = rle]
                  00000ab2    00000002     --HOLE-- [fill = 0]
                  00000ab4    0000000c     (__TI_handler_table)
                  00000ac0    00000008     (.cinit..bss.load) [load image, compression = zero_init]
                  00000ac8    00000010     (__TI_cinit_table)

.bss       0    20000000    00000038     UNINITIALIZED
                  20000000    00000034     ADCTestMain.obj (.bss:ADCbuffer)
                  20000034    00000004     (.common:FinishedTask)

.data      0    20000038    0000002c     UNINITIALIZED
                  20000038    00000014     ClockSystem.obj (.data)
                  2000004c    00000008     rtsv7M4_T_le_v4SPD16_eabi.lib : _lock.obj (.data)
                  20000054    00000008                                   : exit.obj (.data)
                  2000005c    00000004     ADCTestMain.obj (.data)
                  20000060    00000004     rtsv7M4_T_le_v4SPD16_eabi.lib : stkdepth_vars.obj (.data)

.TI.noinit 
*          0    20000000    00000000     UNINITIALIZED

.TI.persistent 
*          0    20000038    00000000     UNINITIALIZED

.stack     0    2000fe00    00000200     UNINITIALIZED
                  2000fe00    00000200     --HOLE--


LINKER GENERATED COPY TABLES

__TI_cinit_table @ 00000ac8 records: 2, size/record: 8, table size: 16
	.data: load addr=00000aa0, load size=00000012 bytes, run addr=20000038, run size=0000002c bytes, compression=rle
	.bss: load addr=00000ac0, load size=00000008 bytes, run addr=20000000, run size=00000038 bytes, compression=zero_init


LINKER GENERATED HANDLER TABLE

__TI_handler_table @ 00000ab4 records: 3, size/record: 4, table size: 12
	index: 0, handler: __TI_decompress_rle24
	index: 1, handler: __TI_decompress_none
	index: 2, handler: __TI_zero_init


GLOBAL SYMBOLS: SORTED ALPHABETICALLY BY Name 

address   name                    
-------   ----                    
00000475  ADC0_InitTA0TriggerCh6  
0000055f  ADC14_IRQHandler        
20000000  ADCbuffer               
000007bd  AES256_IRQHandler       
000009e9  C$$EXIT                 
00000a7c  COLORWHEEL              
00000791  COMP_E0_IRQHandler      
00000793  COMP_E1_IRQHandler      
2000003c  CPMwait                 
00000787  CS_IRQHandler           
00000145  Clock_Init              
0000027f  Clock_Init32kHz         
0000018f  Clock_Init48MHz         
00000371  Clock_InitLowPower      
20000048  Crystalstable           
000007c1  DMA_ERR_IRQHandler      
000007c9  DMA_INT0_IRQHandler     
000007c7  DMA_INT1_IRQHandler     
000007c5  DMA_INT2_IRQHandler     
000007c3  DMA_INT3_IRQHandler     
0000077f  DebugMon_Handler        
000007d7  DisableInterrupts       
000007a5  EUSCIA0_IRQHandler      
000007a7  EUSCIA1_IRQHandler      
000007a9  EUSCIA2_IRQHandler      
000007ab  EUSCIA3_IRQHandler      
000007ad  EUSCIB0_IRQHandler      
000007af  EUSCIB1_IRQHandler      
000007b1  EUSCIB2_IRQHandler      
000007b3  EUSCIB3_IRQHandler      
000007dd  EnableInterrupts        
000007ed  EndCritical             
0000078f  FLCTL_IRQHandler        
0000078d  FPU_IRQHandler          
20000034  FinishedTask            
20000044  IFlags                  
00000789  PCM_IRQHandler          
000007cb  PORT1_IRQHandler        
000007cd  PORT2_IRQHandler        
000007cf  PORT3_IRQHandler        
000007d1  PORT4_IRQHandler        
000007d3  PORT5_IRQHandler        
000007d5  PORT6_IRQHandler        
00000785  PSS_IRQHandler          
00000781  PendSV_Handler          
20000040  Postwait                
20000038  Prewait                 
000007bf  RTC_C_IRQHandler        
UNDEFED   SHT$$INIT_ARRAY$$Base   
UNDEFED   SHT$$INIT_ARRAY$$Limit  
0000077d  SVC_Handler             
000007e3  StartCritical           
00000783  SysTick_Handler         
000007b7  T32_INT1_IRQHandler     
000007b9  T32_INT2_IRQHandler     
000007bb  T32_INTC_IRQHandler     
00000795  TA0_0_IRQHandler        
00000797  TA0_N_IRQHandler        
00000799  TA1_0_IRQHandler        
0000079b  TA1_N_IRQHandler        
0000079d  TA2_0_IRQHandler        
0000079f  TA2_N_IRQHandler        
000007a1  TA3_0_IRQHandler        
000007a3  TA3_N_IRQHandler        
4000480c  WDTCTL_SYM              
0000078b  WDT_A_IRQHandler        
000007f5  WaitForInterrupt        
20010000  __STACK_END             
00000200  __STACK_SIZE            
00000ac8  __TI_CINIT_Base         
00000ad8  __TI_CINIT_Limit        
00000ab4  __TI_Handler_Table_Base 
00000ac0  __TI_Handler_Table_Limit
00000875  __TI_auto_init          
20000054  __TI_cleanup_ptr        
00000a59  __TI_decompress_none    
00000a73  __TI_decompress_rle24   
20000058  __TI_dtors_ptr          
00000000  __TI_static_base__      
00000a67  __TI_zero_init          
000007fb  __aeabi_memclr          
000007fb  __aeabi_memclr4         
000007fb  __aeabi_memclr8         
000006c5  __aeabi_memcpy          
000006c5  __aeabi_memcpy4         
000006c5  __aeabi_memcpy8         
000007fd  __aeabi_memset          
000007fd  __aeabi_memset4         
000007fd  __aeabi_memset8         
ffffffff  __binit__               
ffffffff  __c_args__              
2000fe00  __stack                 
00000a2d  _args_main              
0000094d  _c_int00                
2000004c  _lock                   
00000a53  _nop                    
00000a4b  _register_lock          
00000a45  _register_unlock        
00000a79  _system_pre_init        
20000050  _unlock                 
000009ed  abort                   
ffffffff  binit                   
0000099d  copy_in                 
000009f5  exit                    
00000000  interruptVectors        
0000061b  main                    
20000060  main_func_sp            
000006c5  memcpy                  
00000803  memset                  
000005c9  task                    


GLOBAL SYMBOLS: SORTED BY Symbol Address 

address   name                    
-------   ----                    
00000000  __TI_static_base__      
00000000  interruptVectors        
00000145  Clock_Init              
0000018f  Clock_Init48MHz         
00000200  __STACK_SIZE            
0000027f  Clock_Init32kHz         
00000371  Clock_InitLowPower      
00000475  ADC0_InitTA0TriggerCh6  
0000055f  ADC14_IRQHandler        
000005c9  task                    
0000061b  main                    
000006c5  __aeabi_memcpy          
000006c5  __aeabi_memcpy4         
000006c5  __aeabi_memcpy8         
000006c5  memcpy                  
0000077d  SVC_Handler             
0000077f  DebugMon_Handler        
00000781  PendSV_Handler          
00000783  SysTick_Handler         
00000785  PSS_IRQHandler          
00000787  CS_IRQHandler           
00000789  PCM_IRQHandler          
0000078b  WDT_A_IRQHandler        
0000078d  FPU_IRQHandler          
0000078f  FLCTL_IRQHandler        
00000791  COMP_E0_IRQHandler      
00000793  COMP_E1_IRQHandler      
00000795  TA0_0_IRQHandler        
00000797  TA0_N_IRQHandler        
00000799  TA1_0_IRQHandler        
0000079b  TA1_N_IRQHandler        
0000079d  TA2_0_IRQHandler        
0000079f  TA2_N_IRQHandler        
000007a1  TA3_0_IRQHandler        
000007a3  TA3_N_IRQHandler        
000007a5  EUSCIA0_IRQHandler      
000007a7  EUSCIA1_IRQHandler      
000007a9  EUSCIA2_IRQHandler      
000007ab  EUSCIA3_IRQHandler      
000007ad  EUSCIB0_IRQHandler      
000007af  EUSCIB1_IRQHandler      
000007b1  EUSCIB2_IRQHandler      
000007b3  EUSCIB3_IRQHandler      
000007b7  T32_INT1_IRQHandler     
000007b9  T32_INT2_IRQHandler     
000007bb  T32_INTC_IRQHandler     
000007bd  AES256_IRQHandler       
000007bf  RTC_C_IRQHandler        
000007c1  DMA_ERR_IRQHandler      
000007c3  DMA_INT3_IRQHandler     
000007c5  DMA_INT2_IRQHandler     
000007c7  DMA_INT1_IRQHandler     
000007c9  DMA_INT0_IRQHandler     
000007cb  PORT1_IRQHandler        
000007cd  PORT2_IRQHandler        
000007cf  PORT3_IRQHandler        
000007d1  PORT4_IRQHandler        
000007d3  PORT5_IRQHandler        
000007d5  PORT6_IRQHandler        
000007d7  DisableInterrupts       
000007dd  EnableInterrupts        
000007e3  StartCritical           
000007ed  EndCritical             
000007f5  WaitForInterrupt        
000007fb  __aeabi_memclr          
000007fb  __aeabi_memclr4         
000007fb  __aeabi_memclr8         
000007fd  __aeabi_memset          
000007fd  __aeabi_memset4         
000007fd  __aeabi_memset8         
00000803  memset                  
00000875  __TI_auto_init          
0000094d  _c_int00                
0000099d  copy_in                 
000009e9  C$$EXIT                 
000009ed  abort                   
000009f5  exit                    
00000a2d  _args_main              
00000a45  _register_unlock        
00000a4b  _register_lock          
00000a53  _nop                    
00000a59  __TI_decompress_none    
00000a67  __TI_zero_init          
00000a73  __TI_decompress_rle24   
00000a79  _system_pre_init        
00000a7c  COLORWHEEL              
00000ab4  __TI_Handler_Table_Base 
00000ac0  __TI_Handler_Table_Limit
00000ac8  __TI_CINIT_Base         
00000ad8  __TI_CINIT_Limit        
20000000  ADCbuffer               
20000034  FinishedTask            
20000038  Prewait                 
2000003c  CPMwait                 
20000040  Postwait                
20000044  IFlags                  
20000048  Crystalstable           
2000004c  _lock                   
20000050  _unlock                 
20000054  __TI_cleanup_ptr        
20000058  __TI_dtors_ptr          
20000060  main_func_sp            
2000fe00  __stack                 
20010000  __STACK_END             
4000480c  WDTCTL_SYM              
ffffffff  __binit__               
ffffffff  __c_args__              
ffffffff  binit                   
UNDEFED   SHT$$INIT_ARRAY$$Base   
UNDEFED   SHT$$INIT_ARRAY$$Limit  

[110 symbols]
