******************************************************************************
                  TI ARM Linker PC v5.2.4                      
******************************************************************************
>> Linked Mon Jun 13 16:06:42 2016

OUTPUT FILE NAME:   <ClockSystem_MSP432.out>
ENTRY POINT SYMBOL: "_c_int00"  address: 0000079d


MEMORY CONFIGURATION

         name            origin    length      used     unused   attr    fill
----------------------  --------  ---------  --------  --------  ----  --------
  MAIN                  00000000   00040000  000008e4  0003f71c  R  X
  INFO                  00200000   00004000  00000000  00004000  R  X
  SRAM_CODE             01000000   00010000  00000000  00010000  RW X
  SRAM_DATA             20000000   00010000  00000228  0000fdd8  RW  


SEGMENT ALLOCATION MAP

run origin  load origin   length   init length attrs members
----------  ----------- ---------- ----------- ----- -------
00000000    00000000    000008e4   000008e4    r-x
  00000000    00000000    00000144   00000144    r-- .intvecs
  00000144    00000144    0000077c   0000077c    r-x .text
  000008c0    000008c0    00000024   00000024    r-- .cinit
20000000    20000000    00000028   00000000    rw-
  20000000    20000000    00000028   00000000    rw- .data
2000fe00    2000fe00    00000200   00000000    rw-
  2000fe00    2000fe00    00000200   00000000    rw- .stack


SECTION ALLOCATION MAP

 output                                  attributes/
section   page    origin      length       input sections
--------  ----  ----------  ----------   ----------------
.intvecs   0    00000000    00000144     
                  00000000    00000144     msp432_startup_ccs.obj (.intvecs)

.text      0    00000144    0000077c     
                  00000144    00000330     ClockSystem.obj (.text)
                  00000474    000000a0     ClockSystemTestMain.obj (.text)
                  00000514    0000009c     rtsv7M4_T_le_v4SPD16_eabi.lib : memcpy_t2.obj (.text)
                  000005b0    0000009a     msp432_startup_ccs.obj (.text)
                  0000064a    0000007a     rtsv7M4_T_le_v4SPD16_eabi.lib : memset_t2.obj (.text)
                  000006c4    0000006c                                   : autoinit.obj (.text)
                  00000730    0000006a                                   : copy_decompress_rle.obj (.text)
                  0000079a    00000002     --HOLE-- [fill = 0]
                  0000079c    00000050                                   : boot.obj (.text)
                  000007ec    0000004c                                   : cpy_tbl.obj (.text)
                  00000838    00000044                                   : exit.obj (.text)
                  0000087c    00000018                                   : args_main.obj (.text)
                  00000894    00000014                                   : _lock.obj (.text)
                  000008a8    0000000e                                   : copy_decompress_none.obj (.text:decompress:none)
                  000008b6    00000006                                   : copy_decompress_rle.obj (.text:decompress:rle24)
                  000008bc    00000004                                   : pre_init.obj (.text)

.cinit     0    000008c0    00000024     
                  000008c0    00000012     (.cinit..data.load) [load image, compression = rle]
                  000008d2    00000002     --HOLE-- [fill = 0]
                  000008d4    00000008     (__TI_handler_table)
                  000008dc    00000008     (__TI_cinit_table)

.data      0    20000000    00000028     UNINITIALIZED
                  20000000    00000014     ClockSystem.obj (.data)
                  20000014    00000008     rtsv7M4_T_le_v4SPD16_eabi.lib : _lock.obj (.data)
                  2000001c    00000008                                   : exit.obj (.data)
                  20000024    00000004                                   : stkdepth_vars.obj (.data)

.TI.persistent 
*          0    20000000    00000000     UNINITIALIZED

.stack     0    2000fe00    00000200     UNINITIALIZED
                  2000fe00    00000200     --HOLE--


LINKER GENERATED COPY TABLES

__TI_cinit_table @ 000008dc records: 1, size/record: 8, table size: 8
	.data: load addr=000008c0, load size=00000012 bytes, run addr=20000000, run size=00000028 bytes, compression=rle


LINKER GENERATED HANDLER TABLE

__TI_handler_table @ 000008d4 records: 2, size/record: 4, table size: 8
	index: 0, handler: __TI_decompress_rle24
	index: 1, handler: __TI_decompress_none


GLOBAL SYMBOLS: SORTED ALPHABETICALLY BY Name 

address   name                    
-------   ----                    
00000605  ADC14_IRQHandler        
0000060d  AES256_IRQHandler       
00000839  C$$EXIT                 
000005e1  COMP_E0_IRQHandler      
000005e3  COMP_E1_IRQHandler      
20000004  CPMwait                 
000005d7  CS_IRQHandler           
00000145  Clock_Init              
0000027f  Clock_Init32kHz         
0000018f  Clock_Init48MHz         
00000371  Clock_InitLowPower      
20000010  Crystalstable           
00000611  DMA_ERR_IRQHandler      
00000619  DMA_INT0_IRQHandler     
00000617  DMA_INT1_IRQHandler     
00000615  DMA_INT2_IRQHandler     
00000613  DMA_INT3_IRQHandler     
000005cf  DebugMon_Handler        
00000475  Delay                   
00000627  DisableInterrupts       
000005f5  EUSCIA0_IRQHandler      
000005f7  EUSCIA1_IRQHandler      
000005f9  EUSCIA2_IRQHandler      
000005fb  EUSCIA3_IRQHandler      
000005fd  EUSCIB0_IRQHandler      
000005ff  EUSCIB1_IRQHandler      
00000601  EUSCIB2_IRQHandler      
00000603  EUSCIB3_IRQHandler      
0000062d  EnableInterrupts        
0000063d  EndCritical             
000005df  FLCTL_IRQHandler        
000005dd  FPU_IRQHandler          
2000000c  IFlags                  
000005d9  PCM_IRQHandler          
0000061b  PORT1_IRQHandler        
0000061d  PORT2_IRQHandler        
0000061f  PORT3_IRQHandler        
00000621  PORT4_IRQHandler        
00000623  PORT5_IRQHandler        
00000625  PORT6_IRQHandler        
000005d5  PSS_IRQHandler          
000005d1  PendSV_Handler          
20000008  Postwait                
20000000  Prewait                 
0000060f  RTC_C_IRQHandler        
UNDEFED   SHT$$INIT_ARRAY$$Base   
UNDEFED   SHT$$INIT_ARRAY$$Limit  
000005cd  SVC_Handler             
00000633  StartCritical           
000005d3  SysTick_Handler         
00000607  T32_INT1_IRQHandler     
00000609  T32_INT2_IRQHandler     
0000060b  T32_INTC_IRQHandler     
000005e5  TA0_0_IRQHandler        
000005e7  TA0_N_IRQHandler        
000005e9  TA1_0_IRQHandler        
000005eb  TA1_N_IRQHandler        
000005ed  TA2_0_IRQHandler        
000005ef  TA2_N_IRQHandler        
000005f1  TA3_0_IRQHandler        
000005f3  TA3_N_IRQHandler        
4000480c  WDTCTL_SYM              
000005db  WDT_A_IRQHandler        
00000645  WaitForInterrupt        
20010000  __STACK_END             
00000200  __STACK_SIZE            
000008dc  __TI_CINIT_Base         
000008e4  __TI_CINIT_Limit        
000008d4  __TI_Handler_Table_Base 
000008dc  __TI_Handler_Table_Limit
000006c5  __TI_auto_init          
2000001c  __TI_cleanup_ptr        
000008a9  __TI_decompress_none    
000008b7  __TI_decompress_rle24   
20000020  __TI_dtors_ptr          
00000000  __TI_static_base__      
0000064b  __aeabi_memclr          
0000064b  __aeabi_memclr4         
0000064b  __aeabi_memclr8         
00000515  __aeabi_memcpy          
00000515  __aeabi_memcpy4         
00000515  __aeabi_memcpy8         
0000064d  __aeabi_memset          
0000064d  __aeabi_memset4         
0000064d  __aeabi_memset8         
ffffffff  __binit__               
ffffffff  __c_args__              
2000fe00  __stack                 
0000087d  _args_main              
0000079d  _c_int00                
20000014  _lock                   
000008a3  _nop                    
0000089b  _register_lock          
00000895  _register_unlock        
000008bd  _system_pre_init        
20000018  _unlock                 
0000083d  abort                   
ffffffff  binit                   
000007ed  copy_in                 
00000845  exit                    
00000000  interruptVectors        
00000483  main                    
20000024  main_func_sp            
00000515  memcpy                  
00000653  memset                  


GLOBAL SYMBOLS: SORTED BY Symbol Address 

address   name                    
-------   ----                    
00000000  __TI_static_base__      
00000000  interruptVectors        
00000145  Clock_Init              
0000018f  Clock_Init48MHz         
00000200  __STACK_SIZE            
0000027f  Clock_Init32kHz         
00000371  Clock_InitLowPower      
00000475  Delay                   
00000483  main                    
00000515  __aeabi_memcpy          
00000515  __aeabi_memcpy4         
00000515  __aeabi_memcpy8         
00000515  memcpy                  
000005cd  SVC_Handler             
000005cf  DebugMon_Handler        
000005d1  PendSV_Handler          
000005d3  SysTick_Handler         
000005d5  PSS_IRQHandler          
000005d7  CS_IRQHandler           
000005d9  PCM_IRQHandler          
000005db  WDT_A_IRQHandler        
000005dd  FPU_IRQHandler          
000005df  FLCTL_IRQHandler        
000005e1  COMP_E0_IRQHandler      
000005e3  COMP_E1_IRQHandler      
000005e5  TA0_0_IRQHandler        
000005e7  TA0_N_IRQHandler        
000005e9  TA1_0_IRQHandler        
000005eb  TA1_N_IRQHandler        
000005ed  TA2_0_IRQHandler        
000005ef  TA2_N_IRQHandler        
000005f1  TA3_0_IRQHandler        
000005f3  TA3_N_IRQHandler        
000005f5  EUSCIA0_IRQHandler      
000005f7  EUSCIA1_IRQHandler      
000005f9  EUSCIA2_IRQHandler      
000005fb  EUSCIA3_IRQHandler      
000005fd  EUSCIB0_IRQHandler      
000005ff  EUSCIB1_IRQHandler      
00000601  EUSCIB2_IRQHandler      
00000603  EUSCIB3_IRQHandler      
00000605  ADC14_IRQHandler        
00000607  T32_INT1_IRQHandler     
00000609  T32_INT2_IRQHandler     
0000060b  T32_INTC_IRQHandler     
0000060d  AES256_IRQHandler       
0000060f  RTC_C_IRQHandler        
00000611  DMA_ERR_IRQHandler      
00000613  DMA_INT3_IRQHandler     
00000615  DMA_INT2_IRQHandler     
00000617  DMA_INT1_IRQHandler     
00000619  DMA_INT0_IRQHandler     
0000061b  PORT1_IRQHandler        
0000061d  PORT2_IRQHandler        
0000061f  PORT3_IRQHandler        
00000621  PORT4_IRQHandler        
00000623  PORT5_IRQHandler        
00000625  PORT6_IRQHandler        
00000627  DisableInterrupts       
0000062d  EnableInterrupts        
00000633  StartCritical           
0000063d  EndCritical             
00000645  WaitForInterrupt        
0000064b  __aeabi_memclr          
0000064b  __aeabi_memclr4         
0000064b  __aeabi_memclr8         
0000064d  __aeabi_memset          
0000064d  __aeabi_memset4         
0000064d  __aeabi_memset8         
00000653  memset                  
000006c5  __TI_auto_init          
0000079d  _c_int00                
000007ed  copy_in                 
00000839  C$$EXIT                 
0000083d  abort                   
00000845  exit                    
0000087d  _args_main              
00000895  _register_unlock        
0000089b  _register_lock          
000008a3  _nop                    
000008a9  __TI_decompress_none    
000008b7  __TI_decompress_rle24   
000008bd  _system_pre_init        
000008d4  __TI_Handler_Table_Base 
000008dc  __TI_CINIT_Base         
000008dc  __TI_Handler_Table_Limit
000008e4  __TI_CINIT_Limit        
20000000  Prewait                 
20000004  CPMwait                 
20000008  Postwait                
2000000c  IFlags                  
20000010  Crystalstable           
20000014  _lock                   
20000018  _unlock                 
2000001c  __TI_cleanup_ptr        
20000020  __TI_dtors_ptr          
20000024  main_func_sp            
2000fe00  __stack                 
20010000  __STACK_END             
4000480c  WDTCTL_SYM              
ffffffff  __binit__               
ffffffff  __c_args__              
ffffffff  binit                   
UNDEFED   SHT$$INIT_ARRAY$$Base   
UNDEFED   SHT$$INIT_ARRAY$$Limit  

[105 symbols]
