******************************************************************************
                  TI ARM Linker PC v5.2.2                      
******************************************************************************
>> Linked Fri Jun 26 14:05:13 2015

OUTPUT FILE NAME:   <LinearInterpolation_4C123asm.out>
ENTRY POINT SYMBOL: "_c_int00"  address: 00000869


MEMORY CONFIGURATION

         name            origin    length      used     unused   attr    fill
----------------------  --------  ---------  --------  --------  ----  --------
  MAIN                  00000000   00040000  00000978  0003f688  R  X
  INFO                  00200000   00004000  00000000  00004000  R  X
  SRAM_CODE             01000000   00010000  00000000  00010000  RW X
  SRAM_DATA             20000000   00010000  00000014  0000ffec  RW  


SEGMENT ALLOCATION MAP

run origin  load origin   length   init length attrs members
----------  ----------- ---------- ----------- ----- -------
00000000    00000000    00000978   00000978    r-x
  00000000    00000000    00000144   00000144    r-- .intvecs
  00000144    00000144    00000834   00000834    r-x .text
20000000    20000000    00000014   00000014    rw-
  20000000    20000000    00000014   00000014    rw- .data


SECTION ALLOCATION MAP

 output                                  attributes/
section   page    origin      length       input sections
--------  ----  ----------  ----------   ----------------
.intvecs   0    00000000    00000144     
                  00000000    00000144     msp432_startup_ccs.obj (.intvecs)

.text      0    00000144    00000834     
                  00000144    00000490     LinearInterpolation.obj (.text)
                  000005d4    000000f0     sin.obj (.text)
                  000006c4    0000009c     rtsv7M4_T_le_v4SPD16_eabi.lib : memcpy_t2.obj (.text)
                  00000760    0000009a     msp432_startup_ccs.obj (.text)
                  000007fa    00000002     --HOLE-- [fill = 0]
                  000007fc    0000006c     rtsv7M4_T_le_v4SPD16_eabi.lib : autoinit.obj (.text)
                  00000868    00000050                                   : boot.obj (.text)
                  000008b8    0000004c                                   : cpy_tbl.obj (.text)
                  00000904    00000044                                   : exit.obj (.text)
                  00000948    00000018                                   : args_main.obj (.text)
                  00000960    00000014                                   : _lock.obj (.text)
                  00000974    00000004                                   : pre_init.obj (.text)

.cinit     0    00000000    00000000     UNINITIALIZED

.data      0    20000000    00000014     
                  20000000    00000008     rtsv7M4_T_le_v4SPD16_eabi.lib : _lock.obj (.data)
                  20000008    00000008                                   : exit.obj (.data)
                  20000010    00000004                                   : stkdepth_vars.obj (.data)

.TI.persistent 
*          0    20000000    00000000     UNINITIALIZED

.stack     0    20010000    00000000     UNINITIALIZED


GLOBAL SYMBOLS: SORTED ALPHABETICALLY BY Name 

address   name                    
-------   ----                    
000007b5  ADC14_IRQHandler        
000007bd  AES256_IRQHandler       
00000905  C$$EXIT                 
00000791  COMP_E0_IRQHandler      
00000793  COMP_E1_IRQHandler      
00000787  CS_IRQHandler           
000007c1  DMA_ERR_IRQHandler      
000007c9  DMA_INT0_IRQHandler     
000007c7  DMA_INT1_IRQHandler     
000007c5  DMA_INT2_IRQHandler     
000007c3  DMA_INT3_IRQHandler     
0000077f  DebugMon_Handler        
000007d7  DisableInterrupts       
000007a5  EUSCIA0_IRQHandler      
000007a7  EUSCIA1_IRQHandler      
000007a9  EUSCIA2_IRQHandler      
000007ab  EUSCIA3_IRQHandler      
000007ad  EUSCIB0_IRQHandler      
000007af  EUSCIB1_IRQHandler      
000007b1  EUSCIB2_IRQHandler      
000007b3  EUSCIB3_IRQHandler      
000007dd  EnableInterrupts        
000007ed  EndCritical             
0000078f  FLCTL_IRQHandler        
0000078d  FPU_IRQHandler          
00000789  PCM_IRQHandler          
000007cb  PORT1_IRQHandler        
000007cd  PORT2_IRQHandler        
000007cf  PORT3_IRQHandler        
000007d1  PORT4_IRQHandler        
000007d3  PORT5_IRQHandler        
000007d5  PORT6_IRQHandler        
00000785  PSS_IRQHandler          
00000781  PendSV_Handler          
000007bf  RTC_C_IRQHandler        
UNDEFED   SHT$$INIT_ARRAY$$Base   
UNDEFED   SHT$$INIT_ARRAY$$Limit  
0000077d  SVC_Handler             
00000685  Sin                     
000007e3  StartCritical           
00000783  SysTick_Handler         
000007b7  T32_INT1_IRQHandler     
000007b9  T32_INT2_IRQHandler     
000007bb  T32_INTC_IRQHandler     
00000795  TA0_0_IRQHandler        
00000797  TA0_N_IRQHandler        
00000799  TA1_0_IRQHandler        
0000079b  TA1_N_IRQHandler        
0000079d  TA2_0_IRQHandler        
0000079f  TA2_N_IRQHandler        
000007a1  TA3_0_IRQHandler        
000007a3  TA3_N_IRQHandler        
4000480c  WDTCTL_SYM              
0000078b  WDT_A_IRQHandler        
000007f5  WaitForInterrupt        
20010000  __STACK_END             
00000000  __STACK_SIZE            
UNDEFED   __TI_CINIT_Base         
UNDEFED   __TI_CINIT_Limit        
UNDEFED   __TI_Handler_Table_Base 
UNDEFED   __TI_Handler_Table_Limit
000007fd  __TI_auto_init          
20000008  __TI_cleanup_ptr        
2000000c  __TI_dtors_ptr          
00000000  __TI_static_base__      
000006c5  __aeabi_memcpy          
000006c5  __aeabi_memcpy4         
000006c5  __aeabi_memcpy8         
ffffffff  __binit__               
ffffffff  __c_args__              
20010000  __stack                 
00000949  _args_main              
00000869  _c_int00                
20000000  _lock                   
0000096f  _nop                    
00000967  _register_lock          
00000961  _register_unlock        
00000975  _system_pre_init        
20000004  _unlock                 
00000909  abort                   
ffffffff  binit                   
000008b9  copy_in                 
00000911  exit                    
00000000  interruptVectors        
00000545  main                    
20000010  main_func_sp            
000006c5  memcpy                  


GLOBAL SYMBOLS: SORTED BY Symbol Address 

address   name                    
-------   ----                    
00000000  __STACK_SIZE            
00000000  __TI_static_base__      
00000000  interruptVectors        
00000545  main                    
00000685  Sin                     
000006c5  __aeabi_memcpy          
000006c5  __aeabi_memcpy4         
000006c5  __aeabi_memcpy8         
000006c5  memcpy                  
0000077d  SVC_Handler             
0000077f  DebugMon_Handler        
00000781  PendSV_Handler          
00000783  SysTick_Handler         
00000785  PSS_IRQHandler          
00000787  CS_IRQHandler           
00000789  PCM_IRQHandler          
0000078b  WDT_A_IRQHandler        
0000078d  FPU_IRQHandler          
0000078f  FLCTL_IRQHandler        
00000791  COMP_E0_IRQHandler      
00000793  COMP_E1_IRQHandler      
00000795  TA0_0_IRQHandler        
00000797  TA0_N_IRQHandler        
00000799  TA1_0_IRQHandler        
0000079b  TA1_N_IRQHandler        
0000079d  TA2_0_IRQHandler        
0000079f  TA2_N_IRQHandler        
000007a1  TA3_0_IRQHandler        
000007a3  TA3_N_IRQHandler        
000007a5  EUSCIA0_IRQHandler      
000007a7  EUSCIA1_IRQHandler      
000007a9  EUSCIA2_IRQHandler      
000007ab  EUSCIA3_IRQHandler      
000007ad  EUSCIB0_IRQHandler      
000007af  EUSCIB1_IRQHandler      
000007b1  EUSCIB2_IRQHandler      
000007b3  EUSCIB3_IRQHandler      
000007b5  ADC14_IRQHandler        
000007b7  T32_INT1_IRQHandler     
000007b9  T32_INT2_IRQHandler     
000007bb  T32_INTC_IRQHandler     
000007bd  AES256_IRQHandler       
000007bf  RTC_C_IRQHandler        
000007c1  DMA_ERR_IRQHandler      
000007c3  DMA_INT3_IRQHandler     
000007c5  DMA_INT2_IRQHandler     
000007c7  DMA_INT1_IRQHandler     
000007c9  DMA_INT0_IRQHandler     
000007cb  PORT1_IRQHandler        
000007cd  PORT2_IRQHandler        
000007cf  PORT3_IRQHandler        
000007d1  PORT4_IRQHandler        
000007d3  PORT5_IRQHandler        
000007d5  PORT6_IRQHandler        
000007d7  DisableInterrupts       
000007dd  EnableInterrupts        
000007e3  StartCritical           
000007ed  EndCritical             
000007f5  WaitForInterrupt        
000007fd  __TI_auto_init          
00000869  _c_int00                
000008b9  copy_in                 
00000905  C$$EXIT                 
00000909  abort                   
00000911  exit                    
00000949  _args_main              
00000961  _register_unlock        
00000967  _register_lock          
0000096f  _nop                    
00000975  _system_pre_init        
20000000  _lock                   
20000004  _unlock                 
20000008  __TI_cleanup_ptr        
2000000c  __TI_dtors_ptr          
20000010  main_func_sp            
20010000  __STACK_END             
20010000  __stack                 
4000480c  WDTCTL_SYM              
ffffffff  __binit__               
ffffffff  __c_args__              
ffffffff  binit                   
UNDEFED   SHT$$INIT_ARRAY$$Base   
UNDEFED   SHT$$INIT_ARRAY$$Limit  
UNDEFED   __TI_CINIT_Base         
UNDEFED   __TI_CINIT_Limit        
UNDEFED   __TI_Handler_Table_Base 
UNDEFED   __TI_Handler_Table_Limit

[87 symbols]
