******************************************************************************
                  TI ARM Linker PC v5.2.4                      
******************************************************************************
>> Linked Mon Jun 13 16:06:43 2016

OUTPUT FILE NAME:   <ClockSystem_MSP432asm.out>
ENTRY POINT SYMBOL: "_c_int00"  address: 00000715


MEMORY CONFIGURATION

         name            origin    length      used     unused   attr    fill
----------------------  --------  ---------  --------  --------  ----  --------
  MAIN                  00000000   00040000  00000824  0003f7dc  R  X
  INFO                  00200000   00004000  00000000  00004000  R  X
  SRAM_CODE             01000000   00010000  00000000  00010000  RW X
  SRAM_DATA             20000000   00010000  00000014  0000ffec  RW  


SEGMENT ALLOCATION MAP

run origin  load origin   length   init length attrs members
----------  ----------- ---------- ----------- ----- -------
00000000    00000000    00000824   00000824    r-x
  00000000    00000000    00000144   00000144    r-- .intvecs
  00000144    00000144    000006e0   000006e0    r-x .text
20000000    20000000    00000014   00000014    rw-
  20000000    20000000    00000014   00000014    rw- .data


SECTION ALLOCATION MAP

 output                                  attributes/
section   page    origin      length       input sections
--------  ----  ----------  ----------   ----------------
.intvecs   0    00000000    00000144     
                  00000000    00000144     msp432_startup_ccs.obj (.intvecs)

.text      0    00000144    000006e0     
                  00000144    00000378     ClockSystem.obj (.text)
                  000004bc    000000b4     ClockSystemTestMain.obj (.text)
                  00000570    0000009c     rtsv7M4_T_le_v4SPD16_eabi.lib : memcpy_t2.obj (.text)
                  0000060c    0000009a     msp432_startup_ccs.obj (.text)
                  000006a6    00000002     --HOLE-- [fill = 0]
                  000006a8    0000006c     rtsv7M4_T_le_v4SPD16_eabi.lib : autoinit.obj (.text)
                  00000714    00000050                                   : boot.obj (.text)
                  00000764    0000004c                                   : cpy_tbl.obj (.text)
                  000007b0    00000044                                   : exit.obj (.text)
                  000007f4    00000018                                   : args_main.obj (.text)
                  0000080c    00000014                                   : _lock.obj (.text)
                  00000820    00000004                                   : pre_init.obj (.text)

.cinit     0    00000000    00000000     UNINITIALIZED

.data      0    20000000    00000014     
                  20000000    00000008     rtsv7M4_T_le_v4SPD16_eabi.lib : _lock.obj (.data)
                  20000008    00000008                                   : exit.obj (.data)
                  20000010    00000004                                   : stkdepth_vars.obj (.data)

.TI.persistent 
*          0    20000000    00000000     UNINITIALIZED

.stack     0    20010000    00000000     UNINITIALIZED


GLOBAL SYMBOLS: SORTED ALPHABETICALLY BY Name 

address   name                    
-------   ----                    
00000661  ADC14_IRQHandler        
00000669  AES256_IRQHandler       
000007b1  C$$EXIT                 
0000063d  COMP_E0_IRQHandler      
0000063f  COMP_E1_IRQHandler      
00000633  CS_IRQHandler           
00000199  Clock_Init              
000002ff  Clock_Init32kHz         
000001ef  Clock_Init48MHz         
0000040b  Clock_InitLowPower      
0000066d  DMA_ERR_IRQHandler      
00000675  DMA_INT0_IRQHandler     
00000673  DMA_INT1_IRQHandler     
00000671  DMA_INT2_IRQHandler     
0000066f  DMA_INT3_IRQHandler     
0000062b  DebugMon_Handler        
00000683  DisableInterrupts       
00000651  EUSCIA0_IRQHandler      
00000653  EUSCIA1_IRQHandler      
00000655  EUSCIA2_IRQHandler      
00000657  EUSCIA3_IRQHandler      
00000659  EUSCIB0_IRQHandler      
0000065b  EUSCIB1_IRQHandler      
0000065d  EUSCIB2_IRQHandler      
0000065f  EUSCIB3_IRQHandler      
00000689  EnableInterrupts        
00000699  EndCritical             
0000063b  FLCTL_IRQHandler        
00000639  FPU_IRQHandler          
00000635  PCM_IRQHandler          
00000677  PORT1_IRQHandler        
00000679  PORT2_IRQHandler        
0000067b  PORT3_IRQHandler        
0000067d  PORT4_IRQHandler        
0000067f  PORT5_IRQHandler        
00000681  PORT6_IRQHandler        
00000631  PSS_IRQHandler          
0000062d  PendSV_Handler          
0000066b  RTC_C_IRQHandler        
UNDEFED   SHT$$INIT_ARRAY$$Base   
UNDEFED   SHT$$INIT_ARRAY$$Limit  
00000629  SVC_Handler             
0000068f  StartCritical           
0000062f  SysTick_Handler         
00000663  T32_INT1_IRQHandler     
00000665  T32_INT2_IRQHandler     
00000667  T32_INTC_IRQHandler     
00000641  TA0_0_IRQHandler        
00000643  TA0_N_IRQHandler        
00000645  TA1_0_IRQHandler        
00000647  TA1_N_IRQHandler        
00000649  TA2_0_IRQHandler        
0000064b  TA2_N_IRQHandler        
0000064d  TA3_0_IRQHandler        
0000064f  TA3_N_IRQHandler        
4000480c  WDTCTL_SYM              
00000637  WDT_A_IRQHandler        
000006a1  WaitForInterrupt        
20010000  __STACK_END             
00000000  __STACK_SIZE            
UNDEFED   __TI_CINIT_Base         
UNDEFED   __TI_CINIT_Limit        
UNDEFED   __TI_Handler_Table_Base 
UNDEFED   __TI_Handler_Table_Limit
000006a9  __TI_auto_init          
20000008  __TI_cleanup_ptr        
2000000c  __TI_dtors_ptr          
00000000  __TI_static_base__      
00000571  __aeabi_memcpy          
00000571  __aeabi_memcpy4         
00000571  __aeabi_memcpy8         
ffffffff  __binit__               
ffffffff  __c_args__              
20010000  __stack                 
000007f5  _args_main              
00000715  _c_int00                
20000000  _lock                   
0000081b  _nop                    
00000813  _register_lock          
0000080d  _register_unlock        
00000821  _system_pre_init        
20000004  _unlock                 
000007b5  abort                   
ffffffff  binit                   
00000765  copy_in                 
000007bd  exit                    
00000000  interruptVectors        
000004f3  main                    
20000010  main_func_sp            
00000571  memcpy                  


GLOBAL SYMBOLS: SORTED BY Symbol Address 

address   name                    
-------   ----                    
00000000  __STACK_SIZE            
00000000  __TI_static_base__      
00000000  interruptVectors        
00000199  Clock_Init              
000001ef  Clock_Init48MHz         
000002ff  Clock_Init32kHz         
0000040b  Clock_InitLowPower      
000004f3  main                    
00000571  __aeabi_memcpy          
00000571  __aeabi_memcpy4         
00000571  __aeabi_memcpy8         
00000571  memcpy                  
00000629  SVC_Handler             
0000062b  DebugMon_Handler        
0000062d  PendSV_Handler          
0000062f  SysTick_Handler         
00000631  PSS_IRQHandler          
00000633  CS_IRQHandler           
00000635  PCM_IRQHandler          
00000637  WDT_A_IRQHandler        
00000639  FPU_IRQHandler          
0000063b  FLCTL_IRQHandler        
0000063d  COMP_E0_IRQHandler      
0000063f  COMP_E1_IRQHandler      
00000641  TA0_0_IRQHandler        
00000643  TA0_N_IRQHandler        
00000645  TA1_0_IRQHandler        
00000647  TA1_N_IRQHandler        
00000649  TA2_0_IRQHandler        
0000064b  TA2_N_IRQHandler        
0000064d  TA3_0_IRQHandler        
0000064f  TA3_N_IRQHandler        
00000651  EUSCIA0_IRQHandler      
00000653  EUSCIA1_IRQHandler      
00000655  EUSCIA2_IRQHandler      
00000657  EUSCIA3_IRQHandler      
00000659  EUSCIB0_IRQHandler      
0000065b  EUSCIB1_IRQHandler      
0000065d  EUSCIB2_IRQHandler      
0000065f  EUSCIB3_IRQHandler      
00000661  ADC14_IRQHandler        
00000663  T32_INT1_IRQHandler     
00000665  T32_INT2_IRQHandler     
00000667  T32_INTC_IRQHandler     
00000669  AES256_IRQHandler       
0000066b  RTC_C_IRQHandler        
0000066d  DMA_ERR_IRQHandler      
0000066f  DMA_INT3_IRQHandler     
00000671  DMA_INT2_IRQHandler     
00000673  DMA_INT1_IRQHandler     
00000675  DMA_INT0_IRQHandler     
00000677  PORT1_IRQHandler        
00000679  PORT2_IRQHandler        
0000067b  PORT3_IRQHandler        
0000067d  PORT4_IRQHandler        
0000067f  PORT5_IRQHandler        
00000681  PORT6_IRQHandler        
00000683  DisableInterrupts       
00000689  EnableInterrupts        
0000068f  StartCritical           
00000699  EndCritical             
000006a1  WaitForInterrupt        
000006a9  __TI_auto_init          
00000715  _c_int00                
00000765  copy_in                 
000007b1  C$$EXIT                 
000007b5  abort                   
000007bd  exit                    
000007f5  _args_main              
0000080d  _register_unlock        
00000813  _register_lock          
0000081b  _nop                    
00000821  _system_pre_init        
20000000  _lock                   
20000004  _unlock                 
20000008  __TI_cleanup_ptr        
2000000c  __TI_dtors_ptr          
20000010  main_func_sp            
20010000  __STACK_END             
20010000  __stack                 
4000480c  WDTCTL_SYM              
ffffffff  __binit__               
ffffffff  __c_args__              
ffffffff  binit                   
UNDEFED   SHT$$INIT_ARRAY$$Base   
UNDEFED   SHT$$INIT_ARRAY$$Limit  
UNDEFED   __TI_CINIT_Base         
UNDEFED   __TI_CINIT_Limit        
UNDEFED   __TI_Handler_Table_Base 
UNDEFED   __TI_Handler_Table_Limit

[90 symbols]
