******************************************************************************
                  TI ARM Linker PC v5.2.4                      
******************************************************************************
>> Linked Mon Jun 13 16:09:40 2016

OUTPUT FILE NAME:   <Switch_MSP432asm.out>
ENTRY POINT SYMBOL: "_c_int00"  address: 00000475


MEMORY CONFIGURATION

         name            origin    length      used     unused   attr    fill
----------------------  --------  ---------  --------  --------  ----  --------
  MAIN                  00000000   00040000  00000584  0003fa7c  R  X
  INFO                  00200000   00004000  00000000  00004000  R  X
  SRAM_CODE             01000000   00010000  00000000  00010000  RW X
  SRAM_DATA             20000000   00010000  00000014  0000ffec  RW  


SEGMENT ALLOCATION MAP

run origin  load origin   length   init length attrs members
----------  ----------- ---------- ----------- ----- -------
00000000    00000000    00000584   00000584    r-x
  00000000    00000000    00000144   00000144    r-- .intvecs
  00000144    00000144    00000440   00000440    r-x .text
20000000    20000000    00000014   00000014    rw-
  20000000    20000000    00000014   00000014    rw- .data


SECTION ALLOCATION MAP

 output                                  attributes/
section   page    origin      length       input sections
--------  ----  ----------  ----------   ----------------
.intvecs   0    00000000    00000144     
                  00000000    00000144     msp432_startup_ccs.obj (.intvecs)

.text      0    00000144    00000440     
                  00000144    000000ea     SwitchTestMain.obj (.text)
                  0000022e    00000002     --HOLE-- [fill = 0]
                  00000230    000000a0     Switch.obj (.text)
                  000002d0    0000009c     rtsv7M4_T_le_v4SPD16_eabi.lib : memcpy_t2.obj (.text)
                  0000036c    0000009a     msp432_startup_ccs.obj (.text)
                  00000406    00000002     --HOLE-- [fill = 0]
                  00000408    0000006c     rtsv7M4_T_le_v4SPD16_eabi.lib : autoinit.obj (.text)
                  00000474    00000050                                   : boot.obj (.text)
                  000004c4    0000004c                                   : cpy_tbl.obj (.text)
                  00000510    00000044                                   : exit.obj (.text)
                  00000554    00000018                                   : args_main.obj (.text)
                  0000056c    00000014                                   : _lock.obj (.text)
                  00000580    00000004                                   : pre_init.obj (.text)

.cinit     0    00000000    00000000     UNINITIALIZED

.data      0    20000000    00000014     
                  20000000    00000008     rtsv7M4_T_le_v4SPD16_eabi.lib : _lock.obj (.data)
                  20000008    00000008                                   : exit.obj (.data)
                  20000010    00000004                                   : stkdepth_vars.obj (.data)

.TI.persistent 
*          0    20000000    00000000     UNINITIALIZED

.stack     0    20010000    00000000     UNINITIALIZED


GLOBAL SYMBOLS: SORTED ALPHABETICALLY BY Name 

address   name                    
-------   ----                    
000003c1  ADC14_IRQHandler        
000003c9  AES256_IRQHandler       
00000287  Board_Init              
000002c5  Board_Input             
00000511  C$$EXIT                 
0000039d  COMP_E0_IRQHandler      
0000039f  COMP_E1_IRQHandler      
00000393  CS_IRQHandler           
000003cd  DMA_ERR_IRQHandler      
000003d5  DMA_INT0_IRQHandler     
000003d3  DMA_INT1_IRQHandler     
000003d1  DMA_INT2_IRQHandler     
000003cf  DMA_INT3_IRQHandler     
0000038b  DebugMon_Handler        
000003e3  DisableInterrupts       
000003b1  EUSCIA0_IRQHandler      
000003b3  EUSCIA1_IRQHandler      
000003b5  EUSCIA2_IRQHandler      
000003b7  EUSCIA3_IRQHandler      
000003b9  EUSCIB0_IRQHandler      
000003bb  EUSCIB1_IRQHandler      
000003bd  EUSCIB2_IRQHandler      
000003bf  EUSCIB3_IRQHandler      
000003e9  EnableInterrupts        
000003f9  EndCritical             
0000039b  FLCTL_IRQHandler        
00000399  FPU_IRQHandler          
00000395  PCM_IRQHandler          
000003d7  PORT1_IRQHandler        
000003d9  PORT2_IRQHandler        
000003db  PORT3_IRQHandler        
000003dd  PORT4_IRQHandler        
000003df  PORT5_IRQHandler        
000003e1  PORT6_IRQHandler        
00000391  PSS_IRQHandler          
0000038d  PendSV_Handler          
000003cb  RTC_C_IRQHandler        
UNDEFED   SHT$$INIT_ARRAY$$Base   
UNDEFED   SHT$$INIT_ARRAY$$Limit  
00000389  SVC_Handler             
000003ef  StartCritical           
00000249  Switch_Init             
0000027b  Switch_Input            
0000038f  SysTick_Handler         
000003c3  T32_INT1_IRQHandler     
000003c5  T32_INT2_IRQHandler     
000003c7  T32_INTC_IRQHandler     
000003a1  TA0_0_IRQHandler        
000003a3  TA0_N_IRQHandler        
000003a5  TA1_0_IRQHandler        
000003a7  TA1_N_IRQHandler        
000003a9  TA2_0_IRQHandler        
000003ab  TA2_N_IRQHandler        
000003ad  TA3_0_IRQHandler        
000003af  TA3_N_IRQHandler        
4000480c  WDTCTL_SYM              
00000397  WDT_A_IRQHandler        
00000401  WaitForInterrupt        
20010000  __STACK_END             
00000000  __STACK_SIZE            
UNDEFED   __TI_CINIT_Base         
UNDEFED   __TI_CINIT_Limit        
UNDEFED   __TI_Handler_Table_Base 
UNDEFED   __TI_Handler_Table_Limit
00000409  __TI_auto_init          
20000008  __TI_cleanup_ptr        
2000000c  __TI_dtors_ptr          
00000000  __TI_static_base__      
000002d1  __aeabi_memcpy          
000002d1  __aeabi_memcpy4         
000002d1  __aeabi_memcpy8         
ffffffff  __binit__               
ffffffff  __c_args__              
20010000  __stack                 
00000555  _args_main              
00000475  _c_int00                
20000000  _lock                   
0000057b  _nop                    
00000573  _register_lock          
0000056d  _register_unlock        
00000581  _system_pre_init        
20000004  _unlock                 
00000515  abort                   
ffffffff  binit                   
000004c5  copy_in                 
0000051d  exit                    
00000000  interruptVectors        
0000017d  main                    
20000010  main_func_sp            
000002d1  memcpy                  


GLOBAL SYMBOLS: SORTED BY Symbol Address 

address   name                    
-------   ----                    
00000000  __STACK_SIZE            
00000000  __TI_static_base__      
00000000  interruptVectors        
0000017d  main                    
00000249  Switch_Init             
0000027b  Switch_Input            
00000287  Board_Init              
000002c5  Board_Input             
000002d1  __aeabi_memcpy          
000002d1  __aeabi_memcpy4         
000002d1  __aeabi_memcpy8         
000002d1  memcpy                  
00000389  SVC_Handler             
0000038b  DebugMon_Handler        
0000038d  PendSV_Handler          
0000038f  SysTick_Handler         
00000391  PSS_IRQHandler          
00000393  CS_IRQHandler           
00000395  PCM_IRQHandler          
00000397  WDT_A_IRQHandler        
00000399  FPU_IRQHandler          
0000039b  FLCTL_IRQHandler        
0000039d  COMP_E0_IRQHandler      
0000039f  COMP_E1_IRQHandler      
000003a1  TA0_0_IRQHandler        
000003a3  TA0_N_IRQHandler        
000003a5  TA1_0_IRQHandler        
000003a7  TA1_N_IRQHandler        
000003a9  TA2_0_IRQHandler        
000003ab  TA2_N_IRQHandler        
000003ad  TA3_0_IRQHandler        
000003af  TA3_N_IRQHandler        
000003b1  EUSCIA0_IRQHandler      
000003b3  EUSCIA1_IRQHandler      
000003b5  EUSCIA2_IRQHandler      
000003b7  EUSCIA3_IRQHandler      
000003b9  EUSCIB0_IRQHandler      
000003bb  EUSCIB1_IRQHandler      
000003bd  EUSCIB2_IRQHandler      
000003bf  EUSCIB3_IRQHandler      
000003c1  ADC14_IRQHandler        
000003c3  T32_INT1_IRQHandler     
000003c5  T32_INT2_IRQHandler     
000003c7  T32_INTC_IRQHandler     
000003c9  AES256_IRQHandler       
000003cb  RTC_C_IRQHandler        
000003cd  DMA_ERR_IRQHandler      
000003cf  DMA_INT3_IRQHandler     
000003d1  DMA_INT2_IRQHandler     
000003d3  DMA_INT1_IRQHandler     
000003d5  DMA_INT0_IRQHandler     
000003d7  PORT1_IRQHandler        
000003d9  PORT2_IRQHandler        
000003db  PORT3_IRQHandler        
000003dd  PORT4_IRQHandler        
000003df  PORT5_IRQHandler        
000003e1  PORT6_IRQHandler        
000003e3  DisableInterrupts       
000003e9  EnableInterrupts        
000003ef  StartCritical           
000003f9  EndCritical             
00000401  WaitForInterrupt        
00000409  __TI_auto_init          
00000475  _c_int00                
000004c5  copy_in                 
00000511  C$$EXIT                 
00000515  abort                   
0000051d  exit                    
00000555  _args_main              
0000056d  _register_unlock        
00000573  _register_lock          
0000057b  _nop                    
00000581  _system_pre_init        
20000000  _lock                   
20000004  _unlock                 
20000008  __TI_cleanup_ptr        
2000000c  __TI_dtors_ptr          
20000010  main_func_sp            
20010000  __STACK_END             
20010000  __stack                 
4000480c  WDTCTL_SYM              
ffffffff  __binit__               
ffffffff  __c_args__              
ffffffff  binit                   
UNDEFED   SHT$$INIT_ARRAY$$Base   
UNDEFED   SHT$$INIT_ARRAY$$Limit  
UNDEFED   __TI_CINIT_Base         
UNDEFED   __TI_CINIT_Limit        
UNDEFED   __TI_Handler_Table_Base 
UNDEFED   __TI_Handler_Table_Limit

[90 symbols]
