******************************************************************************
                  TI ARM Linker PC v5.2.4                      
******************************************************************************
>> Linked Mon Jun 13 16:08:54 2016

OUTPUT FILE NAME:   <ProfileSqrt_MSP432.out>
ENTRY POINT SYMBOL: "_c_int00"  address: 000005bd


MEMORY CONFIGURATION

         name            origin    length      used     unused   attr    fill
----------------------  --------  ---------  --------  --------  ----  --------
  MAIN                  00000000   00040000  00000724  0003f8dc  R  X
  INFO                  00200000   00004000  00000000  00004000  R  X
  SRAM_CODE             01000000   00010000  00000000  00010000  RW X
  SRAM_DATA             20000000   00010000  00000224  0000fddc  RW  


SEGMENT ALLOCATION MAP

run origin  load origin   length   init length attrs members
----------  ----------- ---------- ----------- ----- -------
00000000    00000000    00000728   00000728    r-x
  00000000    00000000    00000144   00000144    r-- .intvecs
  00000144    00000144    000005a8   000005a8    r-x .text
  000006f0    000006f0    00000038   00000038    r-- .cinit
20000000    20000000    00000024   00000000    rw-
  20000000    20000000    00000014   00000000    rw- .data
  20000014    20000014    00000010   00000000    rw- .bss
2000fe00    2000fe00    00000200   00000000    rw-
  2000fe00    2000fe00    00000200   00000000    rw- .stack


SECTION ALLOCATION MAP

 output                                  attributes/
section   page    origin      length       input sections
--------  ----  ----------  ----------   ----------------
.intvecs   0    00000000    00000144     
                  00000000    00000144     msp432_startup_ccs.obj (.intvecs)

.text      0    00000144    000005a8     
                  00000144    000001f0     ProfileSqrt.obj (.text)
                  00000334    0000009c     rtsv7M4_T_le_v4SPD16_eabi.lib : memcpy_t2.obj (.text)
                  000003d0    0000009a     msp432_startup_ccs.obj (.text)
                  0000046a    0000007a     rtsv7M4_T_le_v4SPD16_eabi.lib : memset_t2.obj (.text)
                  000004e4    0000006c                                   : autoinit.obj (.text)
                  00000550    0000006a                                   : copy_decompress_rle.obj (.text)
                  000005ba    00000002     --HOLE-- [fill = 0]
                  000005bc    00000050                                   : boot.obj (.text)
                  0000060c    0000004c                                   : cpy_tbl.obj (.text)
                  00000658    00000044                                   : exit.obj (.text)
                  0000069c    00000018                                   : args_main.obj (.text)
                  000006b4    00000014                                   : _lock.obj (.text)
                  000006c8    0000000e                                   : copy_decompress_none.obj (.text:decompress:none)
                  000006d6    0000000c                                   : copy_zero_init.obj (.text:decompress:ZI)
                  000006e2    00000006                                   : copy_decompress_rle.obj (.text:decompress:rle24)
                  000006e8    00000004                                   : pre_init.obj (.text)

.cinit     0    000006f0    00000038     
                  000006f0    0000000f     (.cinit..data.load) [load image, compression = rle]
                  000006ff    00000001     --HOLE-- [fill = 0]
                  00000700    0000000c     (__TI_handler_table)
                  0000070c    00000004     --HOLE-- [fill = 0]
                  00000710    00000008     (.cinit..bss.load) [load image, compression = zero_init]
                  00000718    00000010     (__TI_cinit_table)

.data      0    20000000    00000014     UNINITIALIZED
                  20000000    00000008     rtsv7M4_T_le_v4SPD16_eabi.lib : _lock.obj (.data)
                  20000008    00000008                                   : exit.obj (.data)
                  20000010    00000004                                   : stkdepth_vars.obj (.data)

.bss       0    20000014    00000010     UNINITIALIZED
                  20000014    00000004     (.common:before)
                  20000018    00000004     (.common:elapsed)
                  2000001c    00000004     (.common:ss)
                  20000020    00000004     (.common:tt)

.TI.persistent 
*          0    20000000    00000000     UNINITIALIZED

.TI.noinit 
*          0    20000014    00000000     UNINITIALIZED

.stack     0    2000fe00    00000200     UNINITIALIZED
                  2000fe00    00000200     --HOLE--


LINKER GENERATED COPY TABLES

__TI_cinit_table @ 00000718 records: 2, size/record: 8, table size: 16
	.data: load addr=000006f0, load size=0000000f bytes, run addr=20000000, run size=00000014 bytes, compression=rle
	.bss: load addr=00000710, load size=00000008 bytes, run addr=20000014, run size=00000010 bytes, compression=zero_init


LINKER GENERATED HANDLER TABLE

__TI_handler_table @ 00000700 records: 3, size/record: 4, table size: 12
	index: 0, handler: __TI_decompress_rle24
	index: 1, handler: __TI_decompress_none
	index: 2, handler: __TI_zero_init


GLOBAL SYMBOLS: SORTED ALPHABETICALLY BY Name 

address   name                    
-------   ----                    
00000425  ADC14_IRQHandler        
0000042d  AES256_IRQHandler       
00000659  C$$EXIT                 
00000401  COMP_E0_IRQHandler      
00000403  COMP_E1_IRQHandler      
000003f7  CS_IRQHandler           
00000431  DMA_ERR_IRQHandler      
00000439  DMA_INT0_IRQHandler     
00000437  DMA_INT1_IRQHandler     
00000435  DMA_INT2_IRQHandler     
00000433  DMA_INT3_IRQHandler     
000003ef  DebugMon_Handler        
00000447  DisableInterrupts       
00000415  EUSCIA0_IRQHandler      
00000417  EUSCIA1_IRQHandler      
00000419  EUSCIA2_IRQHandler      
0000041b  EUSCIA3_IRQHandler      
0000041d  EUSCIB0_IRQHandler      
0000041f  EUSCIB1_IRQHandler      
00000421  EUSCIB2_IRQHandler      
00000423  EUSCIB3_IRQHandler      
0000044d  EnableInterrupts        
0000045d  EndCritical             
000003ff  FLCTL_IRQHandler        
000003fd  FPU_IRQHandler          
000003f9  PCM_IRQHandler          
0000043b  PORT1_IRQHandler        
0000043d  PORT2_IRQHandler        
0000043f  PORT3_IRQHandler        
00000441  PORT4_IRQHandler        
00000443  PORT5_IRQHandler        
00000445  PORT6_IRQHandler        
000003f5  PSS_IRQHandler          
000003f1  PendSV_Handler          
0000042f  RTC_C_IRQHandler        
UNDEFED   SHT$$INIT_ARRAY$$Base   
UNDEFED   SHT$$INIT_ARRAY$$Limit  
000003ed  SVC_Handler             
00000453  StartCritical           
000003f3  SysTick_Handler         
00000145  SysTick_Init            
00000427  T32_INT1_IRQHandler     
00000429  T32_INT2_IRQHandler     
0000042b  T32_INTC_IRQHandler     
00000405  TA0_0_IRQHandler        
00000407  TA0_N_IRQHandler        
00000409  TA1_0_IRQHandler        
0000040b  TA1_N_IRQHandler        
0000040d  TA2_0_IRQHandler        
0000040f  TA2_N_IRQHandler        
00000411  TA3_0_IRQHandler        
00000413  TA3_N_IRQHandler        
4000480c  WDTCTL_SYM              
000003fb  WDT_A_IRQHandler        
00000465  WaitForInterrupt        
20010000  __STACK_END             
00000200  __STACK_SIZE            
00000718  __TI_CINIT_Base         
00000728  __TI_CINIT_Limit        
00000700  __TI_Handler_Table_Base 
0000070c  __TI_Handler_Table_Limit
000004e5  __TI_auto_init          
20000008  __TI_cleanup_ptr        
000006c9  __TI_decompress_none    
000006e3  __TI_decompress_rle24   
2000000c  __TI_dtors_ptr          
00000000  __TI_static_base__      
000006d7  __TI_zero_init          
0000046b  __aeabi_memclr          
0000046b  __aeabi_memclr4         
0000046b  __aeabi_memclr8         
00000335  __aeabi_memcpy          
00000335  __aeabi_memcpy4         
00000335  __aeabi_memcpy8         
0000046d  __aeabi_memset          
0000046d  __aeabi_memset4         
0000046d  __aeabi_memset8         
ffffffff  __binit__               
ffffffff  __c_args__              
2000fe00  __stack                 
0000069d  _args_main              
000005bd  _c_int00                
20000000  _lock                   
000006c3  _nop                    
000006bb  _register_lock          
000006b5  _register_unlock        
000006e9  _system_pre_init        
20000004  _unlock                 
0000065d  abort                   
20000014  before                  
ffffffff  binit                   
0000060d  copy_in                 
20000018  elapsed                 
00000665  exit                    
00000000  interruptVectors        
0000019f  main                    
0000021b  main2                   
000002b9  main3                   
20000010  main_func_sp            
00000335  memcpy                  
00000473  memset                  
00000161  sqrt                    
0000025b  sqrt3                   
2000001c  ss                      
20000020  tt                      


GLOBAL SYMBOLS: SORTED BY Symbol Address 

address   name                    
-------   ----                    
00000000  __TI_static_base__      
00000000  interruptVectors        
00000145  SysTick_Init            
00000161  sqrt                    
0000019f  main                    
00000200  __STACK_SIZE            
0000021b  main2                   
0000025b  sqrt3                   
000002b9  main3                   
00000335  __aeabi_memcpy          
00000335  __aeabi_memcpy4         
00000335  __aeabi_memcpy8         
00000335  memcpy                  
000003ed  SVC_Handler             
000003ef  DebugMon_Handler        
000003f1  PendSV_Handler          
000003f3  SysTick_Handler         
000003f5  PSS_IRQHandler          
000003f7  CS_IRQHandler           
000003f9  PCM_IRQHandler          
000003fb  WDT_A_IRQHandler        
000003fd  FPU_IRQHandler          
000003ff  FLCTL_IRQHandler        
00000401  COMP_E0_IRQHandler      
00000403  COMP_E1_IRQHandler      
00000405  TA0_0_IRQHandler        
00000407  TA0_N_IRQHandler        
00000409  TA1_0_IRQHandler        
0000040b  TA1_N_IRQHandler        
0000040d  TA2_0_IRQHandler        
0000040f  TA2_N_IRQHandler        
00000411  TA3_0_IRQHandler        
00000413  TA3_N_IRQHandler        
00000415  EUSCIA0_IRQHandler      
00000417  EUSCIA1_IRQHandler      
00000419  EUSCIA2_IRQHandler      
0000041b  EUSCIA3_IRQHandler      
0000041d  EUSCIB0_IRQHandler      
0000041f  EUSCIB1_IRQHandler      
00000421  EUSCIB2_IRQHandler      
00000423  EUSCIB3_IRQHandler      
00000425  ADC14_IRQHandler        
00000427  T32_INT1_IRQHandler     
00000429  T32_INT2_IRQHandler     
0000042b  T32_INTC_IRQHandler     
0000042d  AES256_IRQHandler       
0000042f  RTC_C_IRQHandler        
00000431  DMA_ERR_IRQHandler      
00000433  DMA_INT3_IRQHandler     
00000435  DMA_INT2_IRQHandler     
00000437  DMA_INT1_IRQHandler     
00000439  DMA_INT0_IRQHandler     
0000043b  PORT1_IRQHandler        
0000043d  PORT2_IRQHandler        
0000043f  PORT3_IRQHandler        
00000441  PORT4_IRQHandler        
00000443  PORT5_IRQHandler        
00000445  PORT6_IRQHandler        
00000447  DisableInterrupts       
0000044d  EnableInterrupts        
00000453  StartCritical           
0000045d  EndCritical             
00000465  WaitForInterrupt        
0000046b  __aeabi_memclr          
0000046b  __aeabi_memclr4         
0000046b  __aeabi_memclr8         
0000046d  __aeabi_memset          
0000046d  __aeabi_memset4         
0000046d  __aeabi_memset8         
00000473  memset                  
000004e5  __TI_auto_init          
000005bd  _c_int00                
0000060d  copy_in                 
00000659  C$$EXIT                 
0000065d  abort                   
00000665  exit                    
0000069d  _args_main              
000006b5  _register_unlock        
000006bb  _register_lock          
000006c3  _nop                    
000006c9  __TI_decompress_none    
000006d7  __TI_zero_init          
000006e3  __TI_decompress_rle24   
000006e9  _system_pre_init        
00000700  __TI_Handler_Table_Base 
0000070c  __TI_Handler_Table_Limit
00000718  __TI_CINIT_Base         
00000728  __TI_CINIT_Limit        
20000000  _lock                   
20000004  _unlock                 
20000008  __TI_cleanup_ptr        
2000000c  __TI_dtors_ptr          
20000010  main_func_sp            
20000014  before                  
20000018  elapsed                 
2000001c  ss                      
20000020  tt                      
2000fe00  __stack                 
20010000  __STACK_END             
4000480c  WDTCTL_SYM              
ffffffff  __binit__               
ffffffff  __c_args__              
ffffffff  binit                   
UNDEFED   SHT$$INIT_ARRAY$$Base   
UNDEFED   SHT$$INIT_ARRAY$$Limit  

[105 symbols]
