******************************************************************************
                  TI ARM Linker PC v5.2.4                      
******************************************************************************
>> Linked Mon Jun 13 16:07:42 2016

OUTPUT FILE NAME:   <MAX5353_MSP432.out>
ENTRY POINT SYMBOL: "_c_int00"  address: 000004a5


MEMORY CONFIGURATION

         name            origin    length      used     unused   attr    fill
----------------------  --------  ---------  --------  --------  ----  --------
  MAIN                  00000000   00040000  00000654  0003f9ac  R  X
  INFO                  00200000   00004000  00000000  00004000  R  X
  SRAM_CODE             01000000   00010000  00000000  00010000  RW X
  SRAM_DATA             20000000   00010000  00000214  0000fdec  RW  


SEGMENT ALLOCATION MAP

run origin  load origin   length   init length attrs members
----------  ----------- ---------- ----------- ----- -------
00000000    00000000    00000658   00000658    r-x
  00000000    00000000    00000144   00000144    r-- .intvecs
  00000144    00000144    000004b0   000004b0    r-x .text
  000005f4    000005f4    00000040   00000040    r-- .const
  00000638    00000638    00000020   00000020    r-- .cinit
20000000    20000000    00000014   00000000    rw-
  20000000    20000000    00000014   00000000    rw- .data
2000fe00    2000fe00    00000200   00000000    rw-
  2000fe00    2000fe00    00000200   00000000    rw- .stack


SECTION ALLOCATION MAP

 output                                  attributes/
section   page    origin      length       input sections
--------  ----  ----------  ----------   ----------------
.intvecs   0    00000000    00000144     
                  00000000    00000144     msp432_startup_ccs.obj (.intvecs)

.text      0    00000144    000004b0     
                  00000144    000000d8     MAX5353.obj (.text)
                  0000021c    0000009c     rtsv7M4_T_le_v4SPD16_eabi.lib : memcpy_t2.obj (.text)
                  000002b8    0000009a     msp432_startup_ccs.obj (.text)
                  00000352    0000007a     rtsv7M4_T_le_v4SPD16_eabi.lib : memset_t2.obj (.text)
                  000003cc    0000006c                                   : autoinit.obj (.text)
                  00000438    0000006a                                   : copy_decompress_rle.obj (.text)
                  000004a2    00000002     --HOLE-- [fill = 0]
                  000004a4    00000050                                   : boot.obj (.text)
                  000004f4    0000004c                                   : cpy_tbl.obj (.text)
                  00000540    00000044                                   : exit.obj (.text)
                  00000584    0000002c     MAX5353TestMain.obj (.text)
                  000005b0    00000018     rtsv7M4_T_le_v4SPD16_eabi.lib : args_main.obj (.text)
                  000005c8    00000014                                   : _lock.obj (.text)
                  000005dc    0000000e                                   : copy_decompress_none.obj (.text:decompress:none)
                  000005ea    00000006                                   : copy_decompress_rle.obj (.text:decompress:rle24)
                  000005f0    00000004                                   : pre_init.obj (.text)

.const     0    000005f4    00000040     
                  000005f4    00000040     MAX5353TestMain.obj (.const:wave)

.cinit     0    00000638    00000020     
                  00000638    0000000f     (.cinit..data.load) [load image, compression = rle]
                  00000647    00000001     --HOLE-- [fill = 0]
                  00000648    00000008     (__TI_handler_table)
                  00000650    00000008     (__TI_cinit_table)

.data      0    20000000    00000014     UNINITIALIZED
                  20000000    00000008     rtsv7M4_T_le_v4SPD16_eabi.lib : _lock.obj (.data)
                  20000008    00000008                                   : exit.obj (.data)
                  20000010    00000004                                   : stkdepth_vars.obj (.data)

.TI.persistent 
*          0    20000000    00000000     UNINITIALIZED

.stack     0    2000fe00    00000200     UNINITIALIZED
                  2000fe00    00000200     --HOLE--


LINKER GENERATED COPY TABLES

__TI_cinit_table @ 00000650 records: 1, size/record: 8, table size: 8
	.data: load addr=00000638, load size=0000000f bytes, run addr=20000000, run size=00000014 bytes, compression=rle


LINKER GENERATED HANDLER TABLE

__TI_handler_table @ 00000648 records: 2, size/record: 4, table size: 8
	index: 0, handler: __TI_decompress_rle24
	index: 1, handler: __TI_decompress_none


GLOBAL SYMBOLS: SORTED ALPHABETICALLY BY Name 

address   name                    
-------   ----                    
0000030d  ADC14_IRQHandler        
00000315  AES256_IRQHandler       
00000541  C$$EXIT                 
000002e9  COMP_E0_IRQHandler      
000002eb  COMP_E1_IRQHandler      
000002df  CS_IRQHandler           
00000145  DAC_Init                
000001bb  DAC_Out                 
00000319  DMA_ERR_IRQHandler      
00000321  DMA_INT0_IRQHandler     
0000031f  DMA_INT1_IRQHandler     
0000031d  DMA_INT2_IRQHandler     
0000031b  DMA_INT3_IRQHandler     
000002d7  DebugMon_Handler        
0000032f  DisableInterrupts       
000002fd  EUSCIA0_IRQHandler      
000002ff  EUSCIA1_IRQHandler      
00000301  EUSCIA2_IRQHandler      
00000303  EUSCIA3_IRQHandler      
00000305  EUSCIB0_IRQHandler      
00000307  EUSCIB1_IRQHandler      
00000309  EUSCIB2_IRQHandler      
0000030b  EUSCIB3_IRQHandler      
00000335  EnableInterrupts        
00000345  EndCritical             
000002e7  FLCTL_IRQHandler        
000002e5  FPU_IRQHandler          
000002e1  PCM_IRQHandler          
00000323  PORT1_IRQHandler        
00000325  PORT2_IRQHandler        
00000327  PORT3_IRQHandler        
00000329  PORT4_IRQHandler        
0000032b  PORT5_IRQHandler        
0000032d  PORT6_IRQHandler        
000002dd  PSS_IRQHandler          
000002d9  PendSV_Handler          
00000317  RTC_C_IRQHandler        
UNDEFED   SHT$$INIT_ARRAY$$Base   
UNDEFED   SHT$$INIT_ARRAY$$Limit  
000002d5  SVC_Handler             
0000033b  StartCritical           
000002db  SysTick_Handler         
0000030f  T32_INT1_IRQHandler     
00000311  T32_INT2_IRQHandler     
00000313  T32_INTC_IRQHandler     
000002ed  TA0_0_IRQHandler        
000002ef  TA0_N_IRQHandler        
000002f1  TA1_0_IRQHandler        
000002f3  TA1_N_IRQHandler        
000002f5  TA2_0_IRQHandler        
000002f7  TA2_N_IRQHandler        
000002f9  TA3_0_IRQHandler        
000002fb  TA3_N_IRQHandler        
4000480c  WDTCTL_SYM              
000002e3  WDT_A_IRQHandler        
0000034d  WaitForInterrupt        
20010000  __STACK_END             
00000200  __STACK_SIZE            
00000650  __TI_CINIT_Base         
00000658  __TI_CINIT_Limit        
00000648  __TI_Handler_Table_Base 
00000650  __TI_Handler_Table_Limit
000003cd  __TI_auto_init          
20000008  __TI_cleanup_ptr        
000005dd  __TI_decompress_none    
000005eb  __TI_decompress_rle24   
2000000c  __TI_dtors_ptr          
00000000  __TI_static_base__      
00000353  __aeabi_memclr          
00000353  __aeabi_memclr4         
00000353  __aeabi_memclr8         
0000021d  __aeabi_memcpy          
0000021d  __aeabi_memcpy4         
0000021d  __aeabi_memcpy8         
00000355  __aeabi_memset          
00000355  __aeabi_memset4         
00000355  __aeabi_memset8         
ffffffff  __binit__               
ffffffff  __c_args__              
2000fe00  __stack                 
000005b1  _args_main              
000004a5  _c_int00                
20000000  _lock                   
000005d7  _nop                    
000005cf  _register_lock          
000005c9  _register_unlock        
000005f1  _system_pre_init        
20000004  _unlock                 
00000545  abort                   
ffffffff  binit                   
000004f5  copy_in                 
0000054d  exit                    
00000000  interruptVectors        
00000585  main                    
20000010  main_func_sp            
0000021d  memcpy                  
0000035b  memset                  
000005f4  wave                    


GLOBAL SYMBOLS: SORTED BY Symbol Address 

address   name                    
-------   ----                    
00000000  __TI_static_base__      
00000000  interruptVectors        
00000145  DAC_Init                
000001bb  DAC_Out                 
00000200  __STACK_SIZE            
0000021d  __aeabi_memcpy          
0000021d  __aeabi_memcpy4         
0000021d  __aeabi_memcpy8         
0000021d  memcpy                  
000002d5  SVC_Handler             
000002d7  DebugMon_Handler        
000002d9  PendSV_Handler          
000002db  SysTick_Handler         
000002dd  PSS_IRQHandler          
000002df  CS_IRQHandler           
000002e1  PCM_IRQHandler          
000002e3  WDT_A_IRQHandler        
000002e5  FPU_IRQHandler          
000002e7  FLCTL_IRQHandler        
000002e9  COMP_E0_IRQHandler      
000002eb  COMP_E1_IRQHandler      
000002ed  TA0_0_IRQHandler        
000002ef  TA0_N_IRQHandler        
000002f1  TA1_0_IRQHandler        
000002f3  TA1_N_IRQHandler        
000002f5  TA2_0_IRQHandler        
000002f7  TA2_N_IRQHandler        
000002f9  TA3_0_IRQHandler        
000002fb  TA3_N_IRQHandler        
000002fd  EUSCIA0_IRQHandler      
000002ff  EUSCIA1_IRQHandler      
00000301  EUSCIA2_IRQHandler      
00000303  EUSCIA3_IRQHandler      
00000305  EUSCIB0_IRQHandler      
00000307  EUSCIB1_IRQHandler      
00000309  EUSCIB2_IRQHandler      
0000030b  EUSCIB3_IRQHandler      
0000030d  ADC14_IRQHandler        
0000030f  T32_INT1_IRQHandler     
00000311  T32_INT2_IRQHandler     
00000313  T32_INTC_IRQHandler     
00000315  AES256_IRQHandler       
00000317  RTC_C_IRQHandler        
00000319  DMA_ERR_IRQHandler      
0000031b  DMA_INT3_IRQHandler     
0000031d  DMA_INT2_IRQHandler     
0000031f  DMA_INT1_IRQHandler     
00000321  DMA_INT0_IRQHandler     
00000323  PORT1_IRQHandler        
00000325  PORT2_IRQHandler        
00000327  PORT3_IRQHandler        
00000329  PORT4_IRQHandler        
0000032b  PORT5_IRQHandler        
0000032d  PORT6_IRQHandler        
0000032f  DisableInterrupts       
00000335  EnableInterrupts        
0000033b  StartCritical           
00000345  EndCritical             
0000034d  WaitForInterrupt        
00000353  __aeabi_memclr          
00000353  __aeabi_memclr4         
00000353  __aeabi_memclr8         
00000355  __aeabi_memset          
00000355  __aeabi_memset4         
00000355  __aeabi_memset8         
0000035b  memset                  
000003cd  __TI_auto_init          
000004a5  _c_int00                
000004f5  copy_in                 
00000541  C$$EXIT                 
00000545  abort                   
0000054d  exit                    
00000585  main                    
000005b1  _args_main              
000005c9  _register_unlock        
000005cf  _register_lock          
000005d7  _nop                    
000005dd  __TI_decompress_none    
000005eb  __TI_decompress_rle24   
000005f1  _system_pre_init        
000005f4  wave                    
00000648  __TI_Handler_Table_Base 
00000650  __TI_CINIT_Base         
00000650  __TI_Handler_Table_Limit
00000658  __TI_CINIT_Limit        
20000000  _lock                   
20000004  _unlock                 
20000008  __TI_cleanup_ptr        
2000000c  __TI_dtors_ptr          
20000010  main_func_sp            
2000fe00  __stack                 
20010000  __STACK_END             
4000480c  WDTCTL_SYM              
ffffffff  __binit__               
ffffffff  __c_args__              
ffffffff  binit                   
UNDEFED   SHT$$INIT_ARRAY$$Base   
UNDEFED   SHT$$INIT_ARRAY$$Limit  

[98 symbols]
