******************************************************************************
                  TI ARM Linker PC v5.2.4                      
******************************************************************************
>> Linked Mon Jun 13 16:08:50 2016

OUTPUT FILE NAME:   <Printf_UART_MSP432.out>
ENTRY POINT SYMBOL: "_c_int00"  address: 00003349


MEMORY CONFIGURATION

         name            origin    length      used     unused   attr    fill
----------------------  --------  ---------  --------  --------  ----  --------
  MAIN                  00000000   00040000  00003935  0003c6cb  R  X
  INFO                  00200000   00004000  00000000  00004000  R  X
  SRAM_CODE             01000000   00010000  00000000  00010000  RW X
  SRAM_DATA             20000000   00010000  00000cf8  0000f308  RW  


SEGMENT ALLOCATION MAP

run origin  load origin   length   init length attrs members
----------  ----------- ---------- ----------- ----- -------
00000000    00000000    00003938   00003938    r-x
  00000000    00000000    00000144   00000144    r-- .intvecs
  00000144    00000144    00003620   00003620    r-x .text
  00003764    00003764    00000101   00000101    r-- .const
  00003868    00003868    000000d0   000000d0    r-- .cinit
20000000    20000000    000008f8   00000000    rw-
  20000000    20000000    00000400   00000000    rw- .sysmem
  20000400    20000400    00000330   00000000    rw- .data
  20000730    20000730    000001c8   00000000    rw- .bss
2000fc00    2000fc00    00000400   00000000    rw-
  2000fc00    2000fc00    00000400   00000000    rw- .stack


SECTION ALLOCATION MAP

 output                                  attributes/
section   page    origin      length       input sections
--------  ----  ----------  ----------   ----------------
.intvecs   0    00000000    00000144     
                  00000000    00000144     msp432_startup_ccs.obj (.intvecs)

.text      0    00000144    00003620     
                  00000144    000010ba     rtsv7M4_T_le_v4SPD16_eabi.lib : _printfi.obj (.text)
                  000011fe    00000002     --HOLE-- [fill = 0]
                  00001200    000003dc                                   : memory.obj (.text)
                  000015dc    0000030c                                   : lowlev.obj (.text)
                  000018e8    000002d4                                   : trgdrv.obj (.text)
                  00001bbc    00000224     UART.obj (.text)
                  00001de0    000001f4     rtsv7M4_T_le_v4SPD16_eabi.lib : ull_div_t2.obj (.text)
                  00001fd4    000001c4                                   : fopen.obj (.text)
                  00002198    000001b6                                   : fd_add_t2.obj (.text)
                  0000234e    00000002     --HOLE-- [fill = 0]
                  00002350    0000015c     main.obj (.text)
                  000024ac    00000136     rtsv7M4_T_le_v4SPD16_eabi.lib : fd_div_t2.obj (.text)
                  000025e2    00000002     --HOLE-- [fill = 0]
                  000025e4    00000134                                   : fputs.obj (.text)
                  00002718    00000110                                   : xdscale.obj (.text)
                  00002828    000000fc                                   : fd_mul_t2.obj (.text)
                  00002924    000000dc                                   : setvbuf.obj (.text)
                  00002a00    000000c8                                   : fflush.obj (.text)
                  00002ac8    000000be                                   : xdnorm.obj (.text)
                  00002b86    000000ac                                   : _io_perm.obj (.text)
                  00002c32    0000009c                                   : memcpy_t2.obj (.text)
                  00002cce    00000002     --HOLE-- [fill = 0]
                  00002cd0    0000009a     msp432_startup_ccs.obj (.text)
                  00002d6a    00000002     --HOLE-- [fill = 0]
                  00002d6c    00000098     rtsv7M4_T_le_v4SPD16_eabi.lib : fclose.obj (.text)
                  00002e04    00000098                                   : fputc.obj (.text)
                  00002e9c    00000086                                   : fd_cmp_t2.obj (.text:__aeabi_cdcmple)
                  00002f22    00000086                                   : fd_cmp_t2.obj (.text:__aeabi_cdrcmple)
                  00002fa8    0000007a                                   : memset_t2.obj (.text)
                  00003022    00000002     --HOLE-- [fill = 0]
                  00003024    00000070                                   : printf.obj (.text)
                  00003094    0000006c                                   : autoinit.obj (.text)
                  00003100    0000006a                                   : copy_decompress_rle.obj (.text)
                  0000316a    00000002     --HOLE-- [fill = 0]
                  0000316c    00000068                                   : trgmsg.obj (.text)
                  000031d4    00000066                                   : xdunscal.obj (.text)
                  0000323a    00000002     --HOLE-- [fill = 0]
                  0000323c    00000064                                   : fseek.obj (.text)
                  000032a0    00000056                                   : ltoa.obj (.text)
                  000032f6    00000052                                   : ldexp.obj (.text)
                  00003348    00000050                                   : boot.obj (.text)
                  00003398    0000004c                                   : atoi.obj (.text)
                  000033e4    0000004c                                   : cpy_tbl.obj (.text)
                  00003430    00000048                                   : fd_toi_t2.obj (.text)
                  00003478    00000044                                   : exit.obj (.text)
                  000034bc    00000040                                   : signal.obj (.text)
                  000034fc    00000038                                   : fs_tod_t2.obj (.text)
                  00003534    00000034                                   : feraiseexcept.obj (.text)
                  00003568    00000030                                   : strncpy.obj (.text)
                  00003598    00000030                                   : xdclass.obj (.text)
                  000035c8    00000030                                   : xferaise.obj (.text)
                  000035f8    0000002e                                   : i_tofd_t2.obj (.text)
                  00003626    0000002e                                   : raise.obj (.text)
                  00003654    0000002a                                   : frexp.obj (.text)
                  0000367e    00000020                                   : memchr.obj (.text)
                  0000369e    0000001c                                   : memccpy.obj (.text)
                  000036ba    00000002     --HOLE-- [fill = 0]
                  000036bc    00000018                                   : args_main.obj (.text)
                  000036d4    00000018                                   : strcmp.obj (.text)
                  000036ec    00000016                                   : strchr.obj (.text)
                  00003702    00000002     --HOLE-- [fill = 0]
                  00003704    00000014                                   : _lock.obj (.text)
                  00003718    00000014                                   : strcpy.obj (.text)
                  0000372c    00000014                                   : strlen.obj (.text)
                  00003740    0000000e                                   : copy_decompress_none.obj (.text:decompress:none)
                  0000374e    0000000c                                   : copy_zero_init.obj (.text:decompress:ZI)
                  0000375a    00000006                                   : copy_decompress_rle.obj (.text:decompress:rle24)
                  00003760    00000004                                   : pre_init.obj (.text)

.const     0    00003764    00000101     
                  00003764    00000101     rtsv7M4_T_le_v4SPD16_eabi.lib : ctype.obj (.const:.string:_ctypes_)

.cinit     0    00003868    000000d0     
                  00003868    000000a6     (.cinit..data.load) [load image, compression = rle]
                  0000390e    00000002     --HOLE-- [fill = 0]
                  00003910    0000000c     (__TI_handler_table)
                  0000391c    00000004     --HOLE-- [fill = 0]
                  00003920    00000008     (.cinit..bss.load) [load image, compression = zero_init]
                  00003928    00000010     (__TI_cinit_table)

.sysmem    0    20000000    00000400     UNINITIALIZED
                  20000000    00000008     rtsv7M4_T_le_v4SPD16_eabi.lib : memory.obj (.sysmem)
                  20000008    000003f8     --HOLE--

.data      0    20000400    00000330     UNINITIALIZED
                  20000400    000000f0     rtsv7M4_T_le_v4SPD16_eabi.lib : defs.obj (.data:_ftable)
                  200004f0    000000d0                                   : lowlev.obj (.data)
                  200005c0    000000b0                                   : signal.obj (.data:sigtable)
                  20000670    00000080                                   : xvalues.obj (.data)
                  200006f0    00000010                                   : defs.obj (.data)
                  20000700    0000000c                                   : memory.obj (.data)
                  2000070c    00000008                                   : _lock.obj (.data)
                  20000714    00000008                                   : exit.obj (.data)
                  2000071c    00000008                                   : feraiseexcept.obj (.data)
                  20000724    00000004                                   : errno.obj (.data)
                  20000728    00000004                                   : fopen.obj (.data)
                  2000072c    00000004                                   : stkdepth_vars.obj (.data)

.TI.persistent 
*          0    20000400    00000000     UNINITIALIZED

.bss       0    20000730    000001c8     UNINITIALIZED
                  20000730    00000120     rtsv7M4_T_le_v4SPD16_eabi.lib : trgmsg.obj (.bss:__CIOBUF_)
                  20000850    000000a0                                   : defs.obj (.bss:__TI_tmpnams)
                  200008f0    00000008     (.common:parmbuf)

.TI.noinit 
*          0    20000730    00000000     UNINITIALIZED

.stack     0    2000fc00    00000400     UNINITIALIZED
                  2000fc00    00000400     --HOLE--


LINKER GENERATED COPY TABLES

__TI_cinit_table @ 00003928 records: 2, size/record: 8, table size: 16
	.data: load addr=00003868, load size=000000a6 bytes, run addr=20000400, run size=00000330 bytes, compression=rle
	.bss: load addr=00003920, load size=00000008 bytes, run addr=20000730, run size=000001c8 bytes, compression=zero_init


LINKER GENERATED HANDLER TABLE

__TI_handler_table @ 00003910 records: 3, size/record: 4, table size: 12
	index: 0, handler: __TI_decompress_rle24
	index: 1, handler: __TI_decompress_none
	index: 2, handler: __TI_zero_init


GLOBAL SYMBOLS: SORTED ALPHABETICALLY BY Name 

address   name                    
-------   ----                    
00002d25  ADC14_IRQHandler        
00002d2d  AES256_IRQHandler       
00002351  BookExamples            
00003479  C$$EXIT                 
0000319b  C$$IO$$                 
00002d01  COMP_E0_IRQHandler      
00002d03  COMP_E1_IRQHandler      
00002cf7  CS_IRQHandler           
00002d31  DMA_ERR_IRQHandler      
00002d39  DMA_INT0_IRQHandler     
00002d37  DMA_INT1_IRQHandler     
00002d35  DMA_INT2_IRQHandler     
00002d33  DMA_INT3_IRQHandler     
00002cef  DebugMon_Handler        
00002d47  DisableInterrupts       
00002d15  EUSCIA0_IRQHandler      
00002d17  EUSCIA1_IRQHandler      
00002d19  EUSCIA2_IRQHandler      
00002d1b  EUSCIA3_IRQHandler      
00002d1d  EUSCIB0_IRQHandler      
00002d1f  EUSCIB1_IRQHandler      
00002d21  EUSCIB2_IRQHandler      
00002d23  EUSCIB3_IRQHandler      
00002d4d  EnableInterrupts        
00002d5d  EndCritical             
00002cff  FLCTL_IRQHandler        
00002cfd  FPU_IRQHandler          
00001b75  HOSTclock               
00001b3d  HOSTclose               
00001aff  HOSTgetenv              
00001aa3  HOSTlseek               
00001a51  HOSTopen                
00001a05  HOSTread                
000019a7  HOSTrename              
0000196d  HOSTtime                
00001935  HOSTunlink              
000018e9  HOSTwrite               
00001c6b  Output_Clear            
00001c71  Output_Color            
00001d2d  Output_Init             
00001c6d  Output_Off              
00001c6f  Output_On               
00002cf9  PCM_IRQHandler          
00002d3b  PORT1_IRQHandler        
00002d3d  PORT2_IRQHandler        
00002d3f  PORT3_IRQHandler        
00002d41  PORT4_IRQHandler        
00002d43  PORT5_IRQHandler        
00002d45  PORT6_IRQHandler        
00002cf5  PSS_IRQHandler          
00002cf1  PendSV_Handler          
00002d2f  RTC_C_IRQHandler        
UNDEFED   SHT$$INIT_ARRAY$$Base   
UNDEFED   SHT$$INIT_ARRAY$$Limit  
00002ced  SVC_Handler             
00002d53  StartCritical           
00002cf3  SysTick_Handler         
00002d27  T32_INT1_IRQHandler     
00002d29  T32_INT2_IRQHandler     
00002d2b  T32_INTC_IRQHandler     
00002d05  TA0_0_IRQHandler        
00002d07  TA0_N_IRQHandler        
00002d09  TA1_0_IRQHandler        
00002d0b  TA1_N_IRQHandler        
00002d0d  TA2_0_IRQHandler        
00002d0f  TA2_N_IRQHandler        
00002d11  TA3_0_IRQHandler        
00002d13  TA3_N_IRQHandler        
00001c03  UART_InChar             
00001bbd  UART_Init               
00001c1d  UART_OutChar            
4000480c  WDTCTL_SYM              
00002cfb  WDT_A_IRQHandler        
00002d65  WaitForInterrupt        
00003599  _Dclass                 
20000670  _Denorm                 
00002ac9  _Dnorm                  
00002719  _Dscale                 
000031d5  _Dunscale               
20000680  _Eps                    
20000724  _Errno                  
2000071c  _Fenv                   
000035c9  _Feraise                
20000690  _Hugeval                
200006a0  _Inf                    
200006b0  _Nan                    
200006d0  _Rteps                  
200006c0  _Snan                   
20000720  _Tls_setup__Fenv        
200006e0  _Xbig                   
200006e8  _Zero                   
20000730  __CIOBUF_               
20010000  __STACK_END             
00000400  __STACK_SIZE            
00000400  __SYSMEM_SIZE           
00003928  __TI_CINIT_Base         
00003938  __TI_CINIT_Limit        
00003910  __TI_Handler_Table_Base 
0000391c  __TI_Handler_Table_Limit
00003095  __TI_auto_init          
0000209d  __TI_cleanup            
20000714  __TI_cleanup_ptr        
00002d6d  __TI_closefile          
00003741  __TI_decompress_none    
0000375b  __TI_decompress_rle24   
00002a01  __TI_doflush            
20000718  __TI_dtors_ptr          
200006f0  __TI_ft_end             
00000ef9  __TI_printfi            
00002be9  __TI_rd_ok              
0000319f  __TI_readmsg            
00000000  __TI_static_base__      
20000850  __TI_tmpnams            
0000316d  __TI_writemsg           
00002b87  __TI_wrt_ok             
0000374f  __TI_zero_init          
00002e9d  __aeabi_cdcmpeq         
00002e9d  __aeabi_cdcmple         
00002f23  __aeabi_cdrcmple        
00003431  __aeabi_d2iz            
000021a3  __aeabi_dadd            
000024ad  __aeabi_ddiv            
00002829  __aeabi_dmul            
00002199  __aeabi_dsub            
000034fd  __aeabi_f2d             
000035f9  __aeabi_i2d             
00002fa9  __aeabi_memclr          
00002fa9  __aeabi_memclr4         
00002fa9  __aeabi_memclr8         
00002c33  __aeabi_memcpy          
00002c33  __aeabi_memcpy4         
00002c33  __aeabi_memcpy8         
00002fab  __aeabi_memset          
00002fab  __aeabi_memset4         
00002fab  __aeabi_memset8         
200006fc  __aeabi_stderr          
200006f4  __aeabi_stdin           
200006f8  __aeabi_stdout          
00001de1  __aeabi_uldivmod        
ffffffff  __binit__               
ffffffff  __c_args__              
2000fc00  __stack                 
000036bd  _args_main              
00003349  _c_int00                
00003764  _ctypes_                
20000400  _ftable                 
2000070c  _lock                   
00003713  _nop                    
0000370b  _register_lock          
00003705  _register_unlock        
20000000  _sys_memory             
00003761  _system_pre_init        
20000710  _unlock                 
0000347d  abort                   
0000183d  add_device              
00003399  atoi                    
ffffffff  binit                   
000015a9  calloc                  
000017ed  close                   
000033e5  copy_in                 
00003485  exit                    
00002dd3  fclose                  
00003535  feraiseexcept           
00001c5d  ferror                  
00002a4d  fflush                  
00001c43  fgetc                   
000020f3  fopen                   
00002e05  fputc                   
000025e5  fputs                   
000012f7  free                    
000020c9  freopen                 
00003655  frexp                   
0000323d  fseek                   
00000000  interruptVectors        
000032f7  ldexp                   
000017c9  lseek                   
000032a1  ltoa                    
000023f5  main                    
2000072c  main_func_sp            
0000128f  malloc                  
000014c5  memalign                
0000369f  memccpy                 
0000367f  memchr                  
00002c33  memcpy                  
00002fb1  memset                  
00001201  minit                   
0000171b  open                    
0000302d  printf                  
00002e05  putc                    
00002e89  putchar                 
000026f1  puts                    
00003627  raise                   
000016f7  read                    
000013b9  realloc                 
0000166d  remove                  
000016cf  remove_device           
00001691  rename                  
00002925  setvbuf                 
000034bd  signal                  
000036ed  strchr                  
000036d5  strcmp                  
00003719  strcpy                  
0000372d  strlen                  
00003569  strncpy                 
00001c8b  uart_close              
00001d03  uart_lseek              
00001c7b  uart_open               
00001c97  uart_read               
00001d1f  uart_rename             
00001d13  uart_unlink             
00001cc1  uart_write              
0000166d  unlink                  
000015dd  write                   


GLOBAL SYMBOLS: SORTED BY Symbol Address 

address   name                    
-------   ----                    
00000000  __TI_static_base__      
00000000  interruptVectors        
00000400  __STACK_SIZE            
00000400  __SYSMEM_SIZE           
00000ef9  __TI_printfi            
00001201  minit                   
0000128f  malloc                  
000012f7  free                    
000013b9  realloc                 
000014c5  memalign                
000015a9  calloc                  
000015dd  write                   
0000166d  remove                  
0000166d  unlink                  
00001691  rename                  
000016cf  remove_device           
000016f7  read                    
0000171b  open                    
000017c9  lseek                   
000017ed  close                   
0000183d  add_device              
000018e9  HOSTwrite               
00001935  HOSTunlink              
0000196d  HOSTtime                
000019a7  HOSTrename              
00001a05  HOSTread                
00001a51  HOSTopen                
00001aa3  HOSTlseek               
00001aff  HOSTgetenv              
00001b3d  HOSTclose               
00001b75  HOSTclock               
00001bbd  UART_Init               
00001c03  UART_InChar             
00001c1d  UART_OutChar            
00001c43  fgetc                   
00001c5d  ferror                  
00001c6b  Output_Clear            
00001c6d  Output_Off              
00001c6f  Output_On               
00001c71  Output_Color            
00001c7b  uart_open               
00001c8b  uart_close              
00001c97  uart_read               
00001cc1  uart_write              
00001d03  uart_lseek              
00001d13  uart_unlink             
00001d1f  uart_rename             
00001d2d  Output_Init             
00001de1  __aeabi_uldivmod        
0000209d  __TI_cleanup            
000020c9  freopen                 
000020f3  fopen                   
00002199  __aeabi_dsub            
000021a3  __aeabi_dadd            
00002351  BookExamples            
000023f5  main                    
000024ad  __aeabi_ddiv            
000025e5  fputs                   
000026f1  puts                    
00002719  _Dscale                 
00002829  __aeabi_dmul            
00002925  setvbuf                 
00002a01  __TI_doflush            
00002a4d  fflush                  
00002ac9  _Dnorm                  
00002b87  __TI_wrt_ok             
00002be9  __TI_rd_ok              
00002c33  __aeabi_memcpy          
00002c33  __aeabi_memcpy4         
00002c33  __aeabi_memcpy8         
00002c33  memcpy                  
00002ced  SVC_Handler             
00002cef  DebugMon_Handler        
00002cf1  PendSV_Handler          
00002cf3  SysTick_Handler         
00002cf5  PSS_IRQHandler          
00002cf7  CS_IRQHandler           
00002cf9  PCM_IRQHandler          
00002cfb  WDT_A_IRQHandler        
00002cfd  FPU_IRQHandler          
00002cff  FLCTL_IRQHandler        
00002d01  COMP_E0_IRQHandler      
00002d03  COMP_E1_IRQHandler      
00002d05  TA0_0_IRQHandler        
00002d07  TA0_N_IRQHandler        
00002d09  TA1_0_IRQHandler        
00002d0b  TA1_N_IRQHandler        
00002d0d  TA2_0_IRQHandler        
00002d0f  TA2_N_IRQHandler        
00002d11  TA3_0_IRQHandler        
00002d13  TA3_N_IRQHandler        
00002d15  EUSCIA0_IRQHandler      
00002d17  EUSCIA1_IRQHandler      
00002d19  EUSCIA2_IRQHandler      
00002d1b  EUSCIA3_IRQHandler      
00002d1d  EUSCIB0_IRQHandler      
00002d1f  EUSCIB1_IRQHandler      
00002d21  EUSCIB2_IRQHandler      
00002d23  EUSCIB3_IRQHandler      
00002d25  ADC14_IRQHandler        
00002d27  T32_INT1_IRQHandler     
00002d29  T32_INT2_IRQHandler     
00002d2b  T32_INTC_IRQHandler     
00002d2d  AES256_IRQHandler       
00002d2f  RTC_C_IRQHandler        
00002d31  DMA_ERR_IRQHandler      
00002d33  DMA_INT3_IRQHandler     
00002d35  DMA_INT2_IRQHandler     
00002d37  DMA_INT1_IRQHandler     
00002d39  DMA_INT0_IRQHandler     
00002d3b  PORT1_IRQHandler        
00002d3d  PORT2_IRQHandler        
00002d3f  PORT3_IRQHandler        
00002d41  PORT4_IRQHandler        
00002d43  PORT5_IRQHandler        
00002d45  PORT6_IRQHandler        
00002d47  DisableInterrupts       
00002d4d  EnableInterrupts        
00002d53  StartCritical           
00002d5d  EndCritical             
00002d65  WaitForInterrupt        
00002d6d  __TI_closefile          
00002dd3  fclose                  
00002e05  fputc                   
00002e05  putc                    
00002e89  putchar                 
00002e9d  __aeabi_cdcmpeq         
00002e9d  __aeabi_cdcmple         
00002f23  __aeabi_cdrcmple        
00002fa9  __aeabi_memclr          
00002fa9  __aeabi_memclr4         
00002fa9  __aeabi_memclr8         
00002fab  __aeabi_memset          
00002fab  __aeabi_memset4         
00002fab  __aeabi_memset8         
00002fb1  memset                  
0000302d  printf                  
00003095  __TI_auto_init          
0000316d  __TI_writemsg           
0000319b  C$$IO$$                 
0000319f  __TI_readmsg            
000031d5  _Dunscale               
0000323d  fseek                   
000032a1  ltoa                    
000032f7  ldexp                   
00003349  _c_int00                
00003399  atoi                    
000033e5  copy_in                 
00003431  __aeabi_d2iz            
00003479  C$$EXIT                 
0000347d  abort                   
00003485  exit                    
000034bd  signal                  
000034fd  __aeabi_f2d             
00003535  feraiseexcept           
00003569  strncpy                 
00003599  _Dclass                 
000035c9  _Feraise                
000035f9  __aeabi_i2d             
00003627  raise                   
00003655  frexp                   
0000367f  memchr                  
0000369f  memccpy                 
000036bd  _args_main              
000036d5  strcmp                  
000036ed  strchr                  
00003705  _register_unlock        
0000370b  _register_lock          
00003713  _nop                    
00003719  strcpy                  
0000372d  strlen                  
00003741  __TI_decompress_none    
0000374f  __TI_zero_init          
0000375b  __TI_decompress_rle24   
00003761  _system_pre_init        
00003764  _ctypes_                
00003910  __TI_Handler_Table_Base 
0000391c  __TI_Handler_Table_Limit
00003928  __TI_CINIT_Base         
00003938  __TI_CINIT_Limit        
20000000  _sys_memory             
20000400  _ftable                 
20000670  _Denorm                 
20000680  _Eps                    
20000690  _Hugeval                
200006a0  _Inf                    
200006b0  _Nan                    
200006c0  _Snan                   
200006d0  _Rteps                  
200006e0  _Xbig                   
200006e8  _Zero                   
200006f0  __TI_ft_end             
200006f4  __aeabi_stdin           
200006f8  __aeabi_stdout          
200006fc  __aeabi_stderr          
2000070c  _lock                   
20000710  _unlock                 
20000714  __TI_cleanup_ptr        
20000718  __TI_dtors_ptr          
2000071c  _Fenv                   
20000720  _Tls_setup__Fenv        
20000724  _Errno                  
2000072c  main_func_sp            
20000730  __CIOBUF_               
20000850  __TI_tmpnams            
2000fc00  __stack                 
20010000  __STACK_END             
4000480c  WDTCTL_SYM              
ffffffff  __binit__               
ffffffff  __c_args__              
ffffffff  binit                   
UNDEFED   SHT$$INIT_ARRAY$$Base   
UNDEFED   SHT$$INIT_ARRAY$$Limit  

[213 symbols]
