******************************************************************************
                  TI ARM Linker PC v5.2.4                      
******************************************************************************
>> Linked Sun Jun 21 08:58:33 2015

OUTPUT FILE NAME:   <Printf_UART_MSP432_CCS.out>
ENTRY POINT SYMBOL: "_c_int00"  address: 0000332d


MEMORY CONFIGURATION

         name            origin    length      used     unused   attr    fill
----------------------  --------  ---------  --------  --------  ----  --------
  MAIN                  00000000   00040000  00003919  0003c6e7  R  X
  INFO                  00200000   00004000  00000000  00004000  R  X
  SRAM_CODE             01000000   00010000  00000000  00010000  RW X
  SRAM_DATA             20000000   00010000  00000cf8  0000f308  RW  


SEGMENT ALLOCATION MAP

run origin  load origin   length   init length attrs members
----------  ----------- ---------- ----------- ----- -------
00000000    00000000    00003920   00003920    r-x
  00000000    00000000    00000144   00000144    r-- .intvecs
  00000144    00000144    00003604   00003604    r-x .text
  00003748    00003748    00000101   00000101    r-- .const
  00003850    00003850    000000d0   000000d0    r-- .cinit
20000000    20000000    000008f8   00000000    rw-
  20000000    20000000    00000400   00000000    rw- .sysmem
  20000400    20000400    00000330   00000000    rw- .data
  20000730    20000730    000001c8   00000000    rw- .bss
2000fc00    2000fc00    00000400   00000000    rw-
  2000fc00    2000fc00    00000400   00000000    rw- .stack


SECTION ALLOCATION MAP

 output                                  attributes/
section   page    origin      length       input sections
--------  ----  ----------  ----------   ----------------
.intvecs   0    00000000    00000144     
                  00000000    00000144     msp432_startup_ccs.obj (.intvecs)

.text      0    00000144    00003604     
                  00000144    000010ba     rtsv7M4_T_le_v4SPD16_eabi.lib : _printfi.obj (.text)
                  000011fe    00000002     --HOLE-- [fill = 0]
                  00001200    000003dc                                   : memory.obj (.text)
                  000015dc    0000030c                                   : lowlev.obj (.text)
                  000018e8    000002d4                                   : trgdrv.obj (.text)
                  00001bbc    00000208     UART.obj (.text)
                  00001dc4    000001f4     rtsv7M4_T_le_v4SPD16_eabi.lib : ull_div_t2.obj (.text)
                  00001fb8    000001c4                                   : fopen.obj (.text)
                  0000217c    000001b6                                   : fd_add_t2.obj (.text)
                  00002332    00000002     --HOLE-- [fill = 0]
                  00002334    0000015c     main.obj (.text)
                  00002490    00000136     rtsv7M4_T_le_v4SPD16_eabi.lib : fd_div_t2.obj (.text)
                  000025c6    00000002     --HOLE-- [fill = 0]
                  000025c8    00000134                                   : fputs.obj (.text)
                  000026fc    00000110                                   : xdscale.obj (.text)
                  0000280c    000000fc                                   : fd_mul_t2.obj (.text)
                  00002908    000000dc                                   : setvbuf.obj (.text)
                  000029e4    000000c8                                   : fflush.obj (.text)
                  00002aac    000000be                                   : xdnorm.obj (.text)
                  00002b6a    000000ac                                   : _io_perm.obj (.text)
                  00002c16    0000009c                                   : memcpy_t2.obj (.text)
                  00002cb2    00000002     --HOLE-- [fill = 0]
                  00002cb4    0000009a     msp432_startup_ccs.obj (.text)
                  00002d4e    00000002     --HOLE-- [fill = 0]
                  00002d50    00000098     rtsv7M4_T_le_v4SPD16_eabi.lib : fclose.obj (.text)
                  00002de8    00000098                                   : fputc.obj (.text)
                  00002e80    00000086                                   : fd_cmp_t2.obj (.text:__aeabi_cdcmple)
                  00002f06    00000086                                   : fd_cmp_t2.obj (.text:__aeabi_cdrcmple)
                  00002f8c    0000007a                                   : memset_t2.obj (.text)
                  00003006    00000002     --HOLE-- [fill = 0]
                  00003008    00000070                                   : printf.obj (.text)
                  00003078    0000006c                                   : autoinit.obj (.text)
                  000030e4    0000006a                                   : copy_decompress_rle.obj (.text)
                  0000314e    00000002     --HOLE-- [fill = 0]
                  00003150    00000068                                   : trgmsg.obj (.text)
                  000031b8    00000066                                   : xdunscal.obj (.text)
                  0000321e    00000002     --HOLE-- [fill = 0]
                  00003220    00000064                                   : fseek.obj (.text)
                  00003284    00000056                                   : ltoa.obj (.text)
                  000032da    00000052                                   : ldexp.obj (.text)
                  0000332c    00000050                                   : boot.obj (.text)
                  0000337c    0000004c                                   : atoi.obj (.text)
                  000033c8    0000004c                                   : cpy_tbl.obj (.text)
                  00003414    00000048                                   : fd_toi_t2.obj (.text)
                  0000345c    00000044                                   : exit.obj (.text)
                  000034a0    00000040                                   : signal.obj (.text)
                  000034e0    00000038                                   : fs_tod_t2.obj (.text)
                  00003518    00000034                                   : feraiseexcept.obj (.text)
                  0000354c    00000030                                   : strncpy.obj (.text)
                  0000357c    00000030                                   : xdclass.obj (.text)
                  000035ac    00000030                                   : xferaise.obj (.text)
                  000035dc    0000002e                                   : i_tofd_t2.obj (.text)
                  0000360a    0000002e                                   : raise.obj (.text)
                  00003638    0000002a                                   : frexp.obj (.text)
                  00003662    00000020                                   : memchr.obj (.text)
                  00003682    0000001c                                   : memccpy.obj (.text)
                  0000369e    00000002     --HOLE-- [fill = 0]
                  000036a0    00000018                                   : args_main.obj (.text)
                  000036b8    00000018                                   : strcmp.obj (.text)
                  000036d0    00000016                                   : strchr.obj (.text)
                  000036e6    00000002     --HOLE-- [fill = 0]
                  000036e8    00000014                                   : _lock.obj (.text)
                  000036fc    00000014                                   : strcpy.obj (.text)
                  00003710    00000014                                   : strlen.obj (.text)
                  00003724    0000000e                                   : copy_decompress_none.obj (.text:decompress:none)
                  00003732    0000000c                                   : copy_zero_init.obj (.text:decompress:ZI)
                  0000373e    00000006                                   : copy_decompress_rle.obj (.text:decompress:rle24)
                  00003744    00000004                                   : pre_init.obj (.text)

.const     0    00003748    00000101     
                  00003748    00000101     rtsv7M4_T_le_v4SPD16_eabi.lib : ctype.obj (.const:.string:_ctypes_)

.cinit     0    00003850    000000d0     
                  00003850    000000a6     (.cinit..data.load) [load image, compression = rle]
                  000038f6    00000002     --HOLE-- [fill = 0]
                  000038f8    0000000c     (__TI_handler_table)
                  00003904    00000004     --HOLE-- [fill = 0]
                  00003908    00000008     (.cinit..bss.load) [load image, compression = zero_init]
                  00003910    00000010     (__TI_cinit_table)

.sysmem    0    20000000    00000400     UNINITIALIZED
                  20000000    00000008     rtsv7M4_T_le_v4SPD16_eabi.lib : memory.obj (.sysmem)
                  20000008    000003f8     --HOLE--

.data      0    20000400    00000330     UNINITIALIZED
                  20000400    000000f0     rtsv7M4_T_le_v4SPD16_eabi.lib : defs.obj (.data:_ftable)
                  200004f0    000000d0                                   : lowlev.obj (.data)
                  200005c0    000000b0                                   : signal.obj (.data:sigtable)
                  20000670    00000080                                   : xvalues.obj (.data)
                  200006f0    00000010                                   : defs.obj (.data)
                  20000700    0000000c                                   : memory.obj (.data)
                  2000070c    00000008                                   : _lock.obj (.data)
                  20000714    00000008                                   : exit.obj (.data)
                  2000071c    00000008                                   : feraiseexcept.obj (.data)
                  20000724    00000004                                   : errno.obj (.data)
                  20000728    00000004                                   : fopen.obj (.data)
                  2000072c    00000004                                   : stkdepth_vars.obj (.data)

.TI.persistent 
*          0    20000400    00000000     UNINITIALIZED

.bss       0    20000730    000001c8     UNINITIALIZED
                  20000730    00000120     rtsv7M4_T_le_v4SPD16_eabi.lib : trgmsg.obj (.bss:__CIOBUF_)
                  20000850    000000a0                                   : defs.obj (.bss:__TI_tmpnams)
                  200008f0    00000008     (.common:parmbuf)

.TI.noinit 
*          0    20000730    00000000     UNINITIALIZED

.stack     0    2000fc00    00000400     UNINITIALIZED
                  2000fc00    00000400     --HOLE--


LINKER GENERATED COPY TABLES

__TI_cinit_table @ 00003910 records: 2, size/record: 8, table size: 16
	.data: load addr=00003850, load size=000000a6 bytes, run addr=20000400, run size=00000330 bytes, compression=rle
	.bss: load addr=00003908, load size=00000008 bytes, run addr=20000730, run size=000001c8 bytes, compression=zero_init


LINKER GENERATED HANDLER TABLE

__TI_handler_table @ 000038f8 records: 3, size/record: 4, table size: 12
	index: 0, handler: __TI_decompress_rle24
	index: 1, handler: __TI_decompress_none
	index: 2, handler: __TI_zero_init


GLOBAL SYMBOLS: SORTED ALPHABETICALLY BY Name 

address   name                    
-------   ----                    
00002d09  ADC14_IRQHandler        
00002d11  AES256_IRQHandler       
00002335  BookExamples            
0000345d  C$$EXIT                 
0000317f  C$$IO$$                 
00002ce5  COMP_E0_IRQHandler      
00002ce7  COMP_E1_IRQHandler      
00002cdb  CS_IRQHandler           
00002d15  DMA_ERR_IRQHandler      
00002d1d  DMA_INT0_IRQHandler     
00002d1b  DMA_INT1_IRQHandler     
00002d19  DMA_INT2_IRQHandler     
00002d17  DMA_INT3_IRQHandler     
00002cd3  DebugMon_Handler        
00002d2b  DisableInterrupts       
00002cf9  EUSCIA0_IRQHandler      
00002cfb  EUSCIA1_IRQHandler      
00002cfd  EUSCIA2_IRQHandler      
00002cff  EUSCIA3_IRQHandler      
00002d01  EUSCIB0_IRQHandler      
00002d03  EUSCIB1_IRQHandler      
00002d05  EUSCIB2_IRQHandler      
00002d07  EUSCIB3_IRQHandler      
00002d31  EnableInterrupts        
00002d41  EndCritical             
00002ce3  FLCTL_IRQHandler        
00002ce1  FPU_IRQHandler          
00001b75  HOSTclock               
00001b3d  HOSTclose               
00001aff  HOSTgetenv              
00001aa3  HOSTlseek               
00001a51  HOSTopen                
00001a05  HOSTread                
000019a7  HOSTrename              
0000196d  HOSTtime                
00001935  HOSTunlink              
000018e9  HOSTwrite               
00001c5d  Output_Clear            
00001c63  Output_Color            
00001d11  Output_Init             
00001c5f  Output_Off              
00001c61  Output_On               
00002cdd  PCM_IRQHandler          
00002d1f  PORT1_IRQHandler        
00002d21  PORT2_IRQHandler        
00002d23  PORT3_IRQHandler        
00002d25  PORT4_IRQHandler        
00002d27  PORT5_IRQHandler        
00002d29  PORT6_IRQHandler        
00002cd9  PSS_IRQHandler          
00002cd5  PendSV_Handler          
00002d13  RTC_C_IRQHandler        
UNDEFED   SHT$$INIT_ARRAY$$Base   
UNDEFED   SHT$$INIT_ARRAY$$Limit  
00002cd1  SVC_Handler             
00002d37  StartCritical           
00002cd7  SysTick_Handler         
00002d0b  T32_INT1_IRQHandler     
00002d0d  T32_INT2_IRQHandler     
00002d0f  T32_INTC_IRQHandler     
00002ce9  TA0_0_IRQHandler        
00002ceb  TA0_N_IRQHandler        
00002ced  TA1_0_IRQHandler        
00002cef  TA1_N_IRQHandler        
00002cf1  TA2_0_IRQHandler        
00002cf3  TA2_N_IRQHandler        
00002cf5  TA3_0_IRQHandler        
00002cf7  TA3_N_IRQHandler        
00001c03  UART_InChar             
00001bbd  UART_Init               
00001c1d  UART_OutChar            
4000480c  WDTCTL_SYM              
00002cdf  WDT_A_IRQHandler        
00002d49  WaitForInterrupt        
0000357d  _Dclass                 
20000670  _Denorm                 
00002aad  _Dnorm                  
000026fd  _Dscale                 
000031b9  _Dunscale               
20000680  _Eps                    
20000724  _Errno                  
2000071c  _Fenv                   
000035ad  _Feraise                
20000690  _Hugeval                
200006a0  _Inf                    
200006b0  _Nan                    
200006d0  _Rteps                  
200006c0  _Snan                   
20000720  _Tls_setup__Fenv        
200006e0  _Xbig                   
200006e8  _Zero                   
20000730  __CIOBUF_               
20010000  __STACK_END             
00000400  __STACK_SIZE            
00000400  __SYSMEM_SIZE           
00003910  __TI_CINIT_Base         
00003920  __TI_CINIT_Limit        
000038f8  __TI_Handler_Table_Base 
00003904  __TI_Handler_Table_Limit
00003079  __TI_auto_init          
00002081  __TI_cleanup            
20000714  __TI_cleanup_ptr        
00002d51  __TI_closefile          
00003725  __TI_decompress_none    
0000373f  __TI_decompress_rle24   
000029e5  __TI_doflush            
20000718  __TI_dtors_ptr          
200006f0  __TI_ft_end             
00000ef9  __TI_printfi            
00002bcd  __TI_rd_ok              
00003183  __TI_readmsg            
00000000  __TI_static_base__      
20000850  __TI_tmpnams            
00003151  __TI_writemsg           
00002b6b  __TI_wrt_ok             
00003733  __TI_zero_init          
00002e81  __aeabi_cdcmpeq         
00002e81  __aeabi_cdcmple         
00002f07  __aeabi_cdrcmple        
00003415  __aeabi_d2iz            
00002187  __aeabi_dadd            
00002491  __aeabi_ddiv            
0000280d  __aeabi_dmul            
0000217d  __aeabi_dsub            
000034e1  __aeabi_f2d             
000035dd  __aeabi_i2d             
00002f8d  __aeabi_memclr          
00002f8d  __aeabi_memclr4         
00002f8d  __aeabi_memclr8         
00002c17  __aeabi_memcpy          
00002c17  __aeabi_memcpy4         
00002c17  __aeabi_memcpy8         
00002f8f  __aeabi_memset          
00002f8f  __aeabi_memset4         
00002f8f  __aeabi_memset8         
200006fc  __aeabi_stderr          
200006f4  __aeabi_stdin           
200006f8  __aeabi_stdout          
00001dc5  __aeabi_uldivmod        
ffffffff  __binit__               
ffffffff  __c_args__              
2000fc00  __stack                 
000036a1  _args_main              
0000332d  _c_int00                
00003748  _ctypes_                
20000400  _ftable                 
2000070c  _lock                   
000036f7  _nop                    
000036ef  _register_lock          
000036e9  _register_unlock        
20000000  _sys_memory             
00003745  _system_pre_init        
20000710  _unlock                 
00003461  abort                   
0000183d  add_device              
0000337d  atoi                    
ffffffff  binit                   
000015a9  calloc                  
000017ed  close                   
000033c9  copy_in                 
00003469  exit                    
00002db7  fclose                  
00003519  feraiseexcept           
00002a31  fflush                  
00001c43  fgetc                   
000020d7  fopen                   
00002de9  fputc                   
000025c9  fputs                   
000012f7  free                    
000020ad  freopen                 
00003639  frexp                   
00003221  fseek                   
00000000  interruptVectors        
000032db  ldexp                   
000017c9  lseek                   
00003285  ltoa                    
000023d9  main                    
2000072c  main_func_sp            
0000128f  malloc                  
000014c5  memalign                
00003683  memccpy                 
00003663  memchr                  
00002c17  memcpy                  
00002f95  memset                  
00001201  minit                   
0000171b  open                    
00003011  printf                  
00002de9  putc                    
00002e6d  putchar                 
000026d5  puts                    
0000360b  raise                   
000016f7  read                    
000013b9  realloc                 
0000166d  remove                  
000016cf  remove_device           
00001691  rename                  
00002909  setvbuf                 
000034a1  signal                  
000036d1  strchr                  
000036b9  strcmp                  
000036fd  strcpy                  
00003711  strlen                  
0000354d  strncpy                 
00001c7d  uart_close              
00001ce7  uart_lseek              
00001c6d  uart_open               
00001c89  uart_read               
00001d03  uart_rename             
00001cf7  uart_unlink             
00001cb3  uart_write              
0000166d  unlink                  
000015dd  write                   


GLOBAL SYMBOLS: SORTED BY Symbol Address 

address   name                    
-------   ----                    
00000000  __TI_static_base__      
00000000  interruptVectors        
00000400  __STACK_SIZE            
00000400  __SYSMEM_SIZE           
00000ef9  __TI_printfi            
00001201  minit                   
0000128f  malloc                  
000012f7  free                    
000013b9  realloc                 
000014c5  memalign                
000015a9  calloc                  
000015dd  write                   
0000166d  remove                  
0000166d  unlink                  
00001691  rename                  
000016cf  remove_device           
000016f7  read                    
0000171b  open                    
000017c9  lseek                   
000017ed  close                   
0000183d  add_device              
000018e9  HOSTwrite               
00001935  HOSTunlink              
0000196d  HOSTtime                
000019a7  HOSTrename              
00001a05  HOSTread                
00001a51  HOSTopen                
00001aa3  HOSTlseek               
00001aff  HOSTgetenv              
00001b3d  HOSTclose               
00001b75  HOSTclock               
00001bbd  UART_Init               
00001c03  UART_InChar             
00001c1d  UART_OutChar            
00001c43  fgetc                   
00001c5d  Output_Clear            
00001c5f  Output_Off              
00001c61  Output_On               
00001c63  Output_Color            
00001c6d  uart_open               
00001c7d  uart_close              
00001c89  uart_read               
00001cb3  uart_write              
00001ce7  uart_lseek              
00001cf7  uart_unlink             
00001d03  uart_rename             
00001d11  Output_Init             
00001dc5  __aeabi_uldivmod        
00002081  __TI_cleanup            
000020ad  freopen                 
000020d7  fopen                   
0000217d  __aeabi_dsub            
00002187  __aeabi_dadd            
00002335  BookExamples            
000023d9  main                    
00002491  __aeabi_ddiv            
000025c9  fputs                   
000026d5  puts                    
000026fd  _Dscale                 
0000280d  __aeabi_dmul            
00002909  setvbuf                 
000029e5  __TI_doflush            
00002a31  fflush                  
00002aad  _Dnorm                  
00002b6b  __TI_wrt_ok             
00002bcd  __TI_rd_ok              
00002c17  __aeabi_memcpy          
00002c17  __aeabi_memcpy4         
00002c17  __aeabi_memcpy8         
00002c17  memcpy                  
00002cd1  SVC_Handler             
00002cd3  DebugMon_Handler        
00002cd5  PendSV_Handler          
00002cd7  SysTick_Handler         
00002cd9  PSS_IRQHandler          
00002cdb  CS_IRQHandler           
00002cdd  PCM_IRQHandler          
00002cdf  WDT_A_IRQHandler        
00002ce1  FPU_IRQHandler          
00002ce3  FLCTL_IRQHandler        
00002ce5  COMP_E0_IRQHandler      
00002ce7  COMP_E1_IRQHandler      
00002ce9  TA0_0_IRQHandler        
00002ceb  TA0_N_IRQHandler        
00002ced  TA1_0_IRQHandler        
00002cef  TA1_N_IRQHandler        
00002cf1  TA2_0_IRQHandler        
00002cf3  TA2_N_IRQHandler        
00002cf5  TA3_0_IRQHandler        
00002cf7  TA3_N_IRQHandler        
00002cf9  EUSCIA0_IRQHandler      
00002cfb  EUSCIA1_IRQHandler      
00002cfd  EUSCIA2_IRQHandler      
00002cff  EUSCIA3_IRQHandler      
00002d01  EUSCIB0_IRQHandler      
00002d03  EUSCIB1_IRQHandler      
00002d05  EUSCIB2_IRQHandler      
00002d07  EUSCIB3_IRQHandler      
00002d09  ADC14_IRQHandler        
00002d0b  T32_INT1_IRQHandler     
00002d0d  T32_INT2_IRQHandler     
00002d0f  T32_INTC_IRQHandler     
00002d11  AES256_IRQHandler       
00002d13  RTC_C_IRQHandler        
00002d15  DMA_ERR_IRQHandler      
00002d17  DMA_INT3_IRQHandler     
00002d19  DMA_INT2_IRQHandler     
00002d1b  DMA_INT1_IRQHandler     
00002d1d  DMA_INT0_IRQHandler     
00002d1f  PORT1_IRQHandler        
00002d21  PORT2_IRQHandler        
00002d23  PORT3_IRQHandler        
00002d25  PORT4_IRQHandler        
00002d27  PORT5_IRQHandler        
00002d29  PORT6_IRQHandler        
00002d2b  DisableInterrupts       
00002d31  EnableInterrupts        
00002d37  StartCritical           
00002d41  EndCritical             
00002d49  WaitForInterrupt        
00002d51  __TI_closefile          
00002db7  fclose                  
00002de9  fputc                   
00002de9  putc                    
00002e6d  putchar                 
00002e81  __aeabi_cdcmpeq         
00002e81  __aeabi_cdcmple         
00002f07  __aeabi_cdrcmple        
00002f8d  __aeabi_memclr          
00002f8d  __aeabi_memclr4         
00002f8d  __aeabi_memclr8         
00002f8f  __aeabi_memset          
00002f8f  __aeabi_memset4         
00002f8f  __aeabi_memset8         
00002f95  memset                  
00003011  printf                  
00003079  __TI_auto_init          
00003151  __TI_writemsg           
0000317f  C$$IO$$                 
00003183  __TI_readmsg            
000031b9  _Dunscale               
00003221  fseek                   
00003285  ltoa                    
000032db  ldexp                   
0000332d  _c_int00                
0000337d  atoi                    
000033c9  copy_in                 
00003415  __aeabi_d2iz            
0000345d  C$$EXIT                 
00003461  abort                   
00003469  exit                    
000034a1  signal                  
000034e1  __aeabi_f2d             
00003519  feraiseexcept           
0000354d  strncpy                 
0000357d  _Dclass                 
000035ad  _Feraise                
000035dd  __aeabi_i2d             
0000360b  raise                   
00003639  frexp                   
00003663  memchr                  
00003683  memccpy                 
000036a1  _args_main              
000036b9  strcmp                  
000036d1  strchr                  
000036e9  _register_unlock        
000036ef  _register_lock          
000036f7  _nop                    
000036fd  strcpy                  
00003711  strlen                  
00003725  __TI_decompress_none    
00003733  __TI_zero_init          
0000373f  __TI_decompress_rle24   
00003745  _system_pre_init        
00003748  _ctypes_                
000038f8  __TI_Handler_Table_Base 
00003904  __TI_Handler_Table_Limit
00003910  __TI_CINIT_Base         
00003920  __TI_CINIT_Limit        
20000000  _sys_memory             
20000400  _ftable                 
20000670  _Denorm                 
20000680  _Eps                    
20000690  _Hugeval                
200006a0  _Inf                    
200006b0  _Nan                    
200006c0  _Snan                   
200006d0  _Rteps                  
200006e0  _Xbig                   
200006e8  _Zero                   
200006f0  __TI_ft_end             
200006f4  __aeabi_stdin           
200006f8  __aeabi_stdout          
200006fc  __aeabi_stderr          
2000070c  _lock                   
20000710  _unlock                 
20000714  __TI_cleanup_ptr        
20000718  __TI_dtors_ptr          
2000071c  _Fenv                   
20000720  _Tls_setup__Fenv        
20000724  _Errno                  
2000072c  main_func_sp            
20000730  __CIOBUF_               
20000850  __TI_tmpnams            
2000fc00  __stack                 
20010000  __STACK_END             
4000480c  WDTCTL_SYM              
ffffffff  __binit__               
ffffffff  __c_args__              
ffffffff  binit                   
UNDEFED   SHT$$INIT_ARRAY$$Base   
UNDEFED   SHT$$INIT_ARRAY$$Limit  

[212 symbols]
