******************************************************************************
                  TI ARM Linker PC v5.2.4                      
******************************************************************************
>> Linked Mon Jun 13 16:07:38 2016

OUTPUT FILE NAME:   <LowPower_MSP432.out>
ENTRY POINT SYMBOL: "_c_int00"  address: 00000829


MEMORY CONFIGURATION

         name            origin    length      used     unused   attr    fill
----------------------  --------  ---------  --------  --------  ----  --------
  MAIN                  00000000   00040000  00000970  0003f690  R  X
  INFO                  00200000   00004000  00000000  00004000  R  X
  SRAM_CODE             01000000   00010000  00000000  00010000  RW X
  SRAM_DATA             20000000   00010000  00000228  0000fdd8  RW  


SEGMENT ALLOCATION MAP

run origin  load origin   length   init length attrs members
----------  ----------- ---------- ----------- ----- -------
00000000    00000000    00000974   00000974    r-x
  00000000    00000000    00000144   00000144    r-- .intvecs
  00000144    00000144    00000808   00000808    r-x .text
  00000950    00000950    00000024   00000024    r-- .cinit
20000000    20000000    00000028   00000000    rw-
  20000000    20000000    00000028   00000000    rw- .data
2000fe00    2000fe00    00000200   00000000    rw-
  2000fe00    2000fe00    00000200   00000000    rw- .stack


SECTION ALLOCATION MAP

 output                                  attributes/
section   page    origin      length       input sections
--------  ----  ----------  ----------   ----------------
.intvecs   0    00000000    00000144     
                  00000000    00000144     msp432_startup_ccs.obj (.intvecs)

.text      0    00000144    00000808     
                  00000144    0000045c     main.obj (.text)
                  000005a0    0000009c     rtsv7M4_T_le_v4SPD16_eabi.lib : memcpy_t2.obj (.text)
                  0000063c    0000009a     msp432_startup_ccs.obj (.text)
                  000006d6    0000007a     rtsv7M4_T_le_v4SPD16_eabi.lib : memset_t2.obj (.text)
                  00000750    0000006c                                   : autoinit.obj (.text)
                  000007bc    0000006a                                   : copy_decompress_rle.obj (.text)
                  00000826    00000002     --HOLE-- [fill = 0]
                  00000828    00000050                                   : boot.obj (.text)
                  00000878    0000004c                                   : cpy_tbl.obj (.text)
                  000008c4    00000044                                   : exit.obj (.text)
                  00000908    00000018                                   : args_main.obj (.text)
                  00000920    00000014                                   : _lock.obj (.text)
                  00000934    0000000e                                   : copy_decompress_none.obj (.text:decompress:none)
                  00000942    00000006                                   : copy_decompress_rle.obj (.text:decompress:rle24)
                  00000948    00000004                                   : pre_init.obj (.text)

.cinit     0    00000950    00000024     
                  00000950    00000012     (.cinit..data.load) [load image, compression = rle]
                  00000962    00000002     --HOLE-- [fill = 0]
                  00000964    00000008     (__TI_handler_table)
                  0000096c    00000008     (__TI_cinit_table)

.data      0    20000000    00000028     UNINITIALIZED
                  20000000    00000014     main.obj (.data)
                  20000014    00000008     rtsv7M4_T_le_v4SPD16_eabi.lib : _lock.obj (.data)
                  2000001c    00000008                                   : exit.obj (.data)
                  20000024    00000004                                   : stkdepth_vars.obj (.data)

.TI.persistent 
*          0    20000000    00000000     UNINITIALIZED

.stack     0    2000fe00    00000200     UNINITIALIZED
                  2000fe00    00000200     --HOLE--


LINKER GENERATED COPY TABLES

__TI_cinit_table @ 0000096c records: 1, size/record: 8, table size: 8
	.data: load addr=00000950, load size=00000012 bytes, run addr=20000000, run size=00000028 bytes, compression=rle


LINKER GENERATED HANDLER TABLE

__TI_handler_table @ 00000964 records: 2, size/record: 4, table size: 8
	index: 0, handler: __TI_decompress_rle24
	index: 1, handler: __TI_decompress_none


GLOBAL SYMBOLS: SORTED ALPHABETICALLY BY Name 

address   name                    
-------   ----                    
00000691  ADC14_IRQHandler        
00000699  AES256_IRQHandler       
000008c5  C$$EXIT                 
0000066d  COMP_E0_IRQHandler      
0000066f  COMP_E1_IRQHandler      
20000004  CPMwait                 
00000663  CS_IRQHandler           
000002e1  Clock_Init              
000003b5  Clock_Init48MHz         
20000010  Crystalstable           
0000069d  DMA_ERR_IRQHandler      
000006a5  DMA_INT0_IRQHandler     
000006a3  DMA_INT1_IRQHandler     
000006a1  DMA_INT2_IRQHandler     
0000069f  DMA_INT3_IRQHandler     
0000065b  DebugMon_Handler        
000006b3  DisableInterrupts       
00000681  EUSCIA0_IRQHandler      
00000683  EUSCIA1_IRQHandler      
00000685  EUSCIA2_IRQHandler      
00000687  EUSCIA3_IRQHandler      
00000689  EUSCIB0_IRQHandler      
0000068b  EUSCIB1_IRQHandler      
0000068d  EUSCIB2_IRQHandler      
0000068f  EUSCIB3_IRQHandler      
000006b9  EnableInterrupts        
000006c9  EndCritical             
0000066b  FLCTL_IRQHandler        
00000669  FPU_IRQHandler          
2000000c  IFlags                  
00000665  PCM_IRQHandler          
000006a7  PORT1_IRQHandler        
000006a9  PORT2_IRQHandler        
000006ab  PORT3_IRQHandler        
000006ad  PORT4_IRQHandler        
000006af  PORT5_IRQHandler        
000006b1  PORT6_IRQHandler        
00000661  PSS_IRQHandler          
0000065d  PendSV_Handler          
20000008  Postwait                
20000000  Prewait                 
00000241  RTC_C_IRQHandler        
UNDEFED   SHT$$INIT_ARRAY$$Base   
UNDEFED   SHT$$INIT_ARRAY$$Limit  
00000659  SVC_Handler             
000006bf  StartCritical           
0000065f  SysTick_Handler         
00000693  T32_INT1_IRQHandler     
00000695  T32_INT2_IRQHandler     
00000697  T32_INTC_IRQHandler     
000002cb  TA0_0_IRQHandler        
00000673  TA0_N_IRQHandler        
00000675  TA1_0_IRQHandler        
00000677  TA1_N_IRQHandler        
00000679  TA2_0_IRQHandler        
0000067b  TA2_N_IRQHandler        
0000067d  TA3_0_IRQHandler        
0000067f  TA3_N_IRQHandler        
0000026b  TimerA0_Init            
4000480c  WDTCTL_SYM              
00000667  WDT_A_IRQHandler        
000006d1  WaitForInterrupt        
20010000  __STACK_END             
00000200  __STACK_SIZE            
0000096c  __TI_CINIT_Base         
00000974  __TI_CINIT_Limit        
00000964  __TI_Handler_Table_Base 
0000096c  __TI_Handler_Table_Limit
00000751  __TI_auto_init          
2000001c  __TI_cleanup_ptr        
00000935  __TI_decompress_none    
00000943  __TI_decompress_rle24   
20000020  __TI_dtors_ptr          
00000000  __TI_static_base__      
000006d7  __aeabi_memclr          
000006d7  __aeabi_memclr4         
000006d7  __aeabi_memclr8         
000005a1  __aeabi_memcpy          
000005a1  __aeabi_memcpy4         
000005a1  __aeabi_memcpy8         
000006d9  __aeabi_memset          
000006d9  __aeabi_memset4         
000006d9  __aeabi_memset8         
ffffffff  __binit__               
ffffffff  __c_args__              
2000fe00  __stack                 
00000909  _args_main              
00000829  _c_int00                
20000014  _lock                   
0000092f  _nop                    
00000927  _register_lock          
00000921  _register_unlock        
00000949  _system_pre_init        
20000018  _unlock                 
000008c9  abort                   
ffffffff  binit                   
00000879  copy_in                 
000008d1  exit                    
00000000  interruptVectors        
00000145  main                    
0000038f  main12                  
0000032b  main1_5                 
0000034b  main3                   
000004a5  main48                  
0000036d  main6                   
20000024  main_func_sp            
000005a1  memcpy                  
000006df  memset                  


GLOBAL SYMBOLS: SORTED BY Symbol Address 

address   name                    
-------   ----                    
00000000  __TI_static_base__      
00000000  interruptVectors        
00000145  main                    
00000200  __STACK_SIZE            
00000241  RTC_C_IRQHandler        
0000026b  TimerA0_Init            
000002cb  TA0_0_IRQHandler        
000002e1  Clock_Init              
0000032b  main1_5                 
0000034b  main3                   
0000036d  main6                   
0000038f  main12                  
000003b5  Clock_Init48MHz         
000004a5  main48                  
000005a1  __aeabi_memcpy          
000005a1  __aeabi_memcpy4         
000005a1  __aeabi_memcpy8         
000005a1  memcpy                  
00000659  SVC_Handler             
0000065b  DebugMon_Handler        
0000065d  PendSV_Handler          
0000065f  SysTick_Handler         
00000661  PSS_IRQHandler          
00000663  CS_IRQHandler           
00000665  PCM_IRQHandler          
00000667  WDT_A_IRQHandler        
00000669  FPU_IRQHandler          
0000066b  FLCTL_IRQHandler        
0000066d  COMP_E0_IRQHandler      
0000066f  COMP_E1_IRQHandler      
00000673  TA0_N_IRQHandler        
00000675  TA1_0_IRQHandler        
00000677  TA1_N_IRQHandler        
00000679  TA2_0_IRQHandler        
0000067b  TA2_N_IRQHandler        
0000067d  TA3_0_IRQHandler        
0000067f  TA3_N_IRQHandler        
00000681  EUSCIA0_IRQHandler      
00000683  EUSCIA1_IRQHandler      
00000685  EUSCIA2_IRQHandler      
00000687  EUSCIA3_IRQHandler      
00000689  EUSCIB0_IRQHandler      
0000068b  EUSCIB1_IRQHandler      
0000068d  EUSCIB2_IRQHandler      
0000068f  EUSCIB3_IRQHandler      
00000691  ADC14_IRQHandler        
00000693  T32_INT1_IRQHandler     
00000695  T32_INT2_IRQHandler     
00000697  T32_INTC_IRQHandler     
00000699  AES256_IRQHandler       
0000069d  DMA_ERR_IRQHandler      
0000069f  DMA_INT3_IRQHandler     
000006a1  DMA_INT2_IRQHandler     
000006a3  DMA_INT1_IRQHandler     
000006a5  DMA_INT0_IRQHandler     
000006a7  PORT1_IRQHandler        
000006a9  PORT2_IRQHandler        
000006ab  PORT3_IRQHandler        
000006ad  PORT4_IRQHandler        
000006af  PORT5_IRQHandler        
000006b1  PORT6_IRQHandler        
000006b3  DisableInterrupts       
000006b9  EnableInterrupts        
000006bf  StartCritical           
000006c9  EndCritical             
000006d1  WaitForInterrupt        
000006d7  __aeabi_memclr          
000006d7  __aeabi_memclr4         
000006d7  __aeabi_memclr8         
000006d9  __aeabi_memset          
000006d9  __aeabi_memset4         
000006d9  __aeabi_memset8         
000006df  memset                  
00000751  __TI_auto_init          
00000829  _c_int00                
00000879  copy_in                 
000008c5  C$$EXIT                 
000008c9  abort                   
000008d1  exit                    
00000909  _args_main              
00000921  _register_unlock        
00000927  _register_lock          
0000092f  _nop                    
00000935  __TI_decompress_none    
00000943  __TI_decompress_rle24   
00000949  _system_pre_init        
00000964  __TI_Handler_Table_Base 
0000096c  __TI_CINIT_Base         
0000096c  __TI_Handler_Table_Limit
00000974  __TI_CINIT_Limit        
20000000  Prewait                 
20000004  CPMwait                 
20000008  Postwait                
2000000c  IFlags                  
20000010  Crystalstable           
20000014  _lock                   
20000018  _unlock                 
2000001c  __TI_cleanup_ptr        
20000020  __TI_dtors_ptr          
20000024  main_func_sp            
2000fe00  __stack                 
20010000  __STACK_END             
4000480c  WDTCTL_SYM              
ffffffff  __binit__               
ffffffff  __c_args__              
ffffffff  binit                   
UNDEFED   SHT$$INIT_ARRAY$$Base   
UNDEFED   SHT$$INIT_ARRAY$$Limit  

[108 symbols]
