******************************************************************************
                  TI ARM Linker PC v5.2.2                      
******************************************************************************
>> Linked Mon Jun 13 16:06:55 2016

OUTPUT FILE NAME:   <FIFO_MSP432.out>
ENTRY POINT SYMBOL: "_c_int00"  address: 000005e5


MEMORY CONFIGURATION

         name            origin    length      used     unused   attr    fill
----------------------  --------  ---------  --------  --------  ----  --------
  MAIN                  00000000   00040000  0000074c  0003f8b4  R  X
  INFO                  00200000   00004000  00000000  00004000  R  X
  SRAM_CODE             01000000   00010000  00000000  00010000  RW X
  SRAM_DATA             20000000   00010000  0000024b  0000fdb5  RW  


SEGMENT ALLOCATION MAP

run origin  load origin   length   init length attrs members
----------  ----------- ---------- ----------- ----- -------
00000000    00000000    00000750   00000750    r-x
  00000000    00000000    00000144   00000144    r-- .intvecs
  00000144    00000144    000005d0   000005d0    r-x .text
  00000718    00000718    00000038   00000038    r-- .cinit
20000000    20000000    0000004c   00000000    rw-
  20000000    20000000    00000037   00000000    rw- .bss
  20000038    20000038    00000014   00000000    rw- .data
2000fe00    2000fe00    00000200   00000000    rw-
  2000fe00    2000fe00    00000200   00000000    rw- .stack


SECTION ALLOCATION MAP

 output                                  attributes/
section   page    origin      length       input sections
--------  ----  ----------  ----------   ----------------
.intvecs   0    00000000    00000144     
                  00000000    00000144     msp432_startup_ccs.obj (.intvecs)

.text      0    00000144    000005d0     
                  00000144    0000016c     FIFO.obj (.text)
                  000002b0    000000ac     FIFOtestmain.obj (.text)
                  0000035c    0000009c     rtsv7M4_T_le_v4SPD16_eabi.lib : memcpy_t2.obj (.text)
                  000003f8    0000009a     msp432_startup_ccs.obj (.text)
                  00000492    0000007a     rtsv7M4_T_le_v4SPD16_eabi.lib : memset_t2.obj (.text)
                  0000050c    0000006c                                   : autoinit.obj (.text)
                  00000578    0000006a                                   : copy_decompress_rle.obj (.text)
                  000005e2    00000002     --HOLE-- [fill = 0]
                  000005e4    00000050                                   : boot.obj (.text)
                  00000634    0000004c                                   : cpy_tbl.obj (.text)
                  00000680    00000044                                   : exit.obj (.text)
                  000006c4    00000018                                   : args_main.obj (.text)
                  000006dc    00000014                                   : _lock.obj (.text)
                  000006f0    0000000e                                   : copy_decompress_none.obj (.text:decompress:none)
                  000006fe    0000000c                                   : copy_zero_init.obj (.text:decompress:ZI)
                  0000070a    00000006                                   : copy_decompress_rle.obj (.text:decompress:rle24)
                  00000710    00000004                                   : pre_init.obj (.text)

.cinit     0    00000718    00000038     
                  00000718    0000000f     (.cinit..data.load) [load image, compression = rle]
                  00000727    00000001     --HOLE-- [fill = 0]
                  00000728    0000000c     (__TI_handler_table)
                  00000734    00000004     --HOLE-- [fill = 0]
                  00000738    00000008     (.cinit..bss.load) [load image, compression = zero_init]
                  00000740    00000010     (__TI_cinit_table)

.bss       0    20000000    00000037     UNINITIALIZED
                  20000000    00000010     (.common:RxFifo)
                  20000010    00000010     (.common:TxFifo)
                  20000020    00000004     (.common:RunNumber)
                  20000024    00000004     (.common:RxGetPt)
                  20000028    00000004     (.common:RxPutPt)
                  2000002c    00000004     (.common:TxGetI)
                  20000030    00000004     (.common:TxPutI)
                  20000034    00000001     (.common:actual)
                  20000035    00000001     (.common:expected)
                  20000036    00000001     (.common:in)

.data      0    20000038    00000014     UNINITIALIZED
                  20000038    00000008     rtsv7M4_T_le_v4SPD16_eabi.lib : _lock.obj (.data)
                  20000040    00000008                                   : exit.obj (.data)
                  20000048    00000004                                   : stkdepth_vars.obj (.data)

.TI.noinit 
*          0    20000000    00000000     UNINITIALIZED

.TI.persistent 
*          0    20000038    00000000     UNINITIALIZED

.stack     0    2000fe00    00000200     UNINITIALIZED
                  2000fe00    00000200     --HOLE--


LINKER GENERATED COPY TABLES

__TI_cinit_table @ 00000740 records: 2, size/record: 8, table size: 16
	.data: load addr=00000718, load size=0000000f bytes, run addr=20000038, run size=00000014 bytes, compression=rle
	.bss: load addr=00000738, load size=00000008 bytes, run addr=20000000, run size=00000037 bytes, compression=zero_init


LINKER GENERATED HANDLER TABLE

__TI_handler_table @ 00000728 records: 3, size/record: 4, table size: 12
	index: 0, handler: __TI_decompress_rle24
	index: 1, handler: __TI_decompress_none
	index: 2, handler: __TI_zero_init


GLOBAL SYMBOLS: SORTED ALPHABETICALLY BY Name 

address   name                    
-------   ----                    
0000044d  ADC14_IRQHandler        
00000455  AES256_IRQHandler       
00000681  C$$EXIT                 
00000429  COMP_E0_IRQHandler      
0000042b  COMP_E1_IRQHandler      
0000041f  CS_IRQHandler           
00000459  DMA_ERR_IRQHandler      
00000461  DMA_INT0_IRQHandler     
0000045f  DMA_INT1_IRQHandler     
0000045d  DMA_INT2_IRQHandler     
0000045b  DMA_INT3_IRQHandler     
00000417  DebugMon_Handler        
0000046f  DisableInterrupts       
0000043d  EUSCIA0_IRQHandler      
0000043f  EUSCIA1_IRQHandler      
00000441  EUSCIA2_IRQHandler      
00000443  EUSCIA3_IRQHandler      
00000445  EUSCIB0_IRQHandler      
00000447  EUSCIB1_IRQHandler      
00000449  EUSCIB2_IRQHandler      
0000044b  EUSCIB3_IRQHandler      
00000475  EnableInterrupts        
00000485  EndCritical             
00000427  FLCTL_IRQHandler        
00000425  FPU_IRQHandler          
00000421  PCM_IRQHandler          
00000463  PORT1_IRQHandler        
00000465  PORT2_IRQHandler        
00000467  PORT3_IRQHandler        
00000469  PORT4_IRQHandler        
0000046b  PORT5_IRQHandler        
0000046d  PORT6_IRQHandler        
0000041d  PSS_IRQHandler          
00000419  PendSV_Handler          
00000457  RTC_C_IRQHandler        
20000020  RunNumber               
00000233  RxFifo_Get              
000001d9  RxFifo_Init             
000001f3  RxFifo_Put              
0000026f  RxFifo_Size             
20000024  RxGetPt                 
20000028  RxPutPt                 
UNDEFED   SHT$$INIT_ARRAY$$Base   
UNDEFED   SHT$$INIT_ARRAY$$Limit  
00000415  SVC_Handler             
0000047b  StartCritical           
0000041b  SysTick_Handler         
0000044f  T32_INT1_IRQHandler     
00000451  T32_INT2_IRQHandler     
00000453  T32_INTC_IRQHandler     
0000042d  TA0_0_IRQHandler        
0000042f  TA0_N_IRQHandler        
00000431  TA1_0_IRQHandler        
00000433  TA1_N_IRQHandler        
00000435  TA2_0_IRQHandler        
00000437  TA2_N_IRQHandler        
00000439  TA3_0_IRQHandler        
0000043b  TA3_N_IRQHandler        
000002cd  TestGet                 
000002b1  TestPut                 
00000199  TxFifo_Get              
00000145  TxFifo_Init             
0000015f  TxFifo_Put              
000001cd  TxFifo_Size             
2000002c  TxGetI                  
20000030  TxPutI                  
4000480c  WDTCTL_SYM              
00000423  WDT_A_IRQHandler        
0000048d  WaitForInterrupt        
20010000  __STACK_END             
00000200  __STACK_SIZE            
00000740  __TI_CINIT_Base         
00000750  __TI_CINIT_Limit        
00000728  __TI_Handler_Table_Base 
00000734  __TI_Handler_Table_Limit
0000050d  __TI_auto_init          
20000040  __TI_cleanup_ptr        
000006f1  __TI_decompress_none    
0000070b  __TI_decompress_rle24   
20000044  __TI_dtors_ptr          
00000000  __TI_static_base__      
000006ff  __TI_zero_init          
00000493  __aeabi_memclr          
00000493  __aeabi_memclr4         
00000493  __aeabi_memclr8         
0000035d  __aeabi_memcpy          
0000035d  __aeabi_memcpy4         
0000035d  __aeabi_memcpy8         
00000495  __aeabi_memset          
00000495  __aeabi_memset4         
00000495  __aeabi_memset8         
ffffffff  __binit__               
ffffffff  __c_args__              
2000fe00  __stack                 
000006c5  _args_main              
000005e5  _c_int00                
20000038  _lock                   
000006eb  _nop                    
000006e3  _register_lock          
000006dd  _register_unlock        
00000711  _system_pre_init        
2000003c  _unlock                 
00000685  abort                   
20000034  actual                  
ffffffff  binit                   
00000635  copy_in                 
0000068d  exit                    
20000035  expected                
20000036  in                      
00000000  interruptVectors        
000002f5  main                    
20000048  main_func_sp            
0000035d  memcpy                  
0000049b  memset                  


GLOBAL SYMBOLS: SORTED BY Symbol Address 

address   name                    
-------   ----                    
00000000  __TI_static_base__      
00000000  interruptVectors        
00000145  TxFifo_Init             
0000015f  TxFifo_Put              
00000199  TxFifo_Get              
000001cd  TxFifo_Size             
000001d9  RxFifo_Init             
000001f3  RxFifo_Put              
00000200  __STACK_SIZE            
00000233  RxFifo_Get              
0000026f  RxFifo_Size             
000002b1  TestPut                 
000002cd  TestGet                 
000002f5  main                    
0000035d  __aeabi_memcpy          
0000035d  __aeabi_memcpy4         
0000035d  __aeabi_memcpy8         
0000035d  memcpy                  
00000415  SVC_Handler             
00000417  DebugMon_Handler        
00000419  PendSV_Handler          
0000041b  SysTick_Handler         
0000041d  PSS_IRQHandler          
0000041f  CS_IRQHandler           
00000421  PCM_IRQHandler          
00000423  WDT_A_IRQHandler        
00000425  FPU_IRQHandler          
00000427  FLCTL_IRQHandler        
00000429  COMP_E0_IRQHandler      
0000042b  COMP_E1_IRQHandler      
0000042d  TA0_0_IRQHandler        
0000042f  TA0_N_IRQHandler        
00000431  TA1_0_IRQHandler        
00000433  TA1_N_IRQHandler        
00000435  TA2_0_IRQHandler        
00000437  TA2_N_IRQHandler        
00000439  TA3_0_IRQHandler        
0000043b  TA3_N_IRQHandler        
0000043d  EUSCIA0_IRQHandler      
0000043f  EUSCIA1_IRQHandler      
00000441  EUSCIA2_IRQHandler      
00000443  EUSCIA3_IRQHandler      
00000445  EUSCIB0_IRQHandler      
00000447  EUSCIB1_IRQHandler      
00000449  EUSCIB2_IRQHandler      
0000044b  EUSCIB3_IRQHandler      
0000044d  ADC14_IRQHandler        
0000044f  T32_INT1_IRQHandler     
00000451  T32_INT2_IRQHandler     
00000453  T32_INTC_IRQHandler     
00000455  AES256_IRQHandler       
00000457  RTC_C_IRQHandler        
00000459  DMA_ERR_IRQHandler      
0000045b  DMA_INT3_IRQHandler     
0000045d  DMA_INT2_IRQHandler     
0000045f  DMA_INT1_IRQHandler     
00000461  DMA_INT0_IRQHandler     
00000463  PORT1_IRQHandler        
00000465  PORT2_IRQHandler        
00000467  PORT3_IRQHandler        
00000469  PORT4_IRQHandler        
0000046b  PORT5_IRQHandler        
0000046d  PORT6_IRQHandler        
0000046f  DisableInterrupts       
00000475  EnableInterrupts        
0000047b  StartCritical           
00000485  EndCritical             
0000048d  WaitForInterrupt        
00000493  __aeabi_memclr          
00000493  __aeabi_memclr4         
00000493  __aeabi_memclr8         
00000495  __aeabi_memset          
00000495  __aeabi_memset4         
00000495  __aeabi_memset8         
0000049b  memset                  
0000050d  __TI_auto_init          
000005e5  _c_int00                
00000635  copy_in                 
00000681  C$$EXIT                 
00000685  abort                   
0000068d  exit                    
000006c5  _args_main              
000006dd  _register_unlock        
000006e3  _register_lock          
000006eb  _nop                    
000006f1  __TI_decompress_none    
000006ff  __TI_zero_init          
0000070b  __TI_decompress_rle24   
00000711  _system_pre_init        
00000728  __TI_Handler_Table_Base 
00000734  __TI_Handler_Table_Limit
00000740  __TI_CINIT_Base         
00000750  __TI_CINIT_Limit        
20000020  RunNumber               
20000024  RxGetPt                 
20000028  RxPutPt                 
2000002c  TxGetI                  
20000030  TxPutI                  
20000034  actual                  
20000035  expected                
20000036  in                      
20000038  _lock                   
2000003c  _unlock                 
20000040  __TI_cleanup_ptr        
20000044  __TI_dtors_ptr          
20000048  main_func_sp            
2000fe00  __stack                 
20010000  __STACK_END             
4000480c  WDTCTL_SYM              
ffffffff  __binit__               
ffffffff  __c_args__              
ffffffff  binit                   
UNDEFED   SHT$$INIT_ARRAY$$Base   
UNDEFED   SHT$$INIT_ARRAY$$Limit  

[114 symbols]
