******************************************************************************
                  TI ARM Linker PC v5.2.4                      
******************************************************************************
>> Linked Mon Jun 13 16:10:10 2016

OUTPUT FILE NAME:   <UART_MSP432.out>
ENTRY POINT SYMBOL: "_c_int00"  address: 000007ed


MEMORY CONFIGURATION

         name            origin    length      used     unused   attr    fill
----------------------  --------  ---------  --------  --------  ----  --------
  MAIN                  00000000   00040000  00000930  0003f6d0  R  X
  INFO                  00200000   00004000  00000000  00004000  R  X
  SRAM_CODE             01000000   00010000  00000000  00010000  RW X
  SRAM_DATA             20000000   00010000  00000214  0000fdec  RW  


SEGMENT ALLOCATION MAP

run origin  load origin   length   init length attrs members
----------  ----------- ---------- ----------- ----- -------
00000000    00000000    00000930   00000930    r-x
  00000000    00000000    00000144   00000144    r-- .intvecs
  00000144    00000144    000007cc   000007cc    r-x .text
  00000910    00000910    00000020   00000020    r-- .cinit
20000000    20000000    00000014   00000000    rw-
  20000000    20000000    00000014   00000000    rw- .data
2000fe00    2000fe00    00000200   00000000    rw-
  2000fe00    2000fe00    00000200   00000000    rw- .stack


SECTION ALLOCATION MAP

 output                                  attributes/
section   page    origin      length       input sections
--------  ----  ----------  ----------   ----------------
.intvecs   0    00000000    00000144     
                  00000000    00000144     msp432_startup_ccs.obj (.intvecs)

.text      0    00000144    000007cc     
                  00000144    000002ec     UART.obj (.text)
                  00000430    00000132     UARTTestMain.obj (.text)
                  00000562    0000009c     rtsv7M4_T_le_v4SPD16_eabi.lib : memcpy_t2.obj (.text)
                  000005fe    00000002     --HOLE-- [fill = 0]
                  00000600    0000009a     msp432_startup_ccs.obj (.text)
                  0000069a    0000007a     rtsv7M4_T_le_v4SPD16_eabi.lib : memset_t2.obj (.text)
                  00000714    0000006c                                   : autoinit.obj (.text)
                  00000780    0000006a                                   : copy_decompress_rle.obj (.text)
                  000007ea    00000002     --HOLE-- [fill = 0]
                  000007ec    00000050                                   : boot.obj (.text)
                  0000083c    0000004c                                   : cpy_tbl.obj (.text)
                  00000888    00000044                                   : exit.obj (.text)
                  000008cc    00000018                                   : args_main.obj (.text)
                  000008e4    00000014                                   : _lock.obj (.text)
                  000008f8    0000000e                                   : copy_decompress_none.obj (.text:decompress:none)
                  00000906    00000006                                   : copy_decompress_rle.obj (.text:decompress:rle24)
                  0000090c    00000004                                   : pre_init.obj (.text)

.cinit     0    00000910    00000020     
                  00000910    0000000f     (.cinit..data.load) [load image, compression = rle]
                  0000091f    00000001     --HOLE-- [fill = 0]
                  00000920    00000008     (__TI_handler_table)
                  00000928    00000008     (__TI_cinit_table)

.data      0    20000000    00000014     UNINITIALIZED
                  20000000    00000008     rtsv7M4_T_le_v4SPD16_eabi.lib : _lock.obj (.data)
                  20000008    00000008                                   : exit.obj (.data)
                  20000010    00000004                                   : stkdepth_vars.obj (.data)

.TI.persistent 
*          0    20000000    00000000     UNINITIALIZED

.stack     0    2000fe00    00000200     UNINITIALIZED
                  2000fe00    00000200     --HOLE--


LINKER GENERATED COPY TABLES

__TI_cinit_table @ 00000928 records: 1, size/record: 8, table size: 8
	.data: load addr=00000910, load size=0000000f bytes, run addr=20000000, run size=00000014 bytes, compression=rle


LINKER GENERATED HANDLER TABLE

__TI_handler_table @ 00000920 records: 2, size/record: 4, table size: 8
	index: 0, handler: __TI_decompress_rle24
	index: 1, handler: __TI_decompress_none


GLOBAL SYMBOLS: SORTED ALPHABETICALLY BY Name 

address   name                    
-------   ----                    
00000655  ADC14_IRQHandler        
0000065d  AES256_IRQHandler       
00000889  C$$EXIT                 
00000631  COMP_E0_IRQHandler      
00000633  COMP_E1_IRQHandler      
00000627  CS_IRQHandler           
00000661  DMA_ERR_IRQHandler      
00000669  DMA_INT0_IRQHandler     
00000667  DMA_INT1_IRQHandler     
00000665  DMA_INT2_IRQHandler     
00000663  DMA_INT3_IRQHandler     
0000061f  DebugMon_Handler        
00000677  DisableInterrupts       
00000645  EUSCIA0_IRQHandler      
00000647  EUSCIA1_IRQHandler      
00000649  EUSCIA2_IRQHandler      
0000064b  EUSCIA3_IRQHandler      
0000064d  EUSCIB0_IRQHandler      
0000064f  EUSCIB1_IRQHandler      
00000651  EUSCIB2_IRQHandler      
00000653  EUSCIB3_IRQHandler      
0000067d  EnableInterrupts        
0000068d  EndCritical             
0000062f  FLCTL_IRQHandler        
0000062d  FPU_IRQHandler          
00000431  OutCRLF                 
00000629  PCM_IRQHandler          
0000066b  PORT1_IRQHandler        
0000066d  PORT2_IRQHandler        
0000066f  PORT3_IRQHandler        
00000671  PORT4_IRQHandler        
00000673  PORT5_IRQHandler        
00000675  PORT6_IRQHandler        
00000625  PSS_IRQHandler          
00000621  PendSV_Handler          
0000065f  RTC_C_IRQHandler        
UNDEFED   SHT$$INIT_ARRAY$$Base   
UNDEFED   SHT$$INIT_ARRAY$$Limit  
0000061d  SVC_Handler             
00000683  StartCritical           
00000623  SysTick_Handler         
00000657  T32_INT1_IRQHandler     
00000659  T32_INT2_IRQHandler     
0000065b  T32_INTC_IRQHandler     
00000635  TA0_0_IRQHandler        
00000637  TA0_N_IRQHandler        
00000639  TA1_0_IRQHandler        
0000063b  TA1_N_IRQHandler        
0000063d  TA2_0_IRQHandler        
0000063f  TA2_N_IRQHandler        
00000641  TA3_0_IRQHandler        
00000643  TA3_N_IRQHandler        
0000018b  UART_InChar             
00000389  UART_InString           
000001d5  UART_InUDec             
00000289  UART_InUHex             
00000145  UART_Init               
0000019b  UART_OutChar            
000001b7  UART_OutString          
00000259  UART_OutUDec            
0000034d  UART_OutUHex            
4000480c  WDTCTL_SYM              
0000062b  WDT_A_IRQHandler        
00000695  WaitForInterrupt        
20010000  __STACK_END             
00000200  __STACK_SIZE            
00000928  __TI_CINIT_Base         
00000930  __TI_CINIT_Limit        
00000920  __TI_Handler_Table_Base 
00000928  __TI_Handler_Table_Limit
00000715  __TI_auto_init          
20000008  __TI_cleanup_ptr        
000008f9  __TI_decompress_none    
00000907  __TI_decompress_rle24   
2000000c  __TI_dtors_ptr          
00000000  __TI_static_base__      
0000069b  __aeabi_memclr          
0000069b  __aeabi_memclr4         
0000069b  __aeabi_memclr8         
00000563  __aeabi_memcpy          
00000563  __aeabi_memcpy4         
00000563  __aeabi_memcpy8         
0000069d  __aeabi_memset          
0000069d  __aeabi_memset4         
0000069d  __aeabi_memset8         
ffffffff  __binit__               
ffffffff  __c_args__              
2000fe00  __stack                 
000008cd  _args_main              
000007ed  _c_int00                
20000000  _lock                   
000008f3  _nop                    
000008eb  _register_lock          
000008e5  _register_unlock        
0000090d  _system_pre_init        
20000004  _unlock                 
0000088d  abort                   
ffffffff  binit                   
0000083d  copy_in                 
00000895  exit                    
00000000  interruptVectors        
00000441  main                    
20000010  main_func_sp            
00000563  memcpy                  
000006a3  memset                  


GLOBAL SYMBOLS: SORTED BY Symbol Address 

address   name                    
-------   ----                    
00000000  __TI_static_base__      
00000000  interruptVectors        
00000145  UART_Init               
0000018b  UART_InChar             
0000019b  UART_OutChar            
000001b7  UART_OutString          
000001d5  UART_InUDec             
00000200  __STACK_SIZE            
00000259  UART_OutUDec            
00000289  UART_InUHex             
0000034d  UART_OutUHex            
00000389  UART_InString           
00000431  OutCRLF                 
00000441  main                    
00000563  __aeabi_memcpy          
00000563  __aeabi_memcpy4         
00000563  __aeabi_memcpy8         
00000563  memcpy                  
0000061d  SVC_Handler             
0000061f  DebugMon_Handler        
00000621  PendSV_Handler          
00000623  SysTick_Handler         
00000625  PSS_IRQHandler          
00000627  CS_IRQHandler           
00000629  PCM_IRQHandler          
0000062b  WDT_A_IRQHandler        
0000062d  FPU_IRQHandler          
0000062f  FLCTL_IRQHandler        
00000631  COMP_E0_IRQHandler      
00000633  COMP_E1_IRQHandler      
00000635  TA0_0_IRQHandler        
00000637  TA0_N_IRQHandler        
00000639  TA1_0_IRQHandler        
0000063b  TA1_N_IRQHandler        
0000063d  TA2_0_IRQHandler        
0000063f  TA2_N_IRQHandler        
00000641  TA3_0_IRQHandler        
00000643  TA3_N_IRQHandler        
00000645  EUSCIA0_IRQHandler      
00000647  EUSCIA1_IRQHandler      
00000649  EUSCIA2_IRQHandler      
0000064b  EUSCIA3_IRQHandler      
0000064d  EUSCIB0_IRQHandler      
0000064f  EUSCIB1_IRQHandler      
00000651  EUSCIB2_IRQHandler      
00000653  EUSCIB3_IRQHandler      
00000655  ADC14_IRQHandler        
00000657  T32_INT1_IRQHandler     
00000659  T32_INT2_IRQHandler     
0000065b  T32_INTC_IRQHandler     
0000065d  AES256_IRQHandler       
0000065f  RTC_C_IRQHandler        
00000661  DMA_ERR_IRQHandler      
00000663  DMA_INT3_IRQHandler     
00000665  DMA_INT2_IRQHandler     
00000667  DMA_INT1_IRQHandler     
00000669  DMA_INT0_IRQHandler     
0000066b  PORT1_IRQHandler        
0000066d  PORT2_IRQHandler        
0000066f  PORT3_IRQHandler        
00000671  PORT4_IRQHandler        
00000673  PORT5_IRQHandler        
00000675  PORT6_IRQHandler        
00000677  DisableInterrupts       
0000067d  EnableInterrupts        
00000683  StartCritical           
0000068d  EndCritical             
00000695  WaitForInterrupt        
0000069b  __aeabi_memclr          
0000069b  __aeabi_memclr4         
0000069b  __aeabi_memclr8         
0000069d  __aeabi_memset          
0000069d  __aeabi_memset4         
0000069d  __aeabi_memset8         
000006a3  memset                  
00000715  __TI_auto_init          
000007ed  _c_int00                
0000083d  copy_in                 
00000889  C$$EXIT                 
0000088d  abort                   
00000895  exit                    
000008cd  _args_main              
000008e5  _register_unlock        
000008eb  _register_lock          
000008f3  _nop                    
000008f9  __TI_decompress_none    
00000907  __TI_decompress_rle24   
0000090d  _system_pre_init        
00000920  __TI_Handler_Table_Base 
00000928  __TI_CINIT_Base         
00000928  __TI_Handler_Table_Limit
00000930  __TI_CINIT_Limit        
20000000  _lock                   
20000004  _unlock                 
20000008  __TI_cleanup_ptr        
2000000c  __TI_dtors_ptr          
20000010  main_func_sp            
2000fe00  __stack                 
20010000  __STACK_END             
4000480c  WDTCTL_SYM              
ffffffff  __binit__               
ffffffff  __c_args__              
ffffffff  binit                   
UNDEFED   SHT$$INIT_ARRAY$$Base   
UNDEFED   SHT$$INIT_ARRAY$$Limit  

[105 symbols]
