******************************************************************************
                  TI ARM Linker PC v5.2.4                      
******************************************************************************
>> Linked Mon Jun 13 16:07:16 2016

OUTPUT FILE NAME:   <I2C_MSP432.out>
ENTRY POINT SYMBOL: "_c_int00"  address: 0000114d


MEMORY CONFIGURATION

         name            origin    length      used     unused   attr    fill
----------------------  --------  ---------  --------  --------  ----  --------
  MAIN                  00000000   00040000  00001294  0003ed6c  R  X
  INFO                  00200000   00004000  00000000  00004000  R  X
  SRAM_CODE             01000000   00010000  00000000  00010000  RW X
  SRAM_DATA             20000000   00010000  00000228  0000fdd8  RW  


SEGMENT ALLOCATION MAP

run origin  load origin   length   init length attrs members
----------  ----------- ---------- ----------- ----- -------
00000000    00000000    00001294   00001294    r-x
  00000000    00000000    00000144   00000144    r-- .intvecs
  00000144    00000144    0000112c   0000112c    r-x .text
  00001270    00001270    00000024   00000024    r-- .cinit
20000000    20000000    00000028   00000000    rw-
  20000000    20000000    00000028   00000000    rw- .data
2000fe00    2000fe00    00000200   00000000    rw-
  2000fe00    2000fe00    00000200   00000000    rw- .stack


SECTION ALLOCATION MAP

 output                                  attributes/
section   page    origin      length       input sections
--------  ----  ----------  ----------   ----------------
.intvecs   0    00000000    00000144     
                  00000000    00000144     msp432_startup_ccs.obj (.intvecs)

.text      0    00000144    0000112c     
                  00000144    000003c8     I2CTestMain.obj (.text)
                  0000050c    000003b0     I2C0.obj (.text)
                  000008bc    00000330     ClockSystem.obj (.text)
                  00000bec    00000260     LCD.obj (.text)
                  00000e4c    0000009c     rtsv7M4_T_le_v4SPD16_eabi.lib : memcpy_t2.obj (.text)
                  00000ee8    0000009a     msp432_startup_ccs.obj (.text)
                  00000f82    0000007a     rtsv7M4_T_le_v4SPD16_eabi.lib : memset_t2.obj (.text)
                  00000ffc    00000078     SysTick.obj (.text)
                  00001074    0000006c     rtsv7M4_T_le_v4SPD16_eabi.lib : autoinit.obj (.text)
                  000010e0    0000006a                                   : copy_decompress_rle.obj (.text)
                  0000114a    00000002     --HOLE-- [fill = 0]
                  0000114c    00000050                                   : boot.obj (.text)
                  0000119c    0000004c                                   : cpy_tbl.obj (.text)
                  000011e8    00000044                                   : exit.obj (.text)
                  0000122c    00000018                                   : args_main.obj (.text)
                  00001244    00000014                                   : _lock.obj (.text)
                  00001258    0000000e                                   : copy_decompress_none.obj (.text:decompress:none)
                  00001266    00000006                                   : copy_decompress_rle.obj (.text:decompress:rle24)
                  0000126c    00000004                                   : pre_init.obj (.text)

.cinit     0    00001270    00000024     
                  00001270    00000012     (.cinit..data.load) [load image, compression = rle]
                  00001282    00000002     --HOLE-- [fill = 0]
                  00001284    00000008     (__TI_handler_table)
                  0000128c    00000008     (__TI_cinit_table)

.data      0    20000000    00000028     UNINITIALIZED
                  20000000    00000014     ClockSystem.obj (.data)
                  20000014    00000008     rtsv7M4_T_le_v4SPD16_eabi.lib : _lock.obj (.data)
                  2000001c    00000008                                   : exit.obj (.data)
                  20000024    00000004                                   : stkdepth_vars.obj (.data)

.TI.persistent 
*          0    20000000    00000000     UNINITIALIZED

.stack     0    2000fe00    00000200     UNINITIALIZED
                  2000fe00    00000200     --HOLE--


LINKER GENERATED COPY TABLES

__TI_cinit_table @ 0000128c records: 1, size/record: 8, table size: 8
	.data: load addr=00001270, load size=00000012 bytes, run addr=20000000, run size=00000028 bytes, compression=rle


LINKER GENERATED HANDLER TABLE

__TI_handler_table @ 00001284 records: 2, size/record: 4, table size: 8
	index: 0, handler: __TI_decompress_rle24
	index: 1, handler: __TI_decompress_none


GLOBAL SYMBOLS: SORTED ALPHABETICALLY BY Name 

address   name                    
-------   ----                    
00000f3d  ADC14_IRQHandler        
00000f45  AES256_IRQHandler       
000011e9  C$$EXIT                 
00000f19  COMP_E0_IRQHandler      
00000f1b  COMP_E1_IRQHandler      
20000004  CPMwait                 
00000f0f  CS_IRQHandler           
000008bd  Clock_Init              
000009f7  Clock_Init32kHz         
00000907  Clock_Init48MHz         
00000ae9  Clock_InitLowPower      
20000010  Crystalstable           
00000f49  DMA_ERR_IRQHandler      
00000f51  DMA_INT0_IRQHandler     
00000f4f  DMA_INT1_IRQHandler     
00000f4d  DMA_INT2_IRQHandler     
00000f4b  DMA_INT3_IRQHandler     
00000f07  DebugMon_Handler        
00000f5f  DisableInterrupts       
00000f2d  EUSCIA0_IRQHandler      
00000f2f  EUSCIA1_IRQHandler      
00000f31  EUSCIA2_IRQHandler      
00000f33  EUSCIA3_IRQHandler      
00000f35  EUSCIB0_IRQHandler      
00000f37  EUSCIB1_IRQHandler      
00000f39  EUSCIB2_IRQHandler      
00000f3b  EUSCIB3_IRQHandler      
00000f65  EnableInterrupts        
00000f75  EndCritical             
00000f17  FLCTL_IRQHandler        
00000f15  FPU_IRQHandler          
0000050d  I2C_Init                
00000553  I2C_Recv                
000005c1  I2C_Recv2               
00000665  I2C_Send1               
000006e7  I2C_Send2               
0000079f  I2C_Send3               
2000000c  IFlags                  
00000d07  LCD_Clear               
00000db1  LCD_GoTo                
00000c2d  LCD_Init                
00000cc7  LCD_OutChar             
00000d27  LCD_OutString           
00000d45  LCD_OutUDec             
00000d75  LCD_OutUHex             
00000f11  PCM_IRQHandler          
00000f53  PORT1_IRQHandler        
00000f55  PORT2_IRQHandler        
00000f57  PORT3_IRQHandler        
00000f59  PORT4_IRQHandler        
00000f5b  PORT5_IRQHandler        
00000f5d  PORT6_IRQHandler        
00000f0d  PSS_IRQHandler          
00000f09  PendSV_Handler          
20000008  Postwait                
20000000  Prewait                 
00000f47  RTC_C_IRQHandler        
UNDEFED   SHT$$INIT_ARRAY$$Base   
UNDEFED   SHT$$INIT_ARRAY$$Limit  
00000f05  SVC_Handler             
00000f6b  StartCritical           
00000f0b  SysTick_Handler         
00000ffd  SysTick_Init            
00001019  SysTick_Wait            
0000103f  SysTick_Wait10ms        
00000f3f  T32_INT1_IRQHandler     
00000f41  T32_INT2_IRQHandler     
00000f43  T32_INTC_IRQHandler     
00000f1d  TA0_0_IRQHandler        
00000f1f  TA0_N_IRQHandler        
00000f21  TA1_0_IRQHandler        
00000f23  TA1_N_IRQHandler        
00000f25  TA2_0_IRQHandler        
00000f27  TA2_N_IRQHandler        
00000f29  TA3_0_IRQHandler        
00000f2b  TA3_N_IRQHandler        
4000480c  WDTCTL_SYM              
00000f13  WDT_A_IRQHandler        
00000f7d  WaitForInterrupt        
20010000  __STACK_END             
00000200  __STACK_SIZE            
0000128c  __TI_CINIT_Base         
00001294  __TI_CINIT_Limit        
00001284  __TI_Handler_Table_Base 
0000128c  __TI_Handler_Table_Limit
00001075  __TI_auto_init          
2000001c  __TI_cleanup_ptr        
00001259  __TI_decompress_none    
00001267  __TI_decompress_rle24   
20000020  __TI_dtors_ptr          
00000000  __TI_static_base__      
00000f83  __aeabi_memclr          
00000f83  __aeabi_memclr4         
00000f83  __aeabi_memclr8         
00000e4d  __aeabi_memcpy          
00000e4d  __aeabi_memcpy4         
00000e4d  __aeabi_memcpy8         
00000f85  __aeabi_memset          
00000f85  __aeabi_memset4         
00000f85  __aeabi_memset8         
ffffffff  __binit__               
ffffffff  __c_args__              
2000fe00  __stack                 
0000122d  _args_main              
0000114d  _c_int00                
20000014  _lock                   
00001253  _nop                    
0000124b  _register_lock          
00001245  _register_unlock        
0000126d  _system_pre_init        
20000018  _unlock                 
000011ed  abort                   
ffffffff  binit                   
0000119d  copy_in                 
0000024b  displayTemp             
000011f5  exit                    
00000000  interruptVectors        
000003ef  main                    
20000024  main_func_sp            
00000e4d  memcpy                  
00000f8b  memset                  
00000145  parseTemp               


GLOBAL SYMBOLS: SORTED BY Symbol Address 

address   name                    
-------   ----                    
00000000  __TI_static_base__      
00000000  interruptVectors        
00000145  parseTemp               
00000200  __STACK_SIZE            
0000024b  displayTemp             
000003ef  main                    
0000050d  I2C_Init                
00000553  I2C_Recv                
000005c1  I2C_Recv2               
00000665  I2C_Send1               
000006e7  I2C_Send2               
0000079f  I2C_Send3               
000008bd  Clock_Init              
00000907  Clock_Init48MHz         
000009f7  Clock_Init32kHz         
00000ae9  Clock_InitLowPower      
00000c2d  LCD_Init                
00000cc7  LCD_OutChar             
00000d07  LCD_Clear               
00000d27  LCD_OutString           
00000d45  LCD_OutUDec             
00000d75  LCD_OutUHex             
00000db1  LCD_GoTo                
00000e4d  __aeabi_memcpy          
00000e4d  __aeabi_memcpy4         
00000e4d  __aeabi_memcpy8         
00000e4d  memcpy                  
00000f05  SVC_Handler             
00000f07  DebugMon_Handler        
00000f09  PendSV_Handler          
00000f0b  SysTick_Handler         
00000f0d  PSS_IRQHandler          
00000f0f  CS_IRQHandler           
00000f11  PCM_IRQHandler          
00000f13  WDT_A_IRQHandler        
00000f15  FPU_IRQHandler          
00000f17  FLCTL_IRQHandler        
00000f19  COMP_E0_IRQHandler      
00000f1b  COMP_E1_IRQHandler      
00000f1d  TA0_0_IRQHandler        
00000f1f  TA0_N_IRQHandler        
00000f21  TA1_0_IRQHandler        
00000f23  TA1_N_IRQHandler        
00000f25  TA2_0_IRQHandler        
00000f27  TA2_N_IRQHandler        
00000f29  TA3_0_IRQHandler        
00000f2b  TA3_N_IRQHandler        
00000f2d  EUSCIA0_IRQHandler      
00000f2f  EUSCIA1_IRQHandler      
00000f31  EUSCIA2_IRQHandler      
00000f33  EUSCIA3_IRQHandler      
00000f35  EUSCIB0_IRQHandler      
00000f37  EUSCIB1_IRQHandler      
00000f39  EUSCIB2_IRQHandler      
00000f3b  EUSCIB3_IRQHandler      
00000f3d  ADC14_IRQHandler        
00000f3f  T32_INT1_IRQHandler     
00000f41  T32_INT2_IRQHandler     
00000f43  T32_INTC_IRQHandler     
00000f45  AES256_IRQHandler       
00000f47  RTC_C_IRQHandler        
00000f49  DMA_ERR_IRQHandler      
00000f4b  DMA_INT3_IRQHandler     
00000f4d  DMA_INT2_IRQHandler     
00000f4f  DMA_INT1_IRQHandler     
00000f51  DMA_INT0_IRQHandler     
00000f53  PORT1_IRQHandler        
00000f55  PORT2_IRQHandler        
00000f57  PORT3_IRQHandler        
00000f59  PORT4_IRQHandler        
00000f5b  PORT5_IRQHandler        
00000f5d  PORT6_IRQHandler        
00000f5f  DisableInterrupts       
00000f65  EnableInterrupts        
00000f6b  StartCritical           
00000f75  EndCritical             
00000f7d  WaitForInterrupt        
00000f83  __aeabi_memclr          
00000f83  __aeabi_memclr4         
00000f83  __aeabi_memclr8         
00000f85  __aeabi_memset          
00000f85  __aeabi_memset4         
00000f85  __aeabi_memset8         
00000f8b  memset                  
00000ffd  SysTick_Init            
00001019  SysTick_Wait            
0000103f  SysTick_Wait10ms        
00001075  __TI_auto_init          
0000114d  _c_int00                
0000119d  copy_in                 
000011e9  C$$EXIT                 
000011ed  abort                   
000011f5  exit                    
0000122d  _args_main              
00001245  _register_unlock        
0000124b  _register_lock          
00001253  _nop                    
00001259  __TI_decompress_none    
00001267  __TI_decompress_rle24   
0000126d  _system_pre_init        
00001284  __TI_Handler_Table_Base 
0000128c  __TI_CINIT_Base         
0000128c  __TI_Handler_Table_Limit
00001294  __TI_CINIT_Limit        
20000000  Prewait                 
20000004  CPMwait                 
20000008  Postwait                
2000000c  IFlags                  
20000010  Crystalstable           
20000014  _lock                   
20000018  _unlock                 
2000001c  __TI_cleanup_ptr        
20000020  __TI_dtors_ptr          
20000024  main_func_sp            
2000fe00  __stack                 
20010000  __STACK_END             
4000480c  WDTCTL_SYM              
ffffffff  __binit__               
ffffffff  __c_args__              
ffffffff  binit                   
UNDEFED   SHT$$INIT_ARRAY$$Base   
UNDEFED   SHT$$INIT_ARRAY$$Limit  

[122 symbols]
