******************************************************************************
                  TI ARM Linker PC v5.2.4                      
******************************************************************************
>> Linked Mon Jun 13 16:09:12 2016

OUTPUT FILE NAME:   <SSR_MSP432asm.out>
ENTRY POINT SYMBOL: "_c_int00"  address: 000003f5


MEMORY CONFIGURATION

         name            origin    length      used     unused   attr    fill
----------------------  --------  ---------  --------  --------  ----  --------
  MAIN                  00000000   00040000  00000504  0003fafc  R  X
  INFO                  00200000   00004000  00000000  00004000  R  X
  SRAM_CODE             01000000   00010000  00000000  00010000  RW X
  SRAM_DATA             20000000   00010000  00000014  0000ffec  RW  


SEGMENT ALLOCATION MAP

run origin  load origin   length   init length attrs members
----------  ----------- ---------- ----------- ----- -------
00000000    00000000    00000504   00000504    r-x
  00000000    00000000    00000144   00000144    r-- .intvecs
  00000144    00000144    000003c0   000003c0    r-x .text
20000000    20000000    00000014   00000014    rw-
  20000000    20000000    00000014   00000014    rw- .data


SECTION ALLOCATION MAP

 output                                  attributes/
section   page    origin      length       input sections
--------  ----  ----------  ----------   ----------------
.intvecs   0    00000000    00000144     
                  00000000    00000144     msp432_startup_ccs.obj (.intvecs)

.text      0    00000144    000003c0     
                  00000144    0000010a     SSR.obj (.text)
                  0000024e    0000009c     rtsv7M4_T_le_v4SPD16_eabi.lib : memcpy_t2.obj (.text)
                  000002ea    00000002     --HOLE-- [fill = 0]
                  000002ec    0000009a     msp432_startup_ccs.obj (.text)
                  00000386    00000002     --HOLE-- [fill = 0]
                  00000388    0000006c     rtsv7M4_T_le_v4SPD16_eabi.lib : autoinit.obj (.text)
                  000003f4    00000050                                   : boot.obj (.text)
                  00000444    0000004c                                   : cpy_tbl.obj (.text)
                  00000490    00000044                                   : exit.obj (.text)
                  000004d4    00000018                                   : args_main.obj (.text)
                  000004ec    00000014                                   : _lock.obj (.text)
                  00000500    00000004                                   : pre_init.obj (.text)

.cinit     0    00000000    00000000     UNINITIALIZED

.data      0    20000000    00000014     
                  20000000    00000008     rtsv7M4_T_le_v4SPD16_eabi.lib : _lock.obj (.data)
                  20000008    00000008                                   : exit.obj (.data)
                  20000010    00000004                                   : stkdepth_vars.obj (.data)

.TI.persistent 
*          0    20000000    00000000     UNINITIALIZED

.stack     0    20010000    00000000     UNINITIALIZED


GLOBAL SYMBOLS: SORTED ALPHABETICALLY BY Name 

address   name                    
-------   ----                    
00000341  ADC14_IRQHandler        
00000349  AES256_IRQHandler       
00000491  C$$EXIT                 
0000031d  COMP_E0_IRQHandler      
0000031f  COMP_E1_IRQHandler      
00000313  CS_IRQHandler           
0000034d  DMA_ERR_IRQHandler      
00000355  DMA_INT0_IRQHandler     
00000353  DMA_INT1_IRQHandler     
00000351  DMA_INT2_IRQHandler     
0000034f  DMA_INT3_IRQHandler     
0000030b  DebugMon_Handler        
00000363  DisableInterrupts       
00000331  EUSCIA0_IRQHandler      
00000333  EUSCIA1_IRQHandler      
00000335  EUSCIA2_IRQHandler      
00000337  EUSCIA3_IRQHandler      
00000339  EUSCIB0_IRQHandler      
0000033b  EUSCIB1_IRQHandler      
0000033d  EUSCIB2_IRQHandler      
0000033f  EUSCIB3_IRQHandler      
00000369  EnableInterrupts        
00000379  EndCritical             
0000031b  FLCTL_IRQHandler        
00000319  FPU_IRQHandler          
00000315  PCM_IRQHandler          
00000357  PORT1_IRQHandler        
00000359  PORT2_IRQHandler        
0000035b  PORT3_IRQHandler        
0000035d  PORT4_IRQHandler        
0000035f  PORT5_IRQHandler        
00000361  PORT6_IRQHandler        
00000311  PSS_IRQHandler          
0000030d  PendSV_Handler          
0000034b  RTC_C_IRQHandler        
UNDEFED   SHT$$INIT_ARRAY$$Base   
UNDEFED   SHT$$INIT_ARRAY$$Limit  
00000309  SVC_Handler             
0000036f  StartCritical           
0000030f  SysTick_Handler         
00000343  T32_INT1_IRQHandler     
00000345  T32_INT2_IRQHandler     
00000347  T32_INTC_IRQHandler     
00000321  TA0_0_IRQHandler        
00000323  TA0_N_IRQHandler        
00000325  TA1_0_IRQHandler        
00000327  TA1_N_IRQHandler        
00000329  TA2_0_IRQHandler        
0000032b  TA2_N_IRQHandler        
0000032d  TA3_0_IRQHandler        
0000032f  TA3_N_IRQHandler        
4000480c  WDTCTL_SYM              
00000317  WDT_A_IRQHandler        
00000381  WaitForInterrupt        
20010000  __STACK_END             
00000000  __STACK_SIZE            
UNDEFED   __TI_CINIT_Base         
UNDEFED   __TI_CINIT_Limit        
UNDEFED   __TI_Handler_Table_Base 
UNDEFED   __TI_Handler_Table_Limit
00000389  __TI_auto_init          
20000008  __TI_cleanup_ptr        
2000000c  __TI_dtors_ptr          
00000000  __TI_static_base__      
0000024f  __aeabi_memcpy          
0000024f  __aeabi_memcpy4         
0000024f  __aeabi_memcpy8         
ffffffff  __binit__               
ffffffff  __c_args__              
20010000  __stack                 
000004d5  _args_main              
000003f5  _c_int00                
20000000  _lock                   
000004fb  _nop                    
000004f3  _register_lock          
000004ed  _register_unlock        
00000501  _system_pre_init        
20000004  _unlock                 
00000495  abort                   
ffffffff  binit                   
00000445  copy_in                 
0000049d  exit                    
00000000  interruptVectors        
0000017d  main                    
20000010  main_func_sp            
0000024f  memcpy                  


GLOBAL SYMBOLS: SORTED BY Symbol Address 

address   name                    
-------   ----                    
00000000  __STACK_SIZE            
00000000  __TI_static_base__      
00000000  interruptVectors        
0000017d  main                    
0000024f  __aeabi_memcpy          
0000024f  __aeabi_memcpy4         
0000024f  __aeabi_memcpy8         
0000024f  memcpy                  
00000309  SVC_Handler             
0000030b  DebugMon_Handler        
0000030d  PendSV_Handler          
0000030f  SysTick_Handler         
00000311  PSS_IRQHandler          
00000313  CS_IRQHandler           
00000315  PCM_IRQHandler          
00000317  WDT_A_IRQHandler        
00000319  FPU_IRQHandler          
0000031b  FLCTL_IRQHandler        
0000031d  COMP_E0_IRQHandler      
0000031f  COMP_E1_IRQHandler      
00000321  TA0_0_IRQHandler        
00000323  TA0_N_IRQHandler        
00000325  TA1_0_IRQHandler        
00000327  TA1_N_IRQHandler        
00000329  TA2_0_IRQHandler        
0000032b  TA2_N_IRQHandler        
0000032d  TA3_0_IRQHandler        
0000032f  TA3_N_IRQHandler        
00000331  EUSCIA0_IRQHandler      
00000333  EUSCIA1_IRQHandler      
00000335  EUSCIA2_IRQHandler      
00000337  EUSCIA3_IRQHandler      
00000339  EUSCIB0_IRQHandler      
0000033b  EUSCIB1_IRQHandler      
0000033d  EUSCIB2_IRQHandler      
0000033f  EUSCIB3_IRQHandler      
00000341  ADC14_IRQHandler        
00000343  T32_INT1_IRQHandler     
00000345  T32_INT2_IRQHandler     
00000347  T32_INTC_IRQHandler     
00000349  AES256_IRQHandler       
0000034b  RTC_C_IRQHandler        
0000034d  DMA_ERR_IRQHandler      
0000034f  DMA_INT3_IRQHandler     
00000351  DMA_INT2_IRQHandler     
00000353  DMA_INT1_IRQHandler     
00000355  DMA_INT0_IRQHandler     
00000357  PORT1_IRQHandler        
00000359  PORT2_IRQHandler        
0000035b  PORT3_IRQHandler        
0000035d  PORT4_IRQHandler        
0000035f  PORT5_IRQHandler        
00000361  PORT6_IRQHandler        
00000363  DisableInterrupts       
00000369  EnableInterrupts        
0000036f  StartCritical           
00000379  EndCritical             
00000381  WaitForInterrupt        
00000389  __TI_auto_init          
000003f5  _c_int00                
00000445  copy_in                 
00000491  C$$EXIT                 
00000495  abort                   
0000049d  exit                    
000004d5  _args_main              
000004ed  _register_unlock        
000004f3  _register_lock          
000004fb  _nop                    
00000501  _system_pre_init        
20000000  _lock                   
20000004  _unlock                 
20000008  __TI_cleanup_ptr        
2000000c  __TI_dtors_ptr          
20000010  main_func_sp            
20010000  __STACK_END             
20010000  __stack                 
4000480c  WDTCTL_SYM              
ffffffff  __binit__               
ffffffff  __c_args__              
ffffffff  binit                   
UNDEFED   SHT$$INIT_ARRAY$$Base   
UNDEFED   SHT$$INIT_ARRAY$$Limit  
UNDEFED   __TI_CINIT_Base         
UNDEFED   __TI_CINIT_Limit        
UNDEFED   __TI_Handler_Table_Base 
UNDEFED   __TI_Handler_Table_Limit

[86 symbols]
